2025-04-21 10:49:54-411 [main] INFO  c.y.u.s.a.UsersServiceApiApplication - Starting UsersServiceApiApplication using Java 17.0.12 with PID 12544 (C:\Users\mgarcsar\Documents\Bootcamp\etregables\Yanki\users-service-api\target\classes started by mgarcsar in C:\Users\mgarcsar\Documents\Bootcamp\etregables\Yanki) 
2025-04-21 10:49:54-414 [main] INFO  c.y.u.s.a.UsersServiceApiApplication - The following 1 profile is active: "local" 
2025-04-21 10:49:54-483 [main] INFO  o.s.c.c.c.ConfigServerConfigDataLoader - Fetching config from server at : http://localhost:8888 
2025-04-21 10:49:54-483 [main] INFO  o.s.c.c.c.ConfigServerConfigDataLoader - Located environment: name=users-service-api, profiles=[default], label=null, version=5948961345ff92c7a8feec89a952e9773d3de713, state= 
2025-04-21 10:49:54-484 [main] INFO  o.s.c.c.c.ConfigServerConfigDataLoader - Fetching config from server at : http://localhost:8888 
2025-04-21 10:49:54-484 [main] INFO  o.s.c.c.c.ConfigServerConfigDataLoader - Located environment: name=users-service-api, profiles=[local], label=null, version=5948961345ff92c7a8feec89a952e9773d3de713, state= 
2025-04-21 10:49:56-098 [main] INFO  o.s.d.r.c.RepositoryConfigurationDelegate - Bootstrapping Spring Data Reactive MongoDB repositories in DEFAULT mode. 
2025-04-21 10:49:56-120 [main] INFO  o.s.d.r.c.RepositoryConfigurationDelegate - Finished Spring Data repository scanning in 14 ms. Found 0 Reactive MongoDB repository interfaces. 
2025-04-21 10:49:56-322 [main] INFO  o.s.cloud.context.scope.GenericScope - BeanFactory id=cb40b277-2b44-3ee6-a6a9-8063d8f5330c 
2025-04-21 10:49:57-308 [main] INFO  o.s.v.b.OptionalValidatorFactoryBean - Failed to set up a Bean Validation provider: jakarta.validation.NoProviderFoundException: Unable to create a Configuration, because no Jakarta Bean Validation provider could be found. Add a provider like Hibernate Validator (RI) to your classpath. 
2025-04-21 10:49:58-555 [main] INFO  org.mongodb.driver.client - MongoClient with metadata {"driver": {"name": "mongo-java-driver|reactive-streams|spring-boot", "version": "5.2.1"}, "os": {"type": "Windows", "name": "Windows 10", "architecture": "amd64", "version": "10.0"}, "platform": "Java/Oracle Corporation/17.0.12+8-LTS-286"} created with settings MongoClientSettings{readPreference=primary, writeConcern=WriteConcern{w=null, wTimeout=null ms, journal=null}, retryWrites=true, retryReads=true, readConcern=ReadConcern{level=null}, credential=null, transportSettings=NettyTransportSettings{eventLoopGroup=io.netty.channel.nio.NioEventLoopGroup@6eb00cbe, socketChannelClass=null, allocator=null, sslContext=null}, commandListeners=[io.micrometer.core.instrument.binder.mongodb.MongoMetricsCommandListener@74e4be21], codecRegistry=ProvidersCodecRegistry{codecProviders=[ValueCodecProvider{}, BsonValueCodecProvider{}, DBRefCodecProvider{}, DBObjectCodecProvider{}, DocumentCodecProvider{}, CollectionCodecProvider{}, IterableCodecProvider{}, MapCodecProvider{}, GeoJsonCodecProvider{}, GridFSFileCodecProvider{}, Jsr310CodecProvider{}, JsonObjectCodecProvider{}, BsonCodecProvider{}, EnumCodecProvider{}, com.mongodb.client.model.mql.ExpressionCodecProvider@4d174189, com.mongodb.Jep395RecordCodecProvider@628bd77e, com.mongodb.KotlinCodecProvider@c30f26d]}, loggerSettings=LoggerSettings{maxDocumentLength=1000}, clusterSettings={hosts=[localhost:27017], srvServiceName=mongodb, mode=SINGLE, requiredClusterType=UNKNOWN, requiredReplicaSetName='null', serverSelector='null', clusterListeners='[]', serverSelectionTimeout='30000 ms', localThreshold='15 ms'}, socketSettings=SocketSettings{connectTimeoutMS=10000, readTimeoutMS=0, receiveBufferSize=0, proxySettings=ProxySettings{host=null, port=null, username=null, password=null}}, heartbeatSocketSettings=SocketSettings{connectTimeoutMS=10000, readTimeoutMS=10000, receiveBufferSize=0, proxySettings=ProxySettings{host=null, port=null, username=null, password=null}}, connectionPoolSettings=ConnectionPoolSettings{maxSize=100, minSize=0, maxWaitTimeMS=120000, maxConnectionLifeTimeMS=0, maxConnectionIdleTimeMS=0, maintenanceInitialDelayMS=0, maintenanceFrequencyMS=60000, connectionPoolListeners=[io.micrometer.core.instrument.binder.mongodb.MongoMetricsConnectionPoolListener@5d74507c], maxConnecting=2}, serverSettings=ServerSettings{heartbeatFrequencyMS=10000, minHeartbeatFrequencyMS=500, serverMonitoringMode=AUTO, serverListeners='[]', serverMonitorListeners='[]'}, sslSettings=SslSettings{enabled=false, invalidHostNameAllowed=false, context=null}, applicationName='null', compressorList=[], uuidRepresentation=JAVA_LEGACY, serverApi=null, autoEncryptionSettings=null, dnsClient=null, inetAddressResolver=null, contextProvider=null, timeoutMS=null} 
2025-04-21 10:49:58-723 [cluster-ClusterId{value='680669260fbe8d1ee7e39232', description='null'}-localhost:27017] INFO  org.mongodb.driver.cluster - Monitor thread successfully connected to server with description ServerDescription{address=localhost:27017, type=STANDALONE, cryptd=false, state=CONNECTED, ok=true, minWireVersion=0, maxWireVersion=25, maxDocumentSize=16777216, logicalSessionTimeoutMinutes=30, roundTripTimeNanos=70941100, minRoundTripTimeNanos=0} 
2025-04-21 10:49:59-264 [main] INFO  o.s.b.a.e.web.EndpointLinksResolver - Exposing 2 endpoints beneath base path '/actuator' 
2025-04-21 10:49:59-958 [main] INFO  o.s.c.n.e.c.DiscoveryClientOptionalArgsConfiguration - Eureka HTTP Client uses RestTemplate. 
2025-04-21 10:50:00-021 [main] WARN  o.s.c.l.c.LoadBalancerCacheAutoConfiguration$LoadBalancerCaffeineWarnLogger - Spring Cloud LoadBalancer is currently working with the default cache. While this cache implementation is useful for development and tests, it's recommended to use Caffeine cache in production.You can switch to using Caffeine cache, by adding it and org.springframework.cache.caffeine.CaffeineCacheManager to the classpath. 
2025-04-21 10:50:00-106 [main] INFO  o.s.c.n.eureka.InstanceInfoFactory - Setting initial instance status as: STARTING 
2025-04-21 10:50:00-146 [main] INFO  c.netflix.discovery.DiscoveryClient - Initializing Eureka in region us-east-1 
2025-04-21 10:50:00-154 [main] INFO  c.n.d.s.r.aws.ConfigClusterResolver - Resolving eureka endpoints via configuration 
2025-04-21 10:50:00-169 [main] INFO  c.netflix.discovery.DiscoveryClient - Disable delta property : false 
2025-04-21 10:50:00-169 [main] INFO  c.netflix.discovery.DiscoveryClient - Single vip registry refresh property : null 
2025-04-21 10:50:00-170 [main] INFO  c.netflix.discovery.DiscoveryClient - Force full registry fetch : false 
2025-04-21 10:50:00-170 [main] INFO  c.netflix.discovery.DiscoveryClient - Application is null : false 
2025-04-21 10:50:00-170 [main] INFO  c.netflix.discovery.DiscoveryClient - Registered Applications size is zero : true 
2025-04-21 10:50:00-171 [main] INFO  c.netflix.discovery.DiscoveryClient - Application version is -1: true 
2025-04-21 10:50:00-171 [main] INFO  c.netflix.discovery.DiscoveryClient - Getting all instance registry info from the eureka server 
2025-04-21 10:50:00-558 [main] INFO  c.netflix.discovery.DiscoveryClient - The response status is 200 
2025-04-21 10:50:00-561 [main] INFO  c.netflix.discovery.DiscoveryClient - Starting heartbeat executor: renew interval is: 30 
2025-04-21 10:50:00-563 [main] INFO  c.n.discovery.InstanceInfoReplicator - InstanceInfoReplicator onDemand update allowed rate per min is 4 
2025-04-21 10:50:00-565 [main] INFO  c.netflix.discovery.DiscoveryClient - Discovery Client initialized at timestamp 1745250600564 with initial instances count: 3 
2025-04-21 10:50:00-569 [main] INFO  o.s.c.n.e.s.EurekaServiceRegistry - Registering application USERS-SERVICE-API with eureka with status UP 
2025-04-21 10:50:00-570 [main] INFO  c.netflix.discovery.DiscoveryClient - Saw local status change event StatusChangeEvent [timestamp=1745250600570, current=UP, previous=STARTING] 
2025-04-21 10:50:00-572 [DiscoveryClient-InstanceInfoReplicator-%d] INFO  c.netflix.discovery.DiscoveryClient - DiscoveryClient_USERS-SERVICE-API/users-service-api:9191: registering service... 
2025-04-21 10:50:00-625 [DiscoveryClient-InstanceInfoReplicator-%d] INFO  c.netflix.discovery.DiscoveryClient - DiscoveryClient_USERS-SERVICE-API/users-service-api:9191 - registration status: 204 
2025-04-21 10:50:00-660 [main] INFO  o.s.b.w.e.netty.NettyWebServer - Netty started on port 9191 (http) 
2025-04-21 10:50:00-662 [main] INFO  o.s.c.n.e.s.EurekaAutoServiceRegistration - Updating port to 9191 
2025-04-21 10:50:01-014 [main] INFO  c.y.u.s.a.UsersServiceApiApplication - Started UsersServiceApiApplication in 9.999 seconds (process running for 12.649) 
2025-04-21 10:50:08-647 [SpringApplicationShutdownHook] INFO  o.s.c.n.e.s.EurekaServiceRegistry - Unregistering application USERS-SERVICE-API with eureka with status DOWN 
2025-04-21 10:50:08-648 [SpringApplicationShutdownHook] INFO  c.netflix.discovery.DiscoveryClient - Saw local status change event StatusChangeEvent [timestamp=1745250608648, current=DOWN, previous=UP] 
2025-04-21 10:50:08-648 [DiscoveryClient-InstanceInfoReplicator-%d] INFO  c.netflix.discovery.DiscoveryClient - DiscoveryClient_USERS-SERVICE-API/users-service-api:9191: registering service... 
2025-04-21 10:50:08-656 [SpringApplicationShutdownHook] INFO  o.s.b.w.e.netty.GracefulShutdown - Commencing graceful shutdown. Waiting for active requests to complete 
2025-04-21 10:50:08-662 [netty-shutdown] INFO  o.s.b.w.e.netty.GracefulShutdown - Graceful shutdown complete 
2025-04-21 10:50:08-671 [DiscoveryClient-InstanceInfoReplicator-%d] INFO  c.netflix.discovery.DiscoveryClient - DiscoveryClient_USERS-SERVICE-API/users-service-api:9191 - registration status: 204 
2025-04-21 14:22:51-670 [main] INFO  c.y.u.s.a.UsersServiceApiApplication - Starting UsersServiceApiApplication using Java 17.0.12 with PID 18940 (C:\Users\mgarcsar\Documents\Bootcamp\etregables\Yanki\users-service-api\target\classes started by mgarcsar in C:\Users\mgarcsar\Documents\Bootcamp\etregables\Yanki) 
2025-04-21 14:22:51-680 [main] INFO  c.y.u.s.a.UsersServiceApiApplication - The following 1 profile is active: "local" 
2025-04-21 14:22:51-742 [main] INFO  o.s.c.c.c.ConfigServerConfigDataLoader - Fetching config from server at : http://localhost:8888 
2025-04-21 14:22:51-742 [main] INFO  o.s.c.c.c.ConfigServerConfigDataLoader - Located environment: name=users-service-api, profiles=[default], label=null, version=5948961345ff92c7a8feec89a952e9773d3de713, state= 
2025-04-21 14:22:51-742 [main] INFO  o.s.c.c.c.ConfigServerConfigDataLoader - Fetching config from server at : http://localhost:8888 
2025-04-21 14:22:51-742 [main] INFO  o.s.c.c.c.ConfigServerConfigDataLoader - Located environment: name=users-service-api, profiles=[local], label=null, version=5948961345ff92c7a8feec89a952e9773d3de713, state= 
2025-04-21 14:22:52-874 [main] INFO  o.s.d.r.c.RepositoryConfigurationDelegate - Bootstrapping Spring Data Reactive MongoDB repositories in DEFAULT mode. 
2025-04-21 14:22:53-155 [main] INFO  o.s.d.r.c.RepositoryConfigurationDelegate - Finished Spring Data repository scanning in 274 ms. Found 1 Reactive MongoDB repository interface. 
2025-04-21 14:22:53-332 [main] INFO  o.s.cloud.context.scope.GenericScope - BeanFactory id=923e4949-6fc3-3118-a467-567e24865572 
2025-04-21 14:22:54-067 [main] INFO  org.mongodb.driver.client - MongoClient with metadata {"driver": {"name": "mongo-java-driver|reactive-streams|spring-boot", "version": "5.2.1"}, "os": {"type": "Windows", "name": "Windows 10", "architecture": "amd64", "version": "10.0"}, "platform": "Java/Oracle Corporation/17.0.12+8-LTS-286"} created with settings MongoClientSettings{readPreference=primary, writeConcern=WriteConcern{w=null, wTimeout=null ms, journal=null}, retryWrites=true, retryReads=true, readConcern=ReadConcern{level=null}, credential=null, transportSettings=NettyTransportSettings{eventLoopGroup=io.netty.channel.nio.NioEventLoopGroup@5a8b42a3, socketChannelClass=null, allocator=null, sslContext=null}, commandListeners=[io.micrometer.core.instrument.binder.mongodb.MongoMetricsCommandListener@11582db6], codecRegistry=ProvidersCodecRegistry{codecProviders=[ValueCodecProvider{}, BsonValueCodecProvider{}, DBRefCodecProvider{}, DBObjectCodecProvider{}, DocumentCodecProvider{}, CollectionCodecProvider{}, IterableCodecProvider{}, MapCodecProvider{}, GeoJsonCodecProvider{}, GridFSFileCodecProvider{}, Jsr310CodecProvider{}, JsonObjectCodecProvider{}, BsonCodecProvider{}, EnumCodecProvider{}, com.mongodb.client.model.mql.ExpressionCodecProvider@44106e25, com.mongodb.Jep395RecordCodecProvider@57a5b03, com.mongodb.KotlinCodecProvider@5649f55]}, loggerSettings=LoggerSettings{maxDocumentLength=1000}, clusterSettings={hosts=[localhost:27017], srvServiceName=mongodb, mode=SINGLE, requiredClusterType=UNKNOWN, requiredReplicaSetName='null', serverSelector='null', clusterListeners='[]', serverSelectionTimeout='30000 ms', localThreshold='15 ms'}, socketSettings=SocketSettings{connectTimeoutMS=10000, readTimeoutMS=0, receiveBufferSize=0, proxySettings=ProxySettings{host=null, port=null, username=null, password=null}}, heartbeatSocketSettings=SocketSettings{connectTimeoutMS=10000, readTimeoutMS=10000, receiveBufferSize=0, proxySettings=ProxySettings{host=null, port=null, username=null, password=null}}, connectionPoolSettings=ConnectionPoolSettings{maxSize=100, minSize=0, maxWaitTimeMS=120000, maxConnectionLifeTimeMS=0, maxConnectionIdleTimeMS=0, maintenanceInitialDelayMS=0, maintenanceFrequencyMS=60000, connectionPoolListeners=[io.micrometer.core.instrument.binder.mongodb.MongoMetricsConnectionPoolListener@558127d2], maxConnecting=2}, serverSettings=ServerSettings{heartbeatFrequencyMS=10000, minHeartbeatFrequencyMS=500, serverMonitoringMode=AUTO, serverListeners='[]', serverMonitorListeners='[]'}, sslSettings=SslSettings{enabled=false, invalidHostNameAllowed=false, context=null}, applicationName='null', compressorList=[], uuidRepresentation=JAVA_LEGACY, serverApi=null, autoEncryptionSettings=null, dnsClient=null, inetAddressResolver=null, contextProvider=null, timeoutMS=null} 
2025-04-21 14:22:54-215 [cluster-ClusterId{value='68069b0d995a8f0d7b724b8e', description='null'}-localhost:27017] INFO  org.mongodb.driver.cluster - Monitor thread successfully connected to server with description ServerDescription{address=localhost:27017, type=STANDALONE, cryptd=false, state=CONNECTED, ok=true, minWireVersion=0, maxWireVersion=25, maxDocumentSize=16777216, logicalSessionTimeoutMinutes=30, roundTripTimeNanos=60137300, minRoundTripTimeNanos=0} 
2025-04-21 14:22:54-982 [main] INFO  o.s.v.b.OptionalValidatorFactoryBean - Failed to set up a Bean Validation provider: jakarta.validation.NoProviderFoundException: Unable to create a Configuration, because no Jakarta Bean Validation provider could be found. Add a provider like Hibernate Validator (RI) to your classpath. 
2025-04-21 14:22:55-973 [main] INFO  o.s.b.a.e.web.EndpointLinksResolver - Exposing 2 endpoints beneath base path '/actuator' 
2025-04-21 14:22:56-516 [main] INFO  o.s.c.n.e.c.DiscoveryClientOptionalArgsConfiguration - Eureka HTTP Client uses RestTemplate. 
2025-04-21 14:22:56-583 [main] WARN  o.s.c.l.c.LoadBalancerCacheAutoConfiguration$LoadBalancerCaffeineWarnLogger - Spring Cloud LoadBalancer is currently working with the default cache. While this cache implementation is useful for development and tests, it's recommended to use Caffeine cache in production.You can switch to using Caffeine cache, by adding it and org.springframework.cache.caffeine.CaffeineCacheManager to the classpath. 
2025-04-21 14:22:56-662 [main] INFO  o.s.c.n.eureka.InstanceInfoFactory - Setting initial instance status as: STARTING 
2025-04-21 14:22:56-697 [main] INFO  c.netflix.discovery.DiscoveryClient - Initializing Eureka in region us-east-1 
2025-04-21 14:22:56-705 [main] INFO  c.n.d.s.r.aws.ConfigClusterResolver - Resolving eureka endpoints via configuration 
2025-04-21 14:22:56-719 [main] INFO  c.netflix.discovery.DiscoveryClient - Disable delta property : false 
2025-04-21 14:22:56-720 [main] INFO  c.netflix.discovery.DiscoveryClient - Single vip registry refresh property : null 
2025-04-21 14:22:56-720 [main] INFO  c.netflix.discovery.DiscoveryClient - Force full registry fetch : false 
2025-04-21 14:22:56-720 [main] INFO  c.netflix.discovery.DiscoveryClient - Application is null : false 
2025-04-21 14:22:56-720 [main] INFO  c.netflix.discovery.DiscoveryClient - Registered Applications size is zero : true 
2025-04-21 14:22:56-721 [main] INFO  c.netflix.discovery.DiscoveryClient - Application version is -1: true 
2025-04-21 14:22:56-721 [main] INFO  c.netflix.discovery.DiscoveryClient - Getting all instance registry info from the eureka server 
2025-04-21 14:22:57-081 [main] INFO  c.netflix.discovery.DiscoveryClient - The response status is 200 
2025-04-21 14:22:57-085 [main] INFO  c.netflix.discovery.DiscoveryClient - Starting heartbeat executor: renew interval is: 30 
2025-04-21 14:22:57-089 [main] INFO  c.n.discovery.InstanceInfoReplicator - InstanceInfoReplicator onDemand update allowed rate per min is 4 
2025-04-21 14:22:57-091 [main] INFO  c.netflix.discovery.DiscoveryClient - Discovery Client initialized at timestamp 1745263377090 with initial instances count: 4 
2025-04-21 14:22:57-094 [main] INFO  o.s.c.n.e.s.EurekaServiceRegistry - Registering application USERS-SERVICE-API with eureka with status UP 
2025-04-21 14:22:57-095 [main] INFO  c.netflix.discovery.DiscoveryClient - Saw local status change event StatusChangeEvent [timestamp=1745263377095, current=UP, previous=STARTING] 
2025-04-21 14:22:57-096 [DiscoveryClient-InstanceInfoReplicator-%d] INFO  c.netflix.discovery.DiscoveryClient - DiscoveryClient_USERS-SERVICE-API/users-service-api:9191: registering service... 
2025-04-21 14:22:57-153 [DiscoveryClient-InstanceInfoReplicator-%d] INFO  c.netflix.discovery.DiscoveryClient - DiscoveryClient_USERS-SERVICE-API/users-service-api:9191 - registration status: 204 
2025-04-21 14:22:57-174 [main] INFO  o.s.b.w.e.netty.NettyWebServer - Netty started on port 9191 (http) 
2025-04-21 14:22:57-176 [main] INFO  o.s.c.n.e.s.EurekaAutoServiceRegistration - Updating port to 9191 
2025-04-21 14:22:57-480 [main] INFO  c.y.u.s.a.UsersServiceApiApplication - Started UsersServiceApiApplication in 8.709 seconds (process running for 12.331) 
2025-04-21 14:23:11-036 [SpringApplicationShutdownHook] INFO  o.s.c.n.e.s.EurekaServiceRegistry - Unregistering application USERS-SERVICE-API with eureka with status DOWN 
2025-04-21 14:23:11-036 [SpringApplicationShutdownHook] INFO  c.netflix.discovery.DiscoveryClient - Saw local status change event StatusChangeEvent [timestamp=1745263391036, current=DOWN, previous=UP] 
2025-04-21 14:23:11-037 [DiscoveryClient-InstanceInfoReplicator-%d] INFO  c.netflix.discovery.DiscoveryClient - DiscoveryClient_USERS-SERVICE-API/users-service-api:9191: registering service... 
2025-04-21 14:23:11-041 [SpringApplicationShutdownHook] INFO  o.s.b.w.e.netty.GracefulShutdown - Commencing graceful shutdown. Waiting for active requests to complete 
2025-04-21 14:23:11-046 [netty-shutdown] INFO  o.s.b.w.e.netty.GracefulShutdown - Graceful shutdown complete 
2025-04-21 14:23:11-051 [DiscoveryClient-InstanceInfoReplicator-%d] INFO  c.netflix.discovery.DiscoveryClient - DiscoveryClient_USERS-SERVICE-API/users-service-api:9191 - registration status: 204 
2025-04-21 15:16:09-844 [main] INFO  c.y.w.s.a.WalletServiceApiApplication - Starting WalletServiceApiApplication using Java 17.0.12 with PID 21764 (C:\Users\mgarcsar\Documents\Bootcamp\etregables\Yanki\wallet-service-api\target\classes started by mgarcsar in C:\Users\mgarcsar\Documents\Bootcamp\etregables\Yanki) 
2025-04-21 15:16:09-847 [main] INFO  c.y.w.s.a.WalletServiceApiApplication - The following 1 profile is active: "local" 
2025-04-21 15:16:09-884 [main] INFO  o.s.c.c.c.ConfigServerConfigDataLoader - Fetching config from server at : http://localhost:8888 
2025-04-21 15:16:09-884 [main] INFO  o.s.c.c.c.ConfigServerConfigDataLoader - Located environment: name=wallet-service-api, profiles=[default], label=null, version=5948961345ff92c7a8feec89a952e9773d3de713, state= 
2025-04-21 15:16:09-884 [main] INFO  o.s.c.c.c.ConfigServerConfigDataLoader - Fetching config from server at : http://localhost:8888 
2025-04-21 15:16:09-884 [main] INFO  o.s.c.c.c.ConfigServerConfigDataLoader - Located environment: name=wallet-service-api, profiles=[local], label=null, version=5948961345ff92c7a8feec89a952e9773d3de713, state= 
2025-04-21 15:16:10-944 [main] INFO  o.s.d.r.c.RepositoryConfigurationDelegate - Bootstrapping Spring Data Reactive MongoDB repositories in DEFAULT mode. 
2025-04-21 15:16:11-168 [main] INFO  o.s.d.r.c.RepositoryConfigurationDelegate - Finished Spring Data repository scanning in 214 ms. Found 1 Reactive MongoDB repository interface. 
2025-04-21 15:16:11-331 [main] INFO  o.s.cloud.context.scope.GenericScope - BeanFactory id=ed38ae4b-402b-37f0-a5ae-ae487ce654cd 
2025-04-21 15:16:12-283 [main] INFO  org.mongodb.driver.client - MongoClient with metadata {"driver": {"name": "mongo-java-driver|reactive-streams|spring-boot", "version": "5.2.1"}, "os": {"type": "Windows", "name": "Windows 10", "architecture": "amd64", "version": "10.0"}, "platform": "Java/Oracle Corporation/17.0.12+8-LTS-286"} created with settings MongoClientSettings{readPreference=primary, writeConcern=WriteConcern{w=null, wTimeout=null ms, journal=null}, retryWrites=true, retryReads=true, readConcern=ReadConcern{level=null}, credential=null, transportSettings=NettyTransportSettings{eventLoopGroup=io.netty.channel.nio.NioEventLoopGroup@12723c5d, socketChannelClass=null, allocator=null, sslContext=null}, commandListeners=[io.micrometer.core.instrument.binder.mongodb.MongoMetricsCommandListener@56a09a5c], codecRegistry=ProvidersCodecRegistry{codecProviders=[ValueCodecProvider{}, BsonValueCodecProvider{}, DBRefCodecProvider{}, DBObjectCodecProvider{}, DocumentCodecProvider{}, CollectionCodecProvider{}, IterableCodecProvider{}, MapCodecProvider{}, GeoJsonCodecProvider{}, GridFSFileCodecProvider{}, Jsr310CodecProvider{}, JsonObjectCodecProvider{}, BsonCodecProvider{}, EnumCodecProvider{}, com.mongodb.client.model.mql.ExpressionCodecProvider@775edae0, com.mongodb.Jep395RecordCodecProvider@26f480c6, com.mongodb.KotlinCodecProvider@2567c091]}, loggerSettings=LoggerSettings{maxDocumentLength=1000}, clusterSettings={hosts=[localhost:27017], srvServiceName=mongodb, mode=SINGLE, requiredClusterType=UNKNOWN, requiredReplicaSetName='null', serverSelector='null', clusterListeners='[]', serverSelectionTimeout='30000 ms', localThreshold='15 ms'}, socketSettings=SocketSettings{connectTimeoutMS=10000, readTimeoutMS=0, receiveBufferSize=0, proxySettings=ProxySettings{host=null, port=null, username=null, password=null}}, heartbeatSocketSettings=SocketSettings{connectTimeoutMS=10000, readTimeoutMS=10000, receiveBufferSize=0, proxySettings=ProxySettings{host=null, port=null, username=null, password=null}}, connectionPoolSettings=ConnectionPoolSettings{maxSize=100, minSize=0, maxWaitTimeMS=120000, maxConnectionLifeTimeMS=0, maxConnectionIdleTimeMS=0, maintenanceInitialDelayMS=0, maintenanceFrequencyMS=60000, connectionPoolListeners=[io.micrometer.core.instrument.binder.mongodb.MongoMetricsConnectionPoolListener@7747cc1b], maxConnecting=2}, serverSettings=ServerSettings{heartbeatFrequencyMS=10000, minHeartbeatFrequencyMS=500, serverMonitoringMode=AUTO, serverListeners='[]', serverMonitorListeners='[]'}, sslSettings=SslSettings{enabled=false, invalidHostNameAllowed=false, context=null}, applicationName='null', compressorList=[], uuidRepresentation=JAVA_LEGACY, serverApi=null, autoEncryptionSettings=null, dnsClient=null, inetAddressResolver=null, contextProvider=null, timeoutMS=null} 
2025-04-21 15:16:12-426 [cluster-ClusterId{value='6806a78c7cb93b07d402baf4', description='null'}-localhost:27017] INFO  org.mongodb.driver.cluster - Monitor thread successfully connected to server with description ServerDescription{address=localhost:27017, type=STANDALONE, cryptd=false, state=CONNECTED, ok=true, minWireVersion=0, maxWireVersion=25, maxDocumentSize=16777216, logicalSessionTimeoutMinutes=30, roundTripTimeNanos=65352200, minRoundTripTimeNanos=0} 
2025-04-21 15:16:13-242 [main] INFO  o.s.v.b.OptionalValidatorFactoryBean - Failed to set up a Bean Validation provider: jakarta.validation.NoProviderFoundException: Unable to create a Configuration, because no Jakarta Bean Validation provider could be found. Add a provider like Hibernate Validator (RI) to your classpath. 
2025-04-21 15:16:14-515 [main] INFO  o.s.b.a.e.web.EndpointLinksResolver - Exposing 2 endpoints beneath base path '/actuator' 
2025-04-21 15:16:15-634 [main] INFO  o.s.c.n.e.c.DiscoveryClientOptionalArgsConfiguration - Eureka HTTP Client uses RestTemplate. 
2025-04-21 15:16:15-690 [main] WARN  o.s.c.l.c.LoadBalancerCacheAutoConfiguration$LoadBalancerCaffeineWarnLogger - Spring Cloud LoadBalancer is currently working with the default cache. While this cache implementation is useful for development and tests, it's recommended to use Caffeine cache in production.You can switch to using Caffeine cache, by adding it and org.springframework.cache.caffeine.CaffeineCacheManager to the classpath. 
2025-04-21 15:16:15-789 [main] INFO  o.s.c.n.eureka.InstanceInfoFactory - Setting initial instance status as: STARTING 
2025-04-21 15:16:15-819 [main] INFO  c.netflix.discovery.DiscoveryClient - Initializing Eureka in region us-east-1 
2025-04-21 15:16:15-826 [main] INFO  c.n.d.s.r.aws.ConfigClusterResolver - Resolving eureka endpoints via configuration 
2025-04-21 15:16:15-838 [main] INFO  c.netflix.discovery.DiscoveryClient - Disable delta property : false 
2025-04-21 15:16:15-839 [main] INFO  c.netflix.discovery.DiscoveryClient - Single vip registry refresh property : null 
2025-04-21 15:16:15-839 [main] INFO  c.netflix.discovery.DiscoveryClient - Force full registry fetch : false 
2025-04-21 15:16:15-839 [main] INFO  c.netflix.discovery.DiscoveryClient - Application is null : false 
2025-04-21 15:16:15-839 [main] INFO  c.netflix.discovery.DiscoveryClient - Registered Applications size is zero : true 
2025-04-21 15:16:15-839 [main] INFO  c.netflix.discovery.DiscoveryClient - Application version is -1: true 
2025-04-21 15:16:15-840 [main] INFO  c.netflix.discovery.DiscoveryClient - Getting all instance registry info from the eureka server 
2025-04-21 15:16:16-227 [main] INFO  c.netflix.discovery.DiscoveryClient - The response status is 200 
2025-04-21 15:16:16-229 [main] INFO  c.netflix.discovery.DiscoveryClient - Starting heartbeat executor: renew interval is: 30 
2025-04-21 15:16:16-231 [main] INFO  c.n.discovery.InstanceInfoReplicator - InstanceInfoReplicator onDemand update allowed rate per min is 4 
2025-04-21 15:16:16-233 [main] INFO  c.netflix.discovery.DiscoveryClient - Discovery Client initialized at timestamp 1745266576233 with initial instances count: 3 
2025-04-21 15:16:16-236 [main] INFO  o.s.c.n.e.s.EurekaServiceRegistry - Registering application WALLET-SERVICE-API with eureka with status UP 
2025-04-21 15:16:16-237 [main] INFO  c.netflix.discovery.DiscoveryClient - Saw local status change event StatusChangeEvent [timestamp=1745266576237, current=UP, previous=STARTING] 
2025-04-21 15:16:16-239 [DiscoveryClient-InstanceInfoReplicator-%d] INFO  c.netflix.discovery.DiscoveryClient - DiscoveryClient_WALLET-SERVICE-API/wallet-service-api:9292: registering service... 
2025-04-21 15:16:16-297 [DiscoveryClient-InstanceInfoReplicator-%d] INFO  c.netflix.discovery.DiscoveryClient - DiscoveryClient_WALLET-SERVICE-API/wallet-service-api:9292 - registration status: 204 
2025-04-21 15:16:16-327 [main] INFO  o.s.b.w.e.netty.NettyWebServer - Netty started on port 9292 (http) 
2025-04-21 15:16:16-329 [main] INFO  o.s.c.n.e.s.EurekaAutoServiceRegistration - Updating port to 9292 
2025-04-21 15:16:16-815 [main] INFO  c.y.w.s.a.WalletServiceApiApplication - Started WalletServiceApiApplication in 11.962 seconds (process running for 13.522) 
2025-04-21 15:17:59-341 [reactor-http-nio-3] INFO  c.y.w.s.a.service.WalletServiceImpl - Subscribed to yanki wallet request 
2025-04-21 15:17:59-366 [reactor-http-nio-3] INFO  c.y.w.s.a.service.WalletServiceImpl - Subscribed to yanki wallet respose 
2025-04-21 15:17:59-415 [nioEventLoopGroup-3-3] INFO  c.y.w.s.a.service.WalletServiceImpl - Created yanki wallet respose 
2025-04-21 15:20:54-681 [SpringApplicationShutdownHook] INFO  o.s.c.n.e.s.EurekaServiceRegistry - Unregistering application WALLET-SERVICE-API with eureka with status DOWN 
2025-04-21 15:20:54-681 [SpringApplicationShutdownHook] INFO  c.netflix.discovery.DiscoveryClient - Saw local status change event StatusChangeEvent [timestamp=1745266854681, current=DOWN, previous=UP] 
2025-04-21 15:20:54-681 [DiscoveryClient-InstanceInfoReplicator-%d] INFO  c.netflix.discovery.DiscoveryClient - DiscoveryClient_WALLET-SERVICE-API/wallet-service-api:9292: registering service... 
2025-04-21 15:20:54-685 [SpringApplicationShutdownHook] INFO  o.s.b.w.e.netty.GracefulShutdown - Commencing graceful shutdown. Waiting for active requests to complete 
2025-04-21 15:20:54-688 [netty-shutdown] INFO  o.s.b.w.e.netty.GracefulShutdown - Graceful shutdown complete 
2025-04-21 15:20:54-702 [DiscoveryClient-InstanceInfoReplicator-%d] INFO  c.netflix.discovery.DiscoveryClient - DiscoveryClient_WALLET-SERVICE-API/wallet-service-api:9292 - registration status: 204 
2025-04-21 15:21:16-222 [main] INFO  c.y.m.s.a.MovementsServiceApiApplication - Starting MovementsServiceApiApplication using Java 17.0.12 with PID 21732 (C:\Users\mgarcsar\Documents\Bootcamp\etregables\Yanki\movements-service-api\target\classes started by mgarcsar in C:\Users\mgarcsar\Documents\Bootcamp\etregables\Yanki) 
2025-04-21 15:21:16-224 [main] INFO  c.y.m.s.a.MovementsServiceApiApplication - The following 1 profile is active: "local" 
2025-04-21 15:21:16-252 [main] INFO  o.s.c.c.c.ConfigServerConfigDataLoader - Fetching config from server at : http://localhost:8888 
2025-04-21 15:21:16-252 [main] INFO  o.s.c.c.c.ConfigServerConfigDataLoader - Located environment: name=movements-service-api, profiles=[default], label=null, version=5948961345ff92c7a8feec89a952e9773d3de713, state= 
2025-04-21 15:21:16-252 [main] INFO  o.s.c.c.c.ConfigServerConfigDataLoader - Fetching config from server at : http://localhost:8888 
2025-04-21 15:21:16-252 [main] INFO  o.s.c.c.c.ConfigServerConfigDataLoader - Located environment: name=movements-service-api, profiles=[local], label=null, version=5948961345ff92c7a8feec89a952e9773d3de713, state= 
2025-04-21 15:21:17-247 [main] INFO  o.s.d.r.c.RepositoryConfigurationDelegate - Bootstrapping Spring Data Reactive MongoDB repositories in DEFAULT mode. 
2025-04-21 15:21:17-270 [main] INFO  o.s.d.r.c.RepositoryConfigurationDelegate - Finished Spring Data repository scanning in 17 ms. Found 0 Reactive MongoDB repository interfaces. 
2025-04-21 15:21:17-413 [main] INFO  o.s.cloud.context.scope.GenericScope - BeanFactory id=4d47d86e-7d07-3e73-8326-7cdeeafdbecd 
2025-04-21 15:21:18-039 [main] INFO  o.s.v.b.OptionalValidatorFactoryBean - Failed to set up a Bean Validation provider: jakarta.validation.NoProviderFoundException: Unable to create a Configuration, because no Jakarta Bean Validation provider could be found. Add a provider like Hibernate Validator (RI) to your classpath. 
2025-04-21 15:21:19-176 [main] INFO  org.mongodb.driver.client - MongoClient with metadata {"driver": {"name": "mongo-java-driver|reactive-streams|spring-boot", "version": "5.2.1"}, "os": {"type": "Windows", "name": "Windows 10", "architecture": "amd64", "version": "10.0"}, "platform": "Java/Oracle Corporation/17.0.12+8-LTS-286"} created with settings MongoClientSettings{readPreference=primary, writeConcern=WriteConcern{w=null, wTimeout=null ms, journal=null}, retryWrites=true, retryReads=true, readConcern=ReadConcern{level=null}, credential=null, transportSettings=NettyTransportSettings{eventLoopGroup=io.netty.channel.nio.NioEventLoopGroup@6796a873, socketChannelClass=null, allocator=null, sslContext=null}, commandListeners=[io.micrometer.core.instrument.binder.mongodb.MongoMetricsCommandListener@3acc3ee], codecRegistry=ProvidersCodecRegistry{codecProviders=[ValueCodecProvider{}, BsonValueCodecProvider{}, DBRefCodecProvider{}, DBObjectCodecProvider{}, DocumentCodecProvider{}, CollectionCodecProvider{}, IterableCodecProvider{}, MapCodecProvider{}, GeoJsonCodecProvider{}, GridFSFileCodecProvider{}, Jsr310CodecProvider{}, JsonObjectCodecProvider{}, BsonCodecProvider{}, EnumCodecProvider{}, com.mongodb.client.model.mql.ExpressionCodecProvider@1f293cb7, com.mongodb.Jep395RecordCodecProvider@5972e3a, com.mongodb.KotlinCodecProvider@5790cbcb]}, loggerSettings=LoggerSettings{maxDocumentLength=1000}, clusterSettings={hosts=[localhost:27017], srvServiceName=mongodb, mode=SINGLE, requiredClusterType=UNKNOWN, requiredReplicaSetName='null', serverSelector='null', clusterListeners='[]', serverSelectionTimeout='30000 ms', localThreshold='15 ms'}, socketSettings=SocketSettings{connectTimeoutMS=10000, readTimeoutMS=0, receiveBufferSize=0, proxySettings=ProxySettings{host=null, port=null, username=null, password=null}}, heartbeatSocketSettings=SocketSettings{connectTimeoutMS=10000, readTimeoutMS=10000, receiveBufferSize=0, proxySettings=ProxySettings{host=null, port=null, username=null, password=null}}, connectionPoolSettings=ConnectionPoolSettings{maxSize=100, minSize=0, maxWaitTimeMS=120000, maxConnectionLifeTimeMS=0, maxConnectionIdleTimeMS=0, maintenanceInitialDelayMS=0, maintenanceFrequencyMS=60000, connectionPoolListeners=[io.micrometer.core.instrument.binder.mongodb.MongoMetricsConnectionPoolListener@32c6d164], maxConnecting=2}, serverSettings=ServerSettings{heartbeatFrequencyMS=10000, minHeartbeatFrequencyMS=500, serverMonitoringMode=AUTO, serverListeners='[]', serverMonitorListeners='[]'}, sslSettings=SslSettings{enabled=false, invalidHostNameAllowed=false, context=null}, applicationName='null', compressorList=[], uuidRepresentation=JAVA_LEGACY, serverApi=null, autoEncryptionSettings=null, dnsClient=null, inetAddressResolver=null, contextProvider=null, timeoutMS=null} 
2025-04-21 15:21:19-305 [cluster-ClusterId{value='6806a8bf59438433aa9eb401', description='null'}-localhost:27017] INFO  org.mongodb.driver.cluster - Monitor thread successfully connected to server with description ServerDescription{address=localhost:27017, type=STANDALONE, cryptd=false, state=CONNECTED, ok=true, minWireVersion=0, maxWireVersion=25, maxDocumentSize=16777216, logicalSessionTimeoutMinutes=30, roundTripTimeNanos=64601700, minRoundTripTimeNanos=0} 
2025-04-21 15:21:19-613 [main] INFO  o.s.b.a.e.web.EndpointLinksResolver - Exposing 2 endpoints beneath base path '/actuator' 
2025-04-21 15:21:20-274 [main] INFO  o.s.c.n.e.c.DiscoveryClientOptionalArgsConfiguration - Eureka HTTP Client uses RestTemplate. 
2025-04-21 15:21:20-314 [main] WARN  o.s.c.l.c.LoadBalancerCacheAutoConfiguration$LoadBalancerCaffeineWarnLogger - Spring Cloud LoadBalancer is currently working with the default cache. While this cache implementation is useful for development and tests, it's recommended to use Caffeine cache in production.You can switch to using Caffeine cache, by adding it and org.springframework.cache.caffeine.CaffeineCacheManager to the classpath. 
2025-04-21 15:21:20-388 [main] INFO  o.s.c.n.eureka.InstanceInfoFactory - Setting initial instance status as: STARTING 
2025-04-21 15:21:20-411 [main] INFO  c.netflix.discovery.DiscoveryClient - Initializing Eureka in region us-east-1 
2025-04-21 15:21:20-417 [main] INFO  c.n.d.s.r.aws.ConfigClusterResolver - Resolving eureka endpoints via configuration 
2025-04-21 15:21:20-426 [main] INFO  c.netflix.discovery.DiscoveryClient - Disable delta property : false 
2025-04-21 15:21:20-427 [main] INFO  c.netflix.discovery.DiscoveryClient - Single vip registry refresh property : null 
2025-04-21 15:21:20-427 [main] INFO  c.netflix.discovery.DiscoveryClient - Force full registry fetch : false 
2025-04-21 15:21:20-427 [main] INFO  c.netflix.discovery.DiscoveryClient - Application is null : false 
2025-04-21 15:21:20-427 [main] INFO  c.netflix.discovery.DiscoveryClient - Registered Applications size is zero : true 
2025-04-21 15:21:20-427 [main] INFO  c.netflix.discovery.DiscoveryClient - Application version is -1: true 
2025-04-21 15:21:20-428 [main] INFO  c.netflix.discovery.DiscoveryClient - Getting all instance registry info from the eureka server 
2025-04-21 15:21:20-742 [main] INFO  c.netflix.discovery.DiscoveryClient - The response status is 200 
2025-04-21 15:21:20-745 [main] INFO  c.netflix.discovery.DiscoveryClient - Starting heartbeat executor: renew interval is: 30 
2025-04-21 15:21:20-749 [main] INFO  c.n.discovery.InstanceInfoReplicator - InstanceInfoReplicator onDemand update allowed rate per min is 4 
2025-04-21 15:21:20-750 [main] INFO  c.netflix.discovery.DiscoveryClient - Discovery Client initialized at timestamp 1745266880750 with initial instances count: 4 
2025-04-21 15:21:20-755 [main] INFO  o.s.c.n.e.s.EurekaServiceRegistry - Registering application MOVEMENTS-SERVICE-API with eureka with status UP 
2025-04-21 15:21:20-756 [main] INFO  c.netflix.discovery.DiscoveryClient - Saw local status change event StatusChangeEvent [timestamp=1745266880756, current=UP, previous=STARTING] 
2025-04-21 15:21:20-759 [DiscoveryClient-InstanceInfoReplicator-%d] INFO  c.netflix.discovery.DiscoveryClient - DiscoveryClient_MOVEMENTS-SERVICE-API/movements-service-api:9393: registering service... 
2025-04-21 15:21:20-814 [DiscoveryClient-InstanceInfoReplicator-%d] INFO  c.netflix.discovery.DiscoveryClient - DiscoveryClient_MOVEMENTS-SERVICE-API/movements-service-api:9393 - registration status: 204 
2025-04-21 15:21:20-826 [main] INFO  o.s.b.w.e.netty.NettyWebServer - Netty started on port 9393 (http) 
2025-04-21 15:21:20-827 [main] INFO  o.s.c.n.e.s.EurekaAutoServiceRegistration - Updating port to 9393 
2025-04-21 15:21:21-140 [main] INFO  c.y.m.s.a.MovementsServiceApiApplication - Started MovementsServiceApiApplication in 9.655 seconds (process running for 13.401) 
2025-04-21 15:26:20-438 [AsyncResolver-bootstrap-executor-%d] INFO  c.n.d.s.r.aws.ConfigClusterResolver - Resolving eureka endpoints via configuration 
2025-04-21 15:31:20-448 [AsyncResolver-bootstrap-executor-%d] INFO  c.n.d.s.r.aws.ConfigClusterResolver - Resolving eureka endpoints via configuration 
2025-04-21 15:36:20-452 [AsyncResolver-bootstrap-executor-%d] INFO  c.n.d.s.r.aws.ConfigClusterResolver - Resolving eureka endpoints via configuration 
2025-04-21 15:41:20-463 [AsyncResolver-bootstrap-executor-%d] INFO  c.n.d.s.r.aws.ConfigClusterResolver - Resolving eureka endpoints via configuration 
2025-04-21 15:46:20-467 [AsyncResolver-bootstrap-executor-%d] INFO  c.n.d.s.r.aws.ConfigClusterResolver - Resolving eureka endpoints via configuration 
2025-04-21 15:49:52-280 [DiscoveryClient-HeartbeatExecutor-%d] INFO  c.netflix.discovery.DiscoveryClient - DiscoveryClient_MOVEMENTS-SERVICE-API/movements-service-api:9393 - Re-registering apps/MOVEMENTS-SERVICE-API 
2025-04-21 15:49:52-281 [DiscoveryClient-HeartbeatExecutor-%d] INFO  c.netflix.discovery.DiscoveryClient - DiscoveryClient_MOVEMENTS-SERVICE-API/movements-service-api:9393: registering service... 
2025-04-21 15:49:52-286 [DiscoveryClient-HeartbeatExecutor-%d] INFO  c.netflix.discovery.DiscoveryClient - DiscoveryClient_MOVEMENTS-SERVICE-API/movements-service-api:9393 - registration status: 204 
2025-04-21 15:51:20-478 [AsyncResolver-bootstrap-executor-%d] INFO  c.n.d.s.r.aws.ConfigClusterResolver - Resolving eureka endpoints via configuration 
2025-04-21 15:51:52-953 [SpringApplicationShutdownHook] INFO  o.s.c.n.e.s.EurekaServiceRegistry - Unregistering application MOVEMENTS-SERVICE-API with eureka with status DOWN 
2025-04-21 15:51:52-954 [SpringApplicationShutdownHook] INFO  c.netflix.discovery.DiscoveryClient - Saw local status change event StatusChangeEvent [timestamp=1745268712954, current=DOWN, previous=UP] 
2025-04-21 15:51:52-954 [DiscoveryClient-InstanceInfoReplicator-%d] INFO  c.netflix.discovery.DiscoveryClient - DiscoveryClient_MOVEMENTS-SERVICE-API/movements-service-api:9393: registering service... 
2025-04-21 15:51:52-957 [SpringApplicationShutdownHook] INFO  o.s.b.w.e.netty.GracefulShutdown - Commencing graceful shutdown. Waiting for active requests to complete 
2025-04-21 15:51:52-958 [DiscoveryClient-InstanceInfoReplicator-%d] INFO  c.netflix.discovery.DiscoveryClient - DiscoveryClient_MOVEMENTS-SERVICE-API/movements-service-api:9393 - registration status: 204 
2025-04-21 15:51:52-962 [netty-shutdown] INFO  o.s.b.w.e.netty.GracefulShutdown - Graceful shutdown complete 
2025-04-21 15:57:55-868 [main] INFO  c.y.service.YankiServiceApplication - Starting YankiServiceApplication using Java 17.0.12 with PID 8036 (C:\Users\mgarcsar\Documents\Bootcamp\etregables\Yanki\yanki-service\target\classes started by mgarcsar in C:\Users\mgarcsar\Documents\Bootcamp\etregables\Yanki) 
2025-04-21 15:57:55-869 [main] INFO  c.y.service.YankiServiceApplication - The following 1 profile is active: "local" 
2025-04-21 15:57:55-918 [main] INFO  o.s.c.c.c.ConfigServerConfigDataLoader - Fetching config from server at : http://localhost:8888 
2025-04-21 15:57:55-919 [main] INFO  o.s.c.c.c.ConfigServerConfigDataLoader - Located environment: name=yanki-service, profiles=[default], label=null, version=5948961345ff92c7a8feec89a952e9773d3de713, state= 
2025-04-21 15:57:55-919 [main] INFO  o.s.c.c.c.ConfigServerConfigDataLoader - Fetching config from server at : http://localhost:8888 
2025-04-21 15:57:55-919 [main] INFO  o.s.c.c.c.ConfigServerConfigDataLoader - Located environment: name=yanki-service, profiles=[local], label=null, version=5948961345ff92c7a8feec89a952e9773d3de713, state= 
2025-04-21 15:57:56-897 [main] INFO  o.s.cloud.context.scope.GenericScope - BeanFactory id=a8ff1c06-2793-375f-a155-f23561cf7e17 
2025-04-21 15:57:57-539 [main] INFO  o.s.v.b.OptionalValidatorFactoryBean - Failed to set up a Bean Validation provider: jakarta.validation.NoProviderFoundException: Unable to create a Configuration, because no Jakarta Bean Validation provider could be found. Add a provider like Hibernate Validator (RI) to your classpath. 
2025-04-21 15:57:58-589 [main] INFO  o.s.b.a.e.web.EndpointLinksResolver - Exposing 2 endpoints beneath base path '/actuator' 
2025-04-21 15:57:59-272 [main] INFO  org.mongodb.driver.client - MongoClient with metadata {"driver": {"name": "mongo-java-driver|reactive-streams|spring-boot", "version": "5.2.1"}, "os": {"type": "Windows", "name": "Windows 10", "architecture": "amd64", "version": "10.0"}, "platform": "Java/Oracle Corporation/17.0.12+8-LTS-286"} created with settings MongoClientSettings{readPreference=primary, writeConcern=WriteConcern{w=null, wTimeout=null ms, journal=null}, retryWrites=true, retryReads=true, readConcern=ReadConcern{level=null}, credential=null, transportSettings=NettyTransportSettings{eventLoopGroup=io.netty.channel.nio.NioEventLoopGroup@4bc41565, socketChannelClass=null, allocator=null, sslContext=null}, commandListeners=[io.micrometer.core.instrument.binder.mongodb.MongoMetricsCommandListener@8dedec8], codecRegistry=ProvidersCodecRegistry{codecProviders=[ValueCodecProvider{}, BsonValueCodecProvider{}, DBRefCodecProvider{}, DBObjectCodecProvider{}, DocumentCodecProvider{}, CollectionCodecProvider{}, IterableCodecProvider{}, MapCodecProvider{}, GeoJsonCodecProvider{}, GridFSFileCodecProvider{}, Jsr310CodecProvider{}, JsonObjectCodecProvider{}, BsonCodecProvider{}, EnumCodecProvider{}, com.mongodb.client.model.mql.ExpressionCodecProvider@226e95e9, com.mongodb.Jep395RecordCodecProvider@27bf574b, com.mongodb.KotlinCodecProvider@4cbb11e4]}, loggerSettings=LoggerSettings{maxDocumentLength=1000}, clusterSettings={hosts=[localhost:27017], srvServiceName=mongodb, mode=SINGLE, requiredClusterType=UNKNOWN, requiredReplicaSetName='null', serverSelector='null', clusterListeners='[]', serverSelectionTimeout='30000 ms', localThreshold='15 ms'}, socketSettings=SocketSettings{connectTimeoutMS=10000, readTimeoutMS=0, receiveBufferSize=0, proxySettings=ProxySettings{host=null, port=null, username=null, password=null}}, heartbeatSocketSettings=SocketSettings{connectTimeoutMS=10000, readTimeoutMS=10000, receiveBufferSize=0, proxySettings=ProxySettings{host=null, port=null, username=null, password=null}}, connectionPoolSettings=ConnectionPoolSettings{maxSize=100, minSize=0, maxWaitTimeMS=120000, maxConnectionLifeTimeMS=0, maxConnectionIdleTimeMS=0, maintenanceInitialDelayMS=0, maintenanceFrequencyMS=60000, connectionPoolListeners=[io.micrometer.core.instrument.binder.mongodb.MongoMetricsConnectionPoolListener@326dbe25], maxConnecting=2}, serverSettings=ServerSettings{heartbeatFrequencyMS=10000, minHeartbeatFrequencyMS=500, serverMonitoringMode=AUTO, serverListeners='[]', serverMonitorListeners='[]'}, sslSettings=SslSettings{enabled=false, invalidHostNameAllowed=false, context=null}, applicationName='null', compressorList=[], uuidRepresentation=JAVA_LEGACY, serverApi=null, autoEncryptionSettings=null, dnsClient=null, inetAddressResolver=null, contextProvider=null, timeoutMS=null} 
2025-04-21 15:57:59-389 [cluster-ClusterId{value='6806b157a14bea6b12478268', description='null'}-localhost:27017] INFO  org.mongodb.driver.cluster - Monitor thread successfully connected to server with description ServerDescription{address=localhost:27017, type=STANDALONE, cryptd=false, state=CONNECTED, ok=true, minWireVersion=0, maxWireVersion=25, maxDocumentSize=16777216, logicalSessionTimeoutMinutes=30, roundTripTimeNanos=46357500, minRoundTripTimeNanos=0} 
2025-04-21 15:57:59-488 [main] INFO  o.s.c.n.e.c.DiscoveryClientOptionalArgsConfiguration - Eureka HTTP Client uses RestTemplate. 
2025-04-21 15:57:59-530 [main] WARN  o.s.c.l.c.LoadBalancerCacheAutoConfiguration$LoadBalancerCaffeineWarnLogger - Spring Cloud LoadBalancer is currently working with the default cache. While this cache implementation is useful for development and tests, it's recommended to use Caffeine cache in production.You can switch to using Caffeine cache, by adding it and org.springframework.cache.caffeine.CaffeineCacheManager to the classpath. 
2025-04-21 15:57:59-589 [main] INFO  o.s.c.n.eureka.InstanceInfoFactory - Setting initial instance status as: STARTING 
2025-04-21 15:57:59-608 [main] INFO  c.netflix.discovery.DiscoveryClient - Initializing Eureka in region us-east-1 
2025-04-21 15:57:59-613 [main] INFO  c.n.d.s.r.aws.ConfigClusterResolver - Resolving eureka endpoints via configuration 
2025-04-21 15:57:59-624 [main] INFO  c.netflix.discovery.DiscoveryClient - Disable delta property : false 
2025-04-21 15:57:59-624 [main] INFO  c.netflix.discovery.DiscoveryClient - Single vip registry refresh property : null 
2025-04-21 15:57:59-624 [main] INFO  c.netflix.discovery.DiscoveryClient - Force full registry fetch : false 
2025-04-21 15:57:59-624 [main] INFO  c.netflix.discovery.DiscoveryClient - Application is null : false 
2025-04-21 15:57:59-624 [main] INFO  c.netflix.discovery.DiscoveryClient - Registered Applications size is zero : true 
2025-04-21 15:57:59-624 [main] INFO  c.netflix.discovery.DiscoveryClient - Application version is -1: true 
2025-04-21 15:57:59-624 [main] INFO  c.netflix.discovery.DiscoveryClient - Getting all instance registry info from the eureka server 
2025-04-21 15:57:59-878 [main] INFO  c.netflix.discovery.DiscoveryClient - The response status is 200 
2025-04-21 15:57:59-880 [main] INFO  c.netflix.discovery.DiscoveryClient - Starting heartbeat executor: renew interval is: 30 
2025-04-21 15:57:59-883 [main] INFO  c.n.discovery.InstanceInfoReplicator - InstanceInfoReplicator onDemand update allowed rate per min is 4 
2025-04-21 15:57:59-884 [main] INFO  c.netflix.discovery.DiscoveryClient - Discovery Client initialized at timestamp 1745269079884 with initial instances count: 3 
2025-04-21 15:57:59-887 [main] INFO  o.s.c.n.e.s.EurekaServiceRegistry - Registering application YANKI-SERVICE with eureka with status UP 
2025-04-21 15:57:59-888 [main] INFO  c.netflix.discovery.DiscoveryClient - Saw local status change event StatusChangeEvent [timestamp=1745269079888, current=UP, previous=STARTING] 
2025-04-21 15:57:59-889 [DiscoveryClient-InstanceInfoReplicator-%d] INFO  c.netflix.discovery.DiscoveryClient - DiscoveryClient_YANKI-SERVICE/yanki-service:9494: registering service... 
2025-04-21 15:57:59-937 [DiscoveryClient-InstanceInfoReplicator-%d] INFO  c.netflix.discovery.DiscoveryClient - DiscoveryClient_YANKI-SERVICE/yanki-service:9494 - registration status: 204 
2025-04-21 15:57:59-950 [main] INFO  o.s.b.w.e.netty.NettyWebServer - Netty started on port 9494 (http) 
2025-04-21 15:57:59-953 [main] INFO  o.s.c.n.e.s.EurekaAutoServiceRegistration - Updating port to 9494 
2025-04-21 15:58:00-248 [main] INFO  c.y.service.YankiServiceApplication - Started YankiServiceApplication in 8.405 seconds (process running for 10.977) 
