2025-04-21 14:37:33-551 [main] INFO  o.s.t.c.s.AnnotationConfigContextLoaderUtils - Could not detect default configuration classes for test class [com.yanki.wallet.service.api.WalletServiceApiApplicationTests]: WalletServiceApiApplicationTests does not declare any static, non-private, non-final, nested classes annotated with @Configuration. 
2025-04-21 14:37:33-839 [main] INFO  o.s.b.t.c.SpringBootTestContextBootstrapper - Found @SpringBootConfiguration com.yanki.wallet.service.api.WalletServiceApiApplication for test class com.yanki.wallet.service.api.WalletServiceApiApplicationTests 
2025-04-21 14:37:41-116 [main] INFO  c.y.w.s.a.WalletServiceApiApplicationTests - Starting WalletServiceApiApplicationTests using Java 17.0.12 with PID 22852 (started by mgarcsar in C:\Users\mgarcsar\Documents\Bootcamp\etregables\Yanki\wallet-service-api) 
2025-04-21 14:37:41-117 [main] INFO  c.y.w.s.a.WalletServiceApiApplicationTests - The following 1 profile is active: "local" 
2025-04-21 14:37:41-142 [main] INFO  o.s.c.c.c.ConfigServerConfigDataLoader - Fetching config from server at : http://localhost:8888 
2025-04-21 14:37:41-142 [main] INFO  o.s.c.c.c.ConfigServerConfigDataLoader - Located environment: name=wallet-service-api, profiles=[default], label=null, version=5948961345ff92c7a8feec89a952e9773d3de713, state= 
2025-04-21 14:37:41-142 [main] INFO  o.s.c.c.c.ConfigServerConfigDataLoader - Fetching config from server at : http://localhost:8888 
2025-04-21 14:37:41-142 [main] INFO  o.s.c.c.c.ConfigServerConfigDataLoader - Located environment: name=wallet-service-api, profiles=[local], label=null, version=5948961345ff92c7a8feec89a952e9773d3de713, state= 
2025-04-21 14:37:42-105 [main] INFO  o.s.d.r.c.RepositoryConfigurationDelegate - Bootstrapping Spring Data Reactive MongoDB repositories in DEFAULT mode. 
2025-04-21 14:37:42-129 [main] INFO  o.s.d.r.c.RepositoryConfigurationDelegate - Finished Spring Data repository scanning in 15 ms. Found 0 Reactive MongoDB repository interfaces. 
2025-04-21 14:37:42-331 [main] INFO  o.s.cloud.context.scope.GenericScope - BeanFactory id=c21037d5-1193-31da-b691-0090db683d88 
2025-04-21 14:37:42-898 [main] INFO  o.s.v.b.OptionalValidatorFactoryBean - Failed to set up a Bean Validation provider: jakarta.validation.NoProviderFoundException: Unable to create a Configuration, because no Jakarta Bean Validation provider could be found. Add a provider like Hibernate Validator (RI) to your classpath. 
2025-04-21 14:37:44-936 [main] INFO  org.mongodb.driver.client - MongoClient with metadata {"driver": {"name": "mongo-java-driver|reactive-streams|spring-boot", "version": "5.2.1"}, "os": {"type": "Windows", "name": "Windows 10", "architecture": "amd64", "version": "10.0"}, "platform": "Java/Oracle Corporation/17.0.12+8-LTS-286"} created with settings MongoClientSettings{readPreference=primary, writeConcern=WriteConcern{w=null, wTimeout=null ms, journal=null}, retryWrites=true, retryReads=true, readConcern=ReadConcern{level=null}, credential=null, transportSettings=NettyTransportSettings{eventLoopGroup=io.netty.channel.nio.NioEventLoopGroup@30bf881e, socketChannelClass=null, allocator=null, sslContext=null}, commandListeners=[io.micrometer.core.instrument.binder.mongodb.MongoMetricsCommandListener@1041ebba], codecRegistry=ProvidersCodecRegistry{codecProviders=[ValueCodecProvider{}, BsonValueCodecProvider{}, DBRefCodecProvider{}, DBObjectCodecProvider{}, DocumentCodecProvider{}, CollectionCodecProvider{}, IterableCodecProvider{}, MapCodecProvider{}, GeoJsonCodecProvider{}, GridFSFileCodecProvider{}, Jsr310CodecProvider{}, JsonObjectCodecProvider{}, BsonCodecProvider{}, EnumCodecProvider{}, com.mongodb.client.model.mql.ExpressionCodecProvider@507f7cd1, com.mongodb.Jep395RecordCodecProvider@349996a6, com.mongodb.KotlinCodecProvider@78aa1753]}, loggerSettings=LoggerSettings{maxDocumentLength=1000}, clusterSettings={hosts=[localhost:27017], srvServiceName=mongodb, mode=SINGLE, requiredClusterType=UNKNOWN, requiredReplicaSetName='null', serverSelector='null', clusterListeners='[]', serverSelectionTimeout='30000 ms', localThreshold='15 ms'}, socketSettings=SocketSettings{connectTimeoutMS=10000, readTimeoutMS=0, receiveBufferSize=0, proxySettings=ProxySettings{host=null, port=null, username=null, password=null}}, heartbeatSocketSettings=SocketSettings{connectTimeoutMS=10000, readTimeoutMS=10000, receiveBufferSize=0, proxySettings=ProxySettings{host=null, port=null, username=null, password=null}}, connectionPoolSettings=ConnectionPoolSettings{maxSize=100, minSize=0, maxWaitTimeMS=120000, maxConnectionLifeTimeMS=0, maxConnectionIdleTimeMS=0, maintenanceInitialDelayMS=0, maintenanceFrequencyMS=60000, connectionPoolListeners=[io.micrometer.core.instrument.binder.mongodb.MongoMetricsConnectionPoolListener@67292fc7], maxConnecting=2}, serverSettings=ServerSettings{heartbeatFrequencyMS=10000, minHeartbeatFrequencyMS=500, serverMonitoringMode=AUTO, serverListeners='[]', serverMonitorListeners='[]'}, sslSettings=SslSettings{enabled=false, invalidHostNameAllowed=false, context=null}, applicationName='null', compressorList=[], uuidRepresentation=JAVA_LEGACY, serverApi=null, autoEncryptionSettings=null, dnsClient=null, inetAddressResolver=null, contextProvider=null, timeoutMS=null} 
2025-04-21 14:37:45-154 [cluster-ClusterId{value='68069e881f47622e29e3b821', description='null'}-localhost:27017] INFO  org.mongodb.driver.cluster - Monitor thread successfully connected to server with description ServerDescription{address=localhost:27017, type=STANDALONE, cryptd=false, state=CONNECTED, ok=true, minWireVersion=0, maxWireVersion=25, maxDocumentSize=16777216, logicalSessionTimeoutMinutes=30, roundTripTimeNanos=90075700, minRoundTripTimeNanos=0} 
2025-04-21 14:37:45-615 [main] INFO  o.s.b.a.e.web.EndpointLinksResolver - Exposing 2 endpoints beneath base path '/actuator' 
2025-04-21 14:37:46-504 [main] INFO  o.s.c.n.e.c.DiscoveryClientOptionalArgsConfiguration - Eureka HTTP Client uses RestTemplate. 
2025-04-21 14:37:46-574 [main] WARN  o.s.c.l.c.LoadBalancerCacheAutoConfiguration$LoadBalancerCaffeineWarnLogger - Spring Cloud LoadBalancer is currently working with the default cache. While this cache implementation is useful for development and tests, it's recommended to use Caffeine cache in production.You can switch to using Caffeine cache, by adding it and org.springframework.cache.caffeine.CaffeineCacheManager to the classpath. 
2025-04-21 14:37:46-647 [main] INFO  o.s.c.n.eureka.InstanceInfoFactory - Setting initial instance status as: STARTING 
2025-04-21 14:37:46-684 [main] INFO  c.netflix.discovery.DiscoveryClient - Initializing Eureka in region us-east-1 
2025-04-21 14:37:46-692 [main] INFO  c.n.d.s.r.aws.ConfigClusterResolver - Resolving eureka endpoints via configuration 
2025-04-21 14:37:46-705 [main] INFO  c.netflix.discovery.DiscoveryClient - Disable delta property : false 
2025-04-21 14:37:46-705 [main] INFO  c.netflix.discovery.DiscoveryClient - Single vip registry refresh property : null 
2025-04-21 14:37:46-705 [main] INFO  c.netflix.discovery.DiscoveryClient - Force full registry fetch : false 
2025-04-21 14:37:46-706 [main] INFO  c.netflix.discovery.DiscoveryClient - Application is null : false 
2025-04-21 14:37:46-706 [main] INFO  c.netflix.discovery.DiscoveryClient - Registered Applications size is zero : true 
2025-04-21 14:37:46-706 [main] INFO  c.netflix.discovery.DiscoveryClient - Application version is -1: true 
2025-04-21 14:37:46-706 [main] INFO  c.netflix.discovery.DiscoveryClient - Getting all instance registry info from the eureka server 
2025-04-21 14:37:47-089 [main] INFO  c.netflix.discovery.DiscoveryClient - The response status is 200 
2025-04-21 14:37:47-092 [main] INFO  c.netflix.discovery.DiscoveryClient - Starting heartbeat executor: renew interval is: 30 
2025-04-21 14:37:47-097 [main] INFO  c.n.discovery.InstanceInfoReplicator - InstanceInfoReplicator onDemand update allowed rate per min is 4 
2025-04-21 14:37:47-100 [main] INFO  c.netflix.discovery.DiscoveryClient - Discovery Client initialized at timestamp 1745264267099 with initial instances count: 3 
2025-04-21 14:37:47-105 [main] INFO  o.s.c.n.e.s.EurekaServiceRegistry - Registering application WALLET-SERVICE-API with eureka with status UP 
2025-04-21 14:37:47-106 [main] INFO  c.netflix.discovery.DiscoveryClient - Saw local status change event StatusChangeEvent [timestamp=1745264267106, current=UP, previous=STARTING] 
2025-04-21 14:37:47-109 [DiscoveryClient-InstanceInfoReplicator-%d] INFO  c.netflix.discovery.DiscoveryClient - DiscoveryClient_WALLET-SERVICE-API/wallet-service-api:9292: registering service... 
2025-04-21 14:37:47-135 [main] INFO  c.y.w.s.a.WalletServiceApiApplicationTests - Started WalletServiceApiApplicationTests in 11.476 seconds (process running for 14.897) 
2025-04-21 14:37:47-180 [DiscoveryClient-InstanceInfoReplicator-%d] INFO  c.netflix.discovery.DiscoveryClient - DiscoveryClient_WALLET-SERVICE-API/wallet-service-api:9292 - registration status: 204 
2025-04-21 14:37:48-248 [SpringApplicationShutdownHook] INFO  o.s.c.n.e.s.EurekaServiceRegistry - Unregistering application WALLET-SERVICE-API with eureka with status DOWN 
2025-04-21 14:37:48-249 [SpringApplicationShutdownHook] INFO  c.netflix.discovery.DiscoveryClient - Saw local status change event StatusChangeEvent [timestamp=1745264268249, current=DOWN, previous=UP] 
2025-04-21 14:37:48-249 [DiscoveryClient-InstanceInfoReplicator-%d] INFO  c.netflix.discovery.DiscoveryClient - DiscoveryClient_WALLET-SERVICE-API/wallet-service-api:9292: registering service... 
2025-04-21 14:37:48-256 [DiscoveryClient-InstanceInfoReplicator-%d] INFO  c.netflix.discovery.DiscoveryClient - DiscoveryClient_WALLET-SERVICE-API/wallet-service-api:9292 - registration status: 204 
2025-04-21 14:37:50-320 [SpringApplicationShutdownHook] INFO  c.netflix.discovery.DiscoveryClient - Shutting down DiscoveryClient ... 
2025-04-21 14:37:53-335 [SpringApplicationShutdownHook] INFO  c.netflix.discovery.DiscoveryClient - Unregistering ... 
2025-04-21 14:37:53-355 [SpringApplicationShutdownHook] INFO  c.netflix.discovery.DiscoveryClient - DiscoveryClient_WALLET-SERVICE-API/wallet-service-api:9292 - deregister  status: 200 
2025-04-21 14:37:53-355 [SpringApplicationShutdownHook] INFO  c.netflix.discovery.DiscoveryClient - Completed shut down of DiscoveryClient 
2025-04-21 14:43:44-754 [main] INFO  c.y.w.s.a.WalletServiceApiApplication - Starting WalletServiceApiApplication using Java 21.0.6 with PID 15408 (C:\Users\mgarcsar\Documents\Bootcamp\etregables\Yanki\wallet-service-api\target\classes started by mgarcsar in C:\Users\mgarcsar\Documents\Bootcamp\etregables\Yanki\wallet-service-api) 
2025-04-21 14:43:44-761 [main] INFO  c.y.w.s.a.WalletServiceApiApplication - The following 1 profile is active: "local" 
2025-04-21 14:43:44-855 [main] INFO  o.s.c.c.c.ConfigServerConfigDataLoader - Fetching config from server at : http://localhost:8888 
2025-04-21 14:43:44-858 [main] INFO  o.s.c.c.c.ConfigServerConfigDataLoader - Located environment: name=wallet-service-api, profiles=[default], label=null, version=5948961345ff92c7a8feec89a952e9773d3de713, state= 
2025-04-21 14:43:44-859 [main] INFO  o.s.c.c.c.ConfigServerConfigDataLoader - Fetching config from server at : http://localhost:8888 
2025-04-21 14:43:44-859 [main] INFO  o.s.c.c.c.ConfigServerConfigDataLoader - Located environment: name=wallet-service-api, profiles=[local], label=null, version=5948961345ff92c7a8feec89a952e9773d3de713, state= 
2025-04-21 14:43:45-918 [main] INFO  o.s.d.r.c.RepositoryConfigurationDelegate - Bootstrapping Spring Data Reactive MongoDB repositories in DEFAULT mode. 
2025-04-21 14:43:45-940 [main] INFO  o.s.d.r.c.RepositoryConfigurationDelegate - Finished Spring Data repository scanning in 16 ms. Found 0 Reactive MongoDB repository interfaces. 
2025-04-21 14:43:46-110 [main] INFO  o.s.cloud.context.scope.GenericScope - BeanFactory id=58e68da0-5ff8-3f59-afc6-d9941f750327 
2025-04-21 14:43:46-785 [main] INFO  o.s.v.b.OptionalValidatorFactoryBean - Failed to set up a Bean Validation provider: jakarta.validation.NoProviderFoundException: Unable to create a Configuration, because no Jakarta Bean Validation provider could be found. Add a provider like Hibernate Validator (RI) to your classpath. 
2025-04-21 14:43:47-845 [main] INFO  org.mongodb.driver.client - MongoClient with metadata {"driver": {"name": "mongo-java-driver|reactive-streams|spring-boot", "version": "5.2.1"}, "os": {"type": "Windows", "name": "Windows 10", "architecture": "amd64", "version": "10.0"}, "platform": "Java/Oracle Corporation/21.0.6+8-LTS-188"} created with settings MongoClientSettings{readPreference=primary, writeConcern=WriteConcern{w=null, wTimeout=null ms, journal=null}, retryWrites=true, retryReads=true, readConcern=ReadConcern{level=null}, credential=null, transportSettings=NettyTransportSettings{eventLoopGroup=io.netty.channel.nio.NioEventLoopGroup@4e14d520, socketChannelClass=null, allocator=null, sslContext=null}, commandListeners=[io.micrometer.core.instrument.binder.mongodb.MongoMetricsCommandListener@4189e668], codecRegistry=ProvidersCodecRegistry{codecProviders=[ValueCodecProvider{}, BsonValueCodecProvider{}, DBRefCodecProvider{}, DBObjectCodecProvider{}, DocumentCodecProvider{}, CollectionCodecProvider{}, IterableCodecProvider{}, MapCodecProvider{}, GeoJsonCodecProvider{}, GridFSFileCodecProvider{}, Jsr310CodecProvider{}, JsonObjectCodecProvider{}, BsonCodecProvider{}, EnumCodecProvider{}, com.mongodb.client.model.mql.ExpressionCodecProvider@3a589eed, com.mongodb.Jep395RecordCodecProvider@5807ea46, com.mongodb.KotlinCodecProvider@305289b3]}, loggerSettings=LoggerSettings{maxDocumentLength=1000}, clusterSettings={hosts=[localhost:27017], srvServiceName=mongodb, mode=SINGLE, requiredClusterType=UNKNOWN, requiredReplicaSetName='null', serverSelector='null', clusterListeners='[]', serverSelectionTimeout='30000 ms', localThreshold='15 ms'}, socketSettings=SocketSettings{connectTimeoutMS=10000, readTimeoutMS=0, receiveBufferSize=0, proxySettings=ProxySettings{host=null, port=null, username=null, password=null}}, heartbeatSocketSettings=SocketSettings{connectTimeoutMS=10000, readTimeoutMS=10000, receiveBufferSize=0, proxySettings=ProxySettings{host=null, port=null, username=null, password=null}}, connectionPoolSettings=ConnectionPoolSettings{maxSize=100, minSize=0, maxWaitTimeMS=120000, maxConnectionLifeTimeMS=0, maxConnectionIdleTimeMS=0, maintenanceInitialDelayMS=0, maintenanceFrequencyMS=60000, connectionPoolListeners=[io.micrometer.core.instrument.binder.mongodb.MongoMetricsConnectionPoolListener@3ee68377], maxConnecting=2}, serverSettings=ServerSettings{heartbeatFrequencyMS=10000, minHeartbeatFrequencyMS=500, serverMonitoringMode=AUTO, serverListeners='[]', serverMonitorListeners='[]'}, sslSettings=SslSettings{enabled=false, invalidHostNameAllowed=false, context=null}, applicationName='null', compressorList=[], uuidRepresentation=JAVA_LEGACY, serverApi=null, autoEncryptionSettings=null, dnsClient=null, inetAddressResolver=null, contextProvider=null, timeoutMS=null} 
2025-04-21 14:43:47-918 [cluster-ClusterId{value='68069ff39b4f0b51c1611329', description='null'}-localhost:27017] INFO  org.mongodb.driver.cluster - Monitor thread successfully connected to server with description ServerDescription{address=localhost:27017, type=STANDALONE, cryptd=false, state=CONNECTED, ok=true, minWireVersion=0, maxWireVersion=25, maxDocumentSize=16777216, logicalSessionTimeoutMinutes=30, roundTripTimeNanos=46965500, minRoundTripTimeNanos=0} 
2025-04-21 14:43:48-146 [main] INFO  o.s.b.a.e.web.EndpointLinksResolver - Exposing 2 endpoints beneath base path '/actuator' 
2025-04-21 14:43:48-651 [main] INFO  o.s.c.n.e.c.DiscoveryClientOptionalArgsConfiguration - Eureka HTTP Client uses RestTemplate. 
2025-04-21 14:43:48-691 [main] WARN  o.s.c.l.c.LoadBalancerCacheAutoConfiguration$LoadBalancerCaffeineWarnLogger - Spring Cloud LoadBalancer is currently working with the default cache. While this cache implementation is useful for development and tests, it's recommended to use Caffeine cache in production.You can switch to using Caffeine cache, by adding it and org.springframework.cache.caffeine.CaffeineCacheManager to the classpath. 
2025-04-21 14:43:48-762 [main] INFO  o.s.c.n.eureka.InstanceInfoFactory - Setting initial instance status as: STARTING 
2025-04-21 14:43:48-781 [main] INFO  c.netflix.discovery.DiscoveryClient - Initializing Eureka in region us-east-1 
2025-04-21 14:43:48-785 [main] INFO  c.n.d.s.r.aws.ConfigClusterResolver - Resolving eureka endpoints via configuration 
2025-04-21 14:43:48-793 [main] INFO  c.netflix.discovery.DiscoveryClient - Disable delta property : false 
2025-04-21 14:43:48-793 [main] INFO  c.netflix.discovery.DiscoveryClient - Single vip registry refresh property : null 
2025-04-21 14:43:48-793 [main] INFO  c.netflix.discovery.DiscoveryClient - Force full registry fetch : false 
2025-04-21 14:43:48-793 [main] INFO  c.netflix.discovery.DiscoveryClient - Application is null : false 
2025-04-21 14:43:48-793 [main] INFO  c.netflix.discovery.DiscoveryClient - Registered Applications size is zero : true 
2025-04-21 14:43:48-793 [main] INFO  c.netflix.discovery.DiscoveryClient - Application version is -1: true 
2025-04-21 14:43:48-794 [main] INFO  c.netflix.discovery.DiscoveryClient - Getting all instance registry info from the eureka server 
2025-04-21 14:43:49-066 [main] INFO  c.netflix.discovery.DiscoveryClient - The response status is 200 
2025-04-21 14:43:49-068 [main] INFO  c.netflix.discovery.DiscoveryClient - Starting heartbeat executor: renew interval is: 30 
2025-04-21 14:43:49-070 [main] INFO  c.n.discovery.InstanceInfoReplicator - InstanceInfoReplicator onDemand update allowed rate per min is 4 
2025-04-21 14:43:49-072 [main] INFO  c.netflix.discovery.DiscoveryClient - Discovery Client initialized at timestamp 1745264629072 with initial instances count: 3 
2025-04-21 14:43:49-074 [main] INFO  o.s.c.n.e.s.EurekaServiceRegistry - Registering application WALLET-SERVICE-API with eureka with status UP 
2025-04-21 14:43:49-075 [main] INFO  c.netflix.discovery.DiscoveryClient - Saw local status change event StatusChangeEvent [timestamp=1745264629075, current=UP, previous=STARTING] 
2025-04-21 14:43:49-077 [DiscoveryClient-InstanceInfoReplicator-%d] INFO  c.netflix.discovery.DiscoveryClient - DiscoveryClient_WALLET-SERVICE-API/wallet-service-api:9292: registering service... 
2025-04-21 14:43:49-121 [DiscoveryClient-InstanceInfoReplicator-%d] INFO  c.netflix.discovery.DiscoveryClient - DiscoveryClient_WALLET-SERVICE-API/wallet-service-api:9292 - registration status: 204 
2025-04-21 14:43:49-132 [main] INFO  o.s.b.w.e.netty.NettyWebServer - Netty started on port 9292 (http) 
2025-04-21 14:43:49-133 [main] INFO  o.s.c.n.e.s.EurekaAutoServiceRegistration - Updating port to 9292 
2025-04-21 14:43:49-150 [main] INFO  c.y.w.s.a.WalletServiceApiApplication - Started WalletServiceApiApplication in 9.415 seconds (process running for 10.56) 
2025-04-21 14:48:39-711 [SpringApplicationShutdownHook] INFO  o.s.c.n.e.s.EurekaServiceRegistry - Unregistering application WALLET-SERVICE-API with eureka with status DOWN 
2025-04-21 14:48:39-712 [SpringApplicationShutdownHook] INFO  c.netflix.discovery.DiscoveryClient - Saw local status change event StatusChangeEvent [timestamp=1745264919712, current=DOWN, previous=UP] 
2025-04-21 14:48:39-712 [DiscoveryClient-InstanceInfoReplicator-%d] INFO  c.netflix.discovery.DiscoveryClient - DiscoveryClient_WALLET-SERVICE-API/wallet-service-api:9292: registering service... 
2025-04-21 14:48:39-715 [SpringApplicationShutdownHook] INFO  o.s.b.w.e.netty.GracefulShutdown - Commencing graceful shutdown. Waiting for active requests to complete 
2025-04-21 14:48:39-719 [DiscoveryClient-InstanceInfoReplicator-%d] INFO  c.netflix.discovery.DiscoveryClient - DiscoveryClient_WALLET-SERVICE-API/wallet-service-api:9292 - registration status: 204 
2025-04-21 14:48:39-719 [netty-shutdown] INFO  o.s.b.w.e.netty.GracefulShutdown - Graceful shutdown complete 
2025-04-21 15:12:00-950 [main] INFO  o.s.t.c.s.AnnotationConfigContextLoaderUtils - Could not detect default configuration classes for test class [com.yanki.wallet.service.api.service.WalletServiceImplTest]: WalletServiceImplTest does not declare any static, non-private, non-final, nested classes annotated with @Configuration. 
2025-04-21 15:12:01-129 [main] INFO  o.s.b.t.c.SpringBootTestContextBootstrapper - Found @SpringBootConfiguration com.yanki.wallet.service.api.WalletServiceApiApplication for test class com.yanki.wallet.service.api.service.WalletServiceImplTest 
2025-04-21 15:12:05-750 [main] INFO  c.y.w.s.a.s.WalletServiceImplTest - Starting WalletServiceImplTest using Java 21.0.6 with PID 24280 (started by mgarcsar in C:\Users\mgarcsar\Documents\Bootcamp\etregables\Yanki\wallet-service-api) 
2025-04-21 15:12:05-751 [main] INFO  c.y.w.s.a.s.WalletServiceImplTest - The following 1 profile is active: "local" 
2025-04-21 15:12:05-786 [main] INFO  o.s.c.c.c.ConfigServerConfigDataLoader - Fetching config from server at : http://localhost:8888 
2025-04-21 15:12:05-787 [main] INFO  o.s.c.c.c.ConfigServerConfigDataLoader - Located environment: name=wallet-service-api, profiles=[default], label=null, version=5948961345ff92c7a8feec89a952e9773d3de713, state= 
2025-04-21 15:12:05-787 [main] INFO  o.s.c.c.c.ConfigServerConfigDataLoader - Fetching config from server at : http://localhost:8888 
2025-04-21 15:12:05-787 [main] INFO  o.s.c.c.c.ConfigServerConfigDataLoader - Located environment: name=wallet-service-api, profiles=[local], label=null, version=5948961345ff92c7a8feec89a952e9773d3de713, state= 
2025-04-21 15:12:06-799 [main] INFO  o.s.d.r.c.RepositoryConfigurationDelegate - Bootstrapping Spring Data Reactive MongoDB repositories in DEFAULT mode. 
2025-04-21 15:12:07-049 [main] INFO  o.s.d.r.c.RepositoryConfigurationDelegate - Finished Spring Data repository scanning in 244 ms. Found 1 Reactive MongoDB repository interface. 
2025-04-21 15:12:07-256 [main] INFO  o.s.cloud.context.scope.GenericScope - BeanFactory id=4defb1be-f08e-328a-8a59-702f932b085e 
2025-04-21 15:12:07-868 [main] INFO  org.mongodb.driver.client - MongoClient with metadata {"driver": {"name": "mongo-java-driver|reactive-streams|spring-boot", "version": "5.2.1"}, "os": {"type": "Windows", "name": "Windows 10", "architecture": "amd64", "version": "10.0"}, "platform": "Java/Oracle Corporation/21.0.6+8-LTS-188"} created with settings MongoClientSettings{readPreference=primary, writeConcern=WriteConcern{w=null, wTimeout=null ms, journal=null}, retryWrites=true, retryReads=true, readConcern=ReadConcern{level=null}, credential=null, transportSettings=NettyTransportSettings{eventLoopGroup=io.netty.channel.nio.NioEventLoopGroup@4cf01c41, socketChannelClass=null, allocator=null, sslContext=null}, commandListeners=[io.micrometer.core.instrument.binder.mongodb.MongoMetricsCommandListener@57bac3f0], codecRegistry=ProvidersCodecRegistry{codecProviders=[ValueCodecProvider{}, BsonValueCodecProvider{}, DBRefCodecProvider{}, DBObjectCodecProvider{}, DocumentCodecProvider{}, CollectionCodecProvider{}, IterableCodecProvider{}, MapCodecProvider{}, GeoJsonCodecProvider{}, GridFSFileCodecProvider{}, Jsr310CodecProvider{}, JsonObjectCodecProvider{}, BsonCodecProvider{}, EnumCodecProvider{}, com.mongodb.client.model.mql.ExpressionCodecProvider@55f6f965, com.mongodb.Jep395RecordCodecProvider@40ddf339, com.mongodb.KotlinCodecProvider@c83ed77]}, loggerSettings=LoggerSettings{maxDocumentLength=1000}, clusterSettings={hosts=[localhost:27017], srvServiceName=mongodb, mode=SINGLE, requiredClusterType=UNKNOWN, requiredReplicaSetName='null', serverSelector='null', clusterListeners='[]', serverSelectionTimeout='30000 ms', localThreshold='15 ms'}, socketSettings=SocketSettings{connectTimeoutMS=10000, readTimeoutMS=0, receiveBufferSize=0, proxySettings=ProxySettings{host=null, port=null, username=null, password=null}}, heartbeatSocketSettings=SocketSettings{connectTimeoutMS=10000, readTimeoutMS=10000, receiveBufferSize=0, proxySettings=ProxySettings{host=null, port=null, username=null, password=null}}, connectionPoolSettings=ConnectionPoolSettings{maxSize=100, minSize=0, maxWaitTimeMS=120000, maxConnectionLifeTimeMS=0, maxConnectionIdleTimeMS=0, maintenanceInitialDelayMS=0, maintenanceFrequencyMS=60000, connectionPoolListeners=[io.micrometer.core.instrument.binder.mongodb.MongoMetricsConnectionPoolListener@d271a54], maxConnecting=2}, serverSettings=ServerSettings{heartbeatFrequencyMS=10000, minHeartbeatFrequencyMS=500, serverMonitoringMode=AUTO, serverListeners='[]', serverMonitorListeners='[]'}, sslSettings=SslSettings{enabled=false, invalidHostNameAllowed=false, context=null}, applicationName='null', compressorList=[], uuidRepresentation=JAVA_LEGACY, serverApi=null, autoEncryptionSettings=null, dnsClient=null, inetAddressResolver=null, contextProvider=null, timeoutMS=null} 
2025-04-21 15:12:07-981 [cluster-ClusterId{value='6806a69708a1d319c77649da', description='null'}-localhost:27017] INFO  org.mongodb.driver.cluster - Monitor thread successfully connected to server with description ServerDescription{address=localhost:27017, type=STANDALONE, cryptd=false, state=CONNECTED, ok=true, minWireVersion=0, maxWireVersion=25, maxDocumentSize=16777216, logicalSessionTimeoutMinutes=30, roundTripTimeNanos=68967900, minRoundTripTimeNanos=0} 
2025-04-21 15:12:08-667 [main] INFO  o.s.v.b.OptionalValidatorFactoryBean - Failed to set up a Bean Validation provider: jakarta.validation.NoProviderFoundException: Unable to create a Configuration, because no Jakarta Bean Validation provider could be found. Add a provider like Hibernate Validator (RI) to your classpath. 
2025-04-21 15:12:10-033 [main] INFO  o.s.b.a.e.web.EndpointLinksResolver - Exposing 2 endpoints beneath base path '/actuator' 
2025-04-21 15:12:10-448 [main] INFO  o.s.c.n.e.c.DiscoveryClientOptionalArgsConfiguration - Eureka HTTP Client uses RestTemplate. 
2025-04-21 15:12:10-533 [main] WARN  o.s.c.l.c.LoadBalancerCacheAutoConfiguration$LoadBalancerCaffeineWarnLogger - Spring Cloud LoadBalancer is currently working with the default cache. While this cache implementation is useful for development and tests, it's recommended to use Caffeine cache in production.You can switch to using Caffeine cache, by adding it and org.springframework.cache.caffeine.CaffeineCacheManager to the classpath. 
2025-04-21 15:12:10-613 [main] INFO  o.s.c.n.eureka.InstanceInfoFactory - Setting initial instance status as: STARTING 
2025-04-21 15:12:10-662 [main] INFO  c.netflix.discovery.DiscoveryClient - Initializing Eureka in region us-east-1 
2025-04-21 15:12:10-673 [main] INFO  c.n.d.s.r.aws.ConfigClusterResolver - Resolving eureka endpoints via configuration 
2025-04-21 15:12:10-693 [main] INFO  c.netflix.discovery.DiscoveryClient - Disable delta property : false 
2025-04-21 15:12:10-693 [main] INFO  c.netflix.discovery.DiscoveryClient - Single vip registry refresh property : null 
2025-04-21 15:12:10-694 [main] INFO  c.netflix.discovery.DiscoveryClient - Force full registry fetch : false 
2025-04-21 15:12:10-694 [main] INFO  c.netflix.discovery.DiscoveryClient - Application is null : false 
2025-04-21 15:12:10-694 [main] INFO  c.netflix.discovery.DiscoveryClient - Registered Applications size is zero : true 
2025-04-21 15:12:10-694 [main] INFO  c.netflix.discovery.DiscoveryClient - Application version is -1: true 
2025-04-21 15:12:10-694 [main] INFO  c.netflix.discovery.DiscoveryClient - Getting all instance registry info from the eureka server 
2025-04-21 15:12:11-056 [main] INFO  c.netflix.discovery.DiscoveryClient - The response status is 200 
2025-04-21 15:12:11-059 [main] INFO  c.netflix.discovery.DiscoveryClient - Starting heartbeat executor: renew interval is: 30 
2025-04-21 15:12:11-061 [main] INFO  c.n.discovery.InstanceInfoReplicator - InstanceInfoReplicator onDemand update allowed rate per min is 4 
2025-04-21 15:12:11-063 [main] INFO  c.netflix.discovery.DiscoveryClient - Discovery Client initialized at timestamp 1745266331063 with initial instances count: 3 
2025-04-21 15:12:11-067 [main] INFO  o.s.c.n.e.s.EurekaServiceRegistry - Registering application WALLET-SERVICE-API with eureka with status UP 
2025-04-21 15:12:11-068 [main] INFO  c.netflix.discovery.DiscoveryClient - Saw local status change event StatusChangeEvent [timestamp=1745266331068, current=UP, previous=STARTING] 
2025-04-21 15:12:11-070 [DiscoveryClient-InstanceInfoReplicator-%d] INFO  c.netflix.discovery.DiscoveryClient - DiscoveryClient_WALLET-SERVICE-API/wallet-service-api:9292: registering service... 
2025-04-21 15:12:11-094 [main] INFO  c.y.w.s.a.s.WalletServiceImplTest - Started WalletServiceImplTest in 9.579 seconds (process running for 12.16) 
2025-04-21 15:12:11-133 [DiscoveryClient-InstanceInfoReplicator-%d] INFO  c.netflix.discovery.DiscoveryClient - DiscoveryClient_WALLET-SERVICE-API/wallet-service-api:9292 - registration status: 204 
2025-04-21 15:12:12-121 [main] INFO  c.y.w.s.a.service.WalletServiceImpl - Subscribed to yanki wallet request 
2025-04-21 15:12:12-155 [main] INFO  c.y.w.s.a.service.WalletServiceImpl - Subscribed to yanki wallet respose 
2025-04-21 15:12:12-256 [SpringApplicationShutdownHook] INFO  o.s.c.n.e.s.EurekaServiceRegistry - Unregistering application WALLET-SERVICE-API with eureka with status DOWN 
2025-04-21 15:12:12-257 [SpringApplicationShutdownHook] INFO  c.netflix.discovery.DiscoveryClient - Saw local status change event StatusChangeEvent [timestamp=1745266332257, current=DOWN, previous=UP] 
2025-04-21 15:12:12-257 [DiscoveryClient-InstanceInfoReplicator-%d] INFO  c.netflix.discovery.DiscoveryClient - DiscoveryClient_WALLET-SERVICE-API/wallet-service-api:9292: registering service... 
2025-04-21 15:12:12-262 [DiscoveryClient-InstanceInfoReplicator-%d] INFO  c.netflix.discovery.DiscoveryClient - DiscoveryClient_WALLET-SERVICE-API/wallet-service-api:9292 - registration status: 204 
2025-04-21 15:12:14-391 [SpringApplicationShutdownHook] INFO  c.netflix.discovery.DiscoveryClient - Shutting down DiscoveryClient ... 
2025-04-21 15:12:17-405 [SpringApplicationShutdownHook] INFO  c.netflix.discovery.DiscoveryClient - Unregistering ... 
2025-04-21 15:12:17-425 [SpringApplicationShutdownHook] INFO  c.netflix.discovery.DiscoveryClient - DiscoveryClient_WALLET-SERVICE-API/wallet-service-api:9292 - deregister  status: 200 
2025-04-21 15:12:17-426 [SpringApplicationShutdownHook] INFO  c.netflix.discovery.DiscoveryClient - Completed shut down of DiscoveryClient 
2025-04-21 15:12:52-128 [main] INFO  o.s.t.c.s.AnnotationConfigContextLoaderUtils - Could not detect default configuration classes for test class [com.yanki.wallet.service.api.service.WalletServiceImplTest]: WalletServiceImplTest does not declare any static, non-private, non-final, nested classes annotated with @Configuration. 
2025-04-21 15:12:52-309 [main] INFO  o.s.b.t.c.SpringBootTestContextBootstrapper - Found @SpringBootConfiguration com.yanki.wallet.service.api.WalletServiceApiApplication for test class com.yanki.wallet.service.api.service.WalletServiceImplTest 
2025-04-21 15:12:56-796 [main] INFO  c.y.w.s.a.s.WalletServiceImplTest - Starting WalletServiceImplTest using Java 21.0.6 with PID 15824 (started by mgarcsar in C:\Users\mgarcsar\Documents\Bootcamp\etregables\Yanki\wallet-service-api) 
2025-04-21 15:12:56-797 [main] INFO  c.y.w.s.a.s.WalletServiceImplTest - The following 1 profile is active: "local" 
2025-04-21 15:12:56-829 [main] INFO  o.s.c.c.c.ConfigServerConfigDataLoader - Fetching config from server at : http://localhost:8888 
2025-04-21 15:12:56-829 [main] INFO  o.s.c.c.c.ConfigServerConfigDataLoader - Located environment: name=wallet-service-api, profiles=[default], label=null, version=5948961345ff92c7a8feec89a952e9773d3de713, state= 
2025-04-21 15:12:56-829 [main] INFO  o.s.c.c.c.ConfigServerConfigDataLoader - Fetching config from server at : http://localhost:8888 
2025-04-21 15:12:56-829 [main] INFO  o.s.c.c.c.ConfigServerConfigDataLoader - Located environment: name=wallet-service-api, profiles=[local], label=null, version=5948961345ff92c7a8feec89a952e9773d3de713, state= 
2025-04-21 15:12:57-861 [main] INFO  o.s.d.r.c.RepositoryConfigurationDelegate - Bootstrapping Spring Data Reactive MongoDB repositories in DEFAULT mode. 
2025-04-21 15:12:58-137 [main] INFO  o.s.d.r.c.RepositoryConfigurationDelegate - Finished Spring Data repository scanning in 268 ms. Found 1 Reactive MongoDB repository interface. 
2025-04-21 15:12:58-358 [main] INFO  o.s.cloud.context.scope.GenericScope - BeanFactory id=4defb1be-f08e-328a-8a59-702f932b085e 
2025-04-21 15:12:59-138 [main] INFO  org.mongodb.driver.client - MongoClient with metadata {"driver": {"name": "mongo-java-driver|reactive-streams|spring-boot", "version": "5.2.1"}, "os": {"type": "Windows", "name": "Windows 10", "architecture": "amd64", "version": "10.0"}, "platform": "Java/Oracle Corporation/21.0.6+8-LTS-188"} created with settings MongoClientSettings{readPreference=primary, writeConcern=WriteConcern{w=null, wTimeout=null ms, journal=null}, retryWrites=true, retryReads=true, readConcern=ReadConcern{level=null}, credential=null, transportSettings=NettyTransportSettings{eventLoopGroup=io.netty.channel.nio.NioEventLoopGroup@5e80d5, socketChannelClass=null, allocator=null, sslContext=null}, commandListeners=[io.micrometer.core.instrument.binder.mongodb.MongoMetricsCommandListener@257b3561], codecRegistry=ProvidersCodecRegistry{codecProviders=[ValueCodecProvider{}, BsonValueCodecProvider{}, DBRefCodecProvider{}, DBObjectCodecProvider{}, DocumentCodecProvider{}, CollectionCodecProvider{}, IterableCodecProvider{}, MapCodecProvider{}, GeoJsonCodecProvider{}, GridFSFileCodecProvider{}, Jsr310CodecProvider{}, JsonObjectCodecProvider{}, BsonCodecProvider{}, EnumCodecProvider{}, com.mongodb.client.model.mql.ExpressionCodecProvider@78861d9e, com.mongodb.Jep395RecordCodecProvider@6a878778, com.mongodb.KotlinCodecProvider@1eabfad5]}, loggerSettings=LoggerSettings{maxDocumentLength=1000}, clusterSettings={hosts=[localhost:27017], srvServiceName=mongodb, mode=SINGLE, requiredClusterType=UNKNOWN, requiredReplicaSetName='null', serverSelector='null', clusterListeners='[]', serverSelectionTimeout='30000 ms', localThreshold='15 ms'}, socketSettings=SocketSettings{connectTimeoutMS=10000, readTimeoutMS=0, receiveBufferSize=0, proxySettings=ProxySettings{host=null, port=null, username=null, password=null}}, heartbeatSocketSettings=SocketSettings{connectTimeoutMS=10000, readTimeoutMS=10000, receiveBufferSize=0, proxySettings=ProxySettings{host=null, port=null, username=null, password=null}}, connectionPoolSettings=ConnectionPoolSettings{maxSize=100, minSize=0, maxWaitTimeMS=120000, maxConnectionLifeTimeMS=0, maxConnectionIdleTimeMS=0, maintenanceInitialDelayMS=0, maintenanceFrequencyMS=60000, connectionPoolListeners=[io.micrometer.core.instrument.binder.mongodb.MongoMetricsConnectionPoolListener@6207145c], maxConnecting=2}, serverSettings=ServerSettings{heartbeatFrequencyMS=10000, minHeartbeatFrequencyMS=500, serverMonitoringMode=AUTO, serverListeners='[]', serverMonitorListeners='[]'}, sslSettings=SslSettings{enabled=false, invalidHostNameAllowed=false, context=null}, applicationName='null', compressorList=[], uuidRepresentation=JAVA_LEGACY, serverApi=null, autoEncryptionSettings=null, dnsClient=null, inetAddressResolver=null, contextProvider=null, timeoutMS=null} 
2025-04-21 15:12:59-275 [cluster-ClusterId{value='6806a6cb7910821e26a9ef46', description='null'}-localhost:27017] INFO  org.mongodb.driver.cluster - Monitor thread successfully connected to server with description ServerDescription{address=localhost:27017, type=STANDALONE, cryptd=false, state=CONNECTED, ok=true, minWireVersion=0, maxWireVersion=25, maxDocumentSize=16777216, logicalSessionTimeoutMinutes=30, roundTripTimeNanos=87568400, minRoundTripTimeNanos=0} 
2025-04-21 15:12:59-968 [main] INFO  o.s.v.b.OptionalValidatorFactoryBean - Failed to set up a Bean Validation provider: jakarta.validation.NoProviderFoundException: Unable to create a Configuration, because no Jakarta Bean Validation provider could be found. Add a provider like Hibernate Validator (RI) to your classpath. 
2025-04-21 15:13:01-274 [main] INFO  o.s.b.a.e.web.EndpointLinksResolver - Exposing 2 endpoints beneath base path '/actuator' 
2025-04-21 15:13:01-660 [main] INFO  o.s.c.n.e.c.DiscoveryClientOptionalArgsConfiguration - Eureka HTTP Client uses RestTemplate. 
2025-04-21 15:13:01-721 [main] WARN  o.s.c.l.c.LoadBalancerCacheAutoConfiguration$LoadBalancerCaffeineWarnLogger - Spring Cloud LoadBalancer is currently working with the default cache. While this cache implementation is useful for development and tests, it's recommended to use Caffeine cache in production.You can switch to using Caffeine cache, by adding it and org.springframework.cache.caffeine.CaffeineCacheManager to the classpath. 
2025-04-21 15:13:01-800 [main] INFO  o.s.c.n.eureka.InstanceInfoFactory - Setting initial instance status as: STARTING 
2025-04-21 15:13:01-830 [main] INFO  c.netflix.discovery.DiscoveryClient - Initializing Eureka in region us-east-1 
2025-04-21 15:13:01-836 [main] INFO  c.n.d.s.r.aws.ConfigClusterResolver - Resolving eureka endpoints via configuration 
2025-04-21 15:13:01-848 [main] INFO  c.netflix.discovery.DiscoveryClient - Disable delta property : false 
2025-04-21 15:13:01-848 [main] INFO  c.netflix.discovery.DiscoveryClient - Single vip registry refresh property : null 
2025-04-21 15:13:01-848 [main] INFO  c.netflix.discovery.DiscoveryClient - Force full registry fetch : false 
2025-04-21 15:13:01-848 [main] INFO  c.netflix.discovery.DiscoveryClient - Application is null : false 
2025-04-21 15:13:01-848 [main] INFO  c.netflix.discovery.DiscoveryClient - Registered Applications size is zero : true 
2025-04-21 15:13:01-849 [main] INFO  c.netflix.discovery.DiscoveryClient - Application version is -1: true 
2025-04-21 15:13:01-849 [main] INFO  c.netflix.discovery.DiscoveryClient - Getting all instance registry info from the eureka server 
2025-04-21 15:13:02-384 [main] INFO  c.netflix.discovery.DiscoveryClient - The response status is 200 
2025-04-21 15:13:02-388 [main] INFO  c.netflix.discovery.DiscoveryClient - Starting heartbeat executor: renew interval is: 30 
2025-04-21 15:13:02-392 [main] INFO  c.n.discovery.InstanceInfoReplicator - InstanceInfoReplicator onDemand update allowed rate per min is 4 
2025-04-21 15:13:02-394 [main] INFO  c.netflix.discovery.DiscoveryClient - Discovery Client initialized at timestamp 1745266382394 with initial instances count: 3 
2025-04-21 15:13:02-400 [main] INFO  o.s.c.n.e.s.EurekaServiceRegistry - Registering application WALLET-SERVICE-API with eureka with status UP 
2025-04-21 15:13:02-402 [main] INFO  c.netflix.discovery.DiscoveryClient - Saw local status change event StatusChangeEvent [timestamp=1745266382402, current=UP, previous=STARTING] 
2025-04-21 15:13:02-406 [DiscoveryClient-InstanceInfoReplicator-%d] INFO  c.netflix.discovery.DiscoveryClient - DiscoveryClient_WALLET-SERVICE-API/wallet-service-api:9292: registering service... 
2025-04-21 15:13:02-448 [main] INFO  c.y.w.s.a.s.WalletServiceImplTest - Started WalletServiceImplTest in 9.739 seconds (process running for 12.069) 
2025-04-21 15:13:02-495 [DiscoveryClient-InstanceInfoReplicator-%d] INFO  c.netflix.discovery.DiscoveryClient - DiscoveryClient_WALLET-SERVICE-API/wallet-service-api:9292 - registration status: 204 
2025-04-21 15:13:03-560 [main] INFO  c.y.w.s.a.service.WalletServiceImpl - Subscribed to yanki wallet request 
2025-04-21 15:13:03-605 [main] INFO  c.y.w.s.a.service.WalletServiceImpl - Subscribed to yanki wallet respose 
2025-04-21 15:13:03-742 [SpringApplicationShutdownHook] INFO  o.s.c.n.e.s.EurekaServiceRegistry - Unregistering application WALLET-SERVICE-API with eureka with status DOWN 
2025-04-21 15:13:03-743 [SpringApplicationShutdownHook] INFO  c.netflix.discovery.DiscoveryClient - Saw local status change event StatusChangeEvent [timestamp=1745266383743, current=DOWN, previous=UP] 
2025-04-21 15:13:03-743 [DiscoveryClient-InstanceInfoReplicator-%d] INFO  c.netflix.discovery.DiscoveryClient - DiscoveryClient_WALLET-SERVICE-API/wallet-service-api:9292: registering service... 
2025-04-21 15:13:03-751 [DiscoveryClient-InstanceInfoReplicator-%d] INFO  c.netflix.discovery.DiscoveryClient - DiscoveryClient_WALLET-SERVICE-API/wallet-service-api:9292 - registration status: 204 
2025-04-21 15:13:05-956 [SpringApplicationShutdownHook] INFO  c.netflix.discovery.DiscoveryClient - Shutting down DiscoveryClient ... 
2025-04-21 15:13:08-965 [SpringApplicationShutdownHook] INFO  c.netflix.discovery.DiscoveryClient - Unregistering ... 
2025-04-21 15:13:08-983 [SpringApplicationShutdownHook] INFO  c.netflix.discovery.DiscoveryClient - DiscoveryClient_WALLET-SERVICE-API/wallet-service-api:9292 - deregister  status: 200 
2025-04-21 15:13:08-984 [SpringApplicationShutdownHook] INFO  c.netflix.discovery.DiscoveryClient - Completed shut down of DiscoveryClient 
2025-04-21 15:13:36-418 [main] INFO  o.s.t.c.s.AnnotationConfigContextLoaderUtils - Could not detect default configuration classes for test class [com.yanki.wallet.service.api.service.WalletServiceImplTest]: WalletServiceImplTest does not declare any static, non-private, non-final, nested classes annotated with @Configuration. 
2025-04-21 15:13:36-646 [main] INFO  o.s.b.t.c.SpringBootTestContextBootstrapper - Found @SpringBootConfiguration com.yanki.wallet.service.api.WalletServiceApiApplication for test class com.yanki.wallet.service.api.service.WalletServiceImplTest 
2025-04-21 15:13:41-577 [main] INFO  c.y.w.s.a.s.WalletServiceImplTest - Starting WalletServiceImplTest using Java 17.0.12 with PID 8216 (started by mgarcsar in C:\Users\mgarcsar\Documents\Bootcamp\etregables\Yanki\wallet-service-api) 
2025-04-21 15:13:41-579 [main] INFO  c.y.w.s.a.s.WalletServiceImplTest - The following 1 profile is active: "local" 
2025-04-21 15:13:41-610 [main] INFO  o.s.c.c.c.ConfigServerConfigDataLoader - Fetching config from server at : http://localhost:8888 
2025-04-21 15:13:41-611 [main] INFO  o.s.c.c.c.ConfigServerConfigDataLoader - Located environment: name=wallet-service-api, profiles=[default], label=null, version=5948961345ff92c7a8feec89a952e9773d3de713, state= 
2025-04-21 15:13:41-611 [main] INFO  o.s.c.c.c.ConfigServerConfigDataLoader - Fetching config from server at : http://localhost:8888 
2025-04-21 15:13:41-611 [main] INFO  o.s.c.c.c.ConfigServerConfigDataLoader - Located environment: name=wallet-service-api, profiles=[local], label=null, version=5948961345ff92c7a8feec89a952e9773d3de713, state= 
2025-04-21 15:13:42-692 [main] INFO  o.s.d.r.c.RepositoryConfigurationDelegate - Bootstrapping Spring Data Reactive MongoDB repositories in DEFAULT mode. 
2025-04-21 15:13:42-983 [main] INFO  o.s.d.r.c.RepositoryConfigurationDelegate - Finished Spring Data repository scanning in 284 ms. Found 1 Reactive MongoDB repository interface. 
2025-04-21 15:13:43-183 [main] INFO  o.s.cloud.context.scope.GenericScope - BeanFactory id=4defb1be-f08e-328a-8a59-702f932b085e 
2025-04-21 15:13:43-905 [main] INFO  org.mongodb.driver.client - MongoClient with metadata {"driver": {"name": "mongo-java-driver|reactive-streams|spring-boot", "version": "5.2.1"}, "os": {"type": "Windows", "name": "Windows 10", "architecture": "amd64", "version": "10.0"}, "platform": "Java/Oracle Corporation/17.0.12+8-LTS-286"} created with settings MongoClientSettings{readPreference=primary, writeConcern=WriteConcern{w=null, wTimeout=null ms, journal=null}, retryWrites=true, retryReads=true, readConcern=ReadConcern{level=null}, credential=null, transportSettings=NettyTransportSettings{eventLoopGroup=io.netty.channel.nio.NioEventLoopGroup@3c826498, socketChannelClass=null, allocator=null, sslContext=null}, commandListeners=[io.micrometer.core.instrument.binder.mongodb.MongoMetricsCommandListener@2633d09c], codecRegistry=ProvidersCodecRegistry{codecProviders=[ValueCodecProvider{}, BsonValueCodecProvider{}, DBRefCodecProvider{}, DBObjectCodecProvider{}, DocumentCodecProvider{}, CollectionCodecProvider{}, IterableCodecProvider{}, MapCodecProvider{}, GeoJsonCodecProvider{}, GridFSFileCodecProvider{}, Jsr310CodecProvider{}, JsonObjectCodecProvider{}, BsonCodecProvider{}, EnumCodecProvider{}, com.mongodb.client.model.mql.ExpressionCodecProvider@54f25b42, com.mongodb.Jep395RecordCodecProvider@521c67f0, com.mongodb.KotlinCodecProvider@7d156f8f]}, loggerSettings=LoggerSettings{maxDocumentLength=1000}, clusterSettings={hosts=[localhost:27017], srvServiceName=mongodb, mode=SINGLE, requiredClusterType=UNKNOWN, requiredReplicaSetName='null', serverSelector='null', clusterListeners='[]', serverSelectionTimeout='30000 ms', localThreshold='15 ms'}, socketSettings=SocketSettings{connectTimeoutMS=10000, readTimeoutMS=0, receiveBufferSize=0, proxySettings=ProxySettings{host=null, port=null, username=null, password=null}}, heartbeatSocketSettings=SocketSettings{connectTimeoutMS=10000, readTimeoutMS=10000, receiveBufferSize=0, proxySettings=ProxySettings{host=null, port=null, username=null, password=null}}, connectionPoolSettings=ConnectionPoolSettings{maxSize=100, minSize=0, maxWaitTimeMS=120000, maxConnectionLifeTimeMS=0, maxConnectionIdleTimeMS=0, maintenanceInitialDelayMS=0, maintenanceFrequencyMS=60000, connectionPoolListeners=[io.micrometer.core.instrument.binder.mongodb.MongoMetricsConnectionPoolListener@451af781], maxConnecting=2}, serverSettings=ServerSettings{heartbeatFrequencyMS=10000, minHeartbeatFrequencyMS=500, serverMonitoringMode=AUTO, serverListeners='[]', serverMonitorListeners='[]'}, sslSettings=SslSettings{enabled=false, invalidHostNameAllowed=false, context=null}, applicationName='null', compressorList=[], uuidRepresentation=JAVA_LEGACY, serverApi=null, autoEncryptionSettings=null, dnsClient=null, inetAddressResolver=null, contextProvider=null, timeoutMS=null} 
2025-04-21 15:13:44-160 [cluster-ClusterId{value='6806a6f756ed422b7652df6f', description='null'}-localhost:27017] INFO  org.mongodb.driver.cluster - Monitor thread successfully connected to server with description ServerDescription{address=localhost:27017, type=STANDALONE, cryptd=false, state=CONNECTED, ok=true, minWireVersion=0, maxWireVersion=25, maxDocumentSize=16777216, logicalSessionTimeoutMinutes=30, roundTripTimeNanos=105026000, minRoundTripTimeNanos=0} 
2025-04-21 15:13:45-126 [main] INFO  o.s.v.b.OptionalValidatorFactoryBean - Failed to set up a Bean Validation provider: jakarta.validation.NoProviderFoundException: Unable to create a Configuration, because no Jakarta Bean Validation provider could be found. Add a provider like Hibernate Validator (RI) to your classpath. 
2025-04-21 15:13:46-690 [main] INFO  o.s.b.a.e.web.EndpointLinksResolver - Exposing 2 endpoints beneath base path '/actuator' 
2025-04-21 15:13:47-270 [main] INFO  o.s.c.n.e.c.DiscoveryClientOptionalArgsConfiguration - Eureka HTTP Client uses RestTemplate. 
2025-04-21 15:13:47-332 [main] WARN  o.s.c.l.c.LoadBalancerCacheAutoConfiguration$LoadBalancerCaffeineWarnLogger - Spring Cloud LoadBalancer is currently working with the default cache. While this cache implementation is useful for development and tests, it's recommended to use Caffeine cache in production.You can switch to using Caffeine cache, by adding it and org.springframework.cache.caffeine.CaffeineCacheManager to the classpath. 
2025-04-21 15:13:47-397 [main] INFO  o.s.c.n.eureka.InstanceInfoFactory - Setting initial instance status as: STARTING 
2025-04-21 15:13:47-434 [main] INFO  c.netflix.discovery.DiscoveryClient - Initializing Eureka in region us-east-1 
2025-04-21 15:13:47-441 [main] INFO  c.n.d.s.r.aws.ConfigClusterResolver - Resolving eureka endpoints via configuration 
2025-04-21 15:13:47-457 [main] INFO  c.netflix.discovery.DiscoveryClient - Disable delta property : false 
2025-04-21 15:13:47-458 [main] INFO  c.netflix.discovery.DiscoveryClient - Single vip registry refresh property : null 
2025-04-21 15:13:47-458 [main] INFO  c.netflix.discovery.DiscoveryClient - Force full registry fetch : false 
2025-04-21 15:13:47-458 [main] INFO  c.netflix.discovery.DiscoveryClient - Application is null : false 
2025-04-21 15:13:47-458 [main] INFO  c.netflix.discovery.DiscoveryClient - Registered Applications size is zero : true 
2025-04-21 15:13:47-458 [main] INFO  c.netflix.discovery.DiscoveryClient - Application version is -1: true 
2025-04-21 15:13:47-458 [main] INFO  c.netflix.discovery.DiscoveryClient - Getting all instance registry info from the eureka server 
2025-04-21 15:13:47-897 [main] INFO  c.netflix.discovery.DiscoveryClient - The response status is 200 
2025-04-21 15:13:47-900 [main] INFO  c.netflix.discovery.DiscoveryClient - Starting heartbeat executor: renew interval is: 30 
2025-04-21 15:13:47-904 [main] INFO  c.n.discovery.InstanceInfoReplicator - InstanceInfoReplicator onDemand update allowed rate per min is 4 
2025-04-21 15:13:47-907 [main] INFO  c.netflix.discovery.DiscoveryClient - Discovery Client initialized at timestamp 1745266427906 with initial instances count: 3 
2025-04-21 15:13:47-911 [main] INFO  o.s.c.n.e.s.EurekaServiceRegistry - Registering application WALLET-SERVICE-API with eureka with status UP 
2025-04-21 15:13:47-913 [main] INFO  c.netflix.discovery.DiscoveryClient - Saw local status change event StatusChangeEvent [timestamp=1745266427913, current=UP, previous=STARTING] 
2025-04-21 15:13:47-915 [DiscoveryClient-InstanceInfoReplicator-%d] INFO  c.netflix.discovery.DiscoveryClient - DiscoveryClient_WALLET-SERVICE-API/wallet-service-api:9292: registering service... 
2025-04-21 15:13:47-938 [main] INFO  c.y.w.s.a.s.WalletServiceImplTest - Started WalletServiceImplTest in 10.713 seconds (process running for 13.331) 
2025-04-21 15:13:47-978 [DiscoveryClient-InstanceInfoReplicator-%d] INFO  c.netflix.discovery.DiscoveryClient - DiscoveryClient_WALLET-SERVICE-API/wallet-service-api:9292 - registration status: 204 
2025-04-21 15:13:49-150 [main] INFO  c.y.w.s.a.service.WalletServiceImpl - Subscribed to yanki wallet request 
2025-04-21 15:13:49-207 [main] INFO  c.y.w.s.a.service.WalletServiceImpl - Subscribed to yanki wallet respose 
2025-04-21 15:13:49-326 [SpringApplicationShutdownHook] INFO  o.s.c.n.e.s.EurekaServiceRegistry - Unregistering application WALLET-SERVICE-API with eureka with status DOWN 
2025-04-21 15:13:49-326 [SpringApplicationShutdownHook] INFO  c.netflix.discovery.DiscoveryClient - Saw local status change event StatusChangeEvent [timestamp=1745266429326, current=DOWN, previous=UP] 
2025-04-21 15:13:49-327 [DiscoveryClient-InstanceInfoReplicator-%d] INFO  c.netflix.discovery.DiscoveryClient - DiscoveryClient_WALLET-SERVICE-API/wallet-service-api:9292: registering service... 
2025-04-21 15:13:49-334 [DiscoveryClient-InstanceInfoReplicator-%d] INFO  c.netflix.discovery.DiscoveryClient - DiscoveryClient_WALLET-SERVICE-API/wallet-service-api:9292 - registration status: 204 
2025-04-21 15:13:51-477 [SpringApplicationShutdownHook] INFO  c.netflix.discovery.DiscoveryClient - Shutting down DiscoveryClient ... 
2025-04-21 15:13:54-480 [SpringApplicationShutdownHook] INFO  c.netflix.discovery.DiscoveryClient - Unregistering ... 
2025-04-21 15:13:54-498 [SpringApplicationShutdownHook] INFO  c.netflix.discovery.DiscoveryClient - DiscoveryClient_WALLET-SERVICE-API/wallet-service-api:9292 - deregister  status: 200 
2025-04-21 15:13:54-499 [SpringApplicationShutdownHook] INFO  c.netflix.discovery.DiscoveryClient - Completed shut down of DiscoveryClient 
2025-04-21 16:10:37-725 [main] INFO  o.s.t.c.s.AnnotationConfigContextLoaderUtils - Could not detect default configuration classes for test class [com.yanki.wallet.service.api.service.WalletServiceImplTest]: WalletServiceImplTest does not declare any static, non-private, non-final, nested classes annotated with @Configuration. 
2025-04-21 16:10:38-021 [main] INFO  o.s.b.t.c.SpringBootTestContextBootstrapper - Found @SpringBootConfiguration com.yanki.wallet.service.api.WalletServiceApiApplication for test class com.yanki.wallet.service.api.service.WalletServiceImplTest 
2025-04-21 16:10:44-462 [main] INFO  c.y.w.s.a.s.WalletServiceImplTest - Starting WalletServiceImplTest using Java 17.0.12 with PID 28632 (started by mgarcsar in C:\Users\mgarcsar\Documents\Bootcamp\etregables\Yanki\wallet-service-api) 
2025-04-21 16:10:44-463 [main] INFO  c.y.w.s.a.s.WalletServiceImplTest - The following 1 profile is active: "local" 
2025-04-21 16:10:44-504 [main] INFO  o.s.c.c.c.ConfigServerConfigDataLoader - Fetching config from server at : http://localhost:8888 
2025-04-21 16:10:44-504 [main] INFO  o.s.c.c.c.ConfigServerConfigDataLoader - Located environment: name=wallet-service-api, profiles=[default], label=null, version=5948961345ff92c7a8feec89a952e9773d3de713, state= 
2025-04-21 16:10:44-505 [main] INFO  o.s.c.c.c.ConfigServerConfigDataLoader - Fetching config from server at : http://localhost:8888 
2025-04-21 16:10:44-505 [main] INFO  o.s.c.c.c.ConfigServerConfigDataLoader - Located environment: name=wallet-service-api, profiles=[local], label=null, version=5948961345ff92c7a8feec89a952e9773d3de713, state= 
2025-04-21 16:10:45-823 [main] INFO  o.s.d.r.c.RepositoryConfigurationDelegate - Bootstrapping Spring Data Reactive MongoDB repositories in DEFAULT mode. 
2025-04-21 16:10:46-517 [main] INFO  o.s.d.r.c.RepositoryConfigurationDelegate - Finished Spring Data repository scanning in 684 ms. Found 1 Reactive MongoDB repository interface. 
2025-04-21 16:10:46-992 [main] INFO  o.s.cloud.context.scope.GenericScope - BeanFactory id=4defb1be-f08e-328a-8a59-702f932b085e 
2025-04-21 16:10:50-185 [main] INFO  org.mongodb.driver.client - MongoClient with metadata {"driver": {"name": "mongo-java-driver|reactive-streams|spring-boot", "version": "5.2.1"}, "os": {"type": "Windows", "name": "Windows 10", "architecture": "amd64", "version": "10.0"}, "platform": "Java/Oracle Corporation/17.0.12+8-LTS-286"} created with settings MongoClientSettings{readPreference=primary, writeConcern=WriteConcern{w=null, wTimeout=null ms, journal=null}, retryWrites=true, retryReads=true, readConcern=ReadConcern{level=null}, credential=null, transportSettings=NettyTransportSettings{eventLoopGroup=io.netty.channel.nio.NioEventLoopGroup@f92ee1b, socketChannelClass=null, allocator=null, sslContext=null}, commandListeners=[io.micrometer.core.instrument.binder.mongodb.MongoMetricsCommandListener@15d67d0f], codecRegistry=ProvidersCodecRegistry{codecProviders=[ValueCodecProvider{}, BsonValueCodecProvider{}, DBRefCodecProvider{}, DBObjectCodecProvider{}, DocumentCodecProvider{}, CollectionCodecProvider{}, IterableCodecProvider{}, MapCodecProvider{}, GeoJsonCodecProvider{}, GridFSFileCodecProvider{}, Jsr310CodecProvider{}, JsonObjectCodecProvider{}, BsonCodecProvider{}, EnumCodecProvider{}, com.mongodb.client.model.mql.ExpressionCodecProvider@38ab2740, com.mongodb.Jep395RecordCodecProvider@4463d9b7, com.mongodb.KotlinCodecProvider@5c991516]}, loggerSettings=LoggerSettings{maxDocumentLength=1000}, clusterSettings={hosts=[localhost:27017], srvServiceName=mongodb, mode=SINGLE, requiredClusterType=UNKNOWN, requiredReplicaSetName='null', serverSelector='null', clusterListeners='[]', serverSelectionTimeout='30000 ms', localThreshold='15 ms'}, socketSettings=SocketSettings{connectTimeoutMS=10000, readTimeoutMS=0, receiveBufferSize=0, proxySettings=ProxySettings{host=null, port=null, username=null, password=null}}, heartbeatSocketSettings=SocketSettings{connectTimeoutMS=10000, readTimeoutMS=10000, receiveBufferSize=0, proxySettings=ProxySettings{host=null, port=null, username=null, password=null}}, connectionPoolSettings=ConnectionPoolSettings{maxSize=100, minSize=0, maxWaitTimeMS=120000, maxConnectionLifeTimeMS=0, maxConnectionIdleTimeMS=0, maintenanceInitialDelayMS=0, maintenanceFrequencyMS=60000, connectionPoolListeners=[io.micrometer.core.instrument.binder.mongodb.MongoMetricsConnectionPoolListener@7a01358f], maxConnecting=2}, serverSettings=ServerSettings{heartbeatFrequencyMS=10000, minHeartbeatFrequencyMS=500, serverMonitoringMode=AUTO, serverListeners='[]', serverMonitorListeners='[]'}, sslSettings=SslSettings{enabled=false, invalidHostNameAllowed=false, context=null}, applicationName='null', compressorList=[], uuidRepresentation=JAVA_LEGACY, serverApi=null, autoEncryptionSettings=null, dnsClient=null, inetAddressResolver=null, contextProvider=null, timeoutMS=null} 
2025-04-21 16:10:50-825 [cluster-ClusterId{value='6806b459d4bb55526fdbbb18', description='null'}-localhost:27017] INFO  org.mongodb.driver.cluster - Monitor thread successfully connected to server with description ServerDescription{address=localhost:27017, type=STANDALONE, cryptd=false, state=CONNECTED, ok=true, minWireVersion=0, maxWireVersion=25, maxDocumentSize=16777216, logicalSessionTimeoutMinutes=30, roundTripTimeNanos=320097500, minRoundTripTimeNanos=0} 
2025-04-21 16:10:52-263 [main] INFO  o.s.v.b.OptionalValidatorFactoryBean - Failed to set up a Bean Validation provider: jakarta.validation.NoProviderFoundException: Unable to create a Configuration, because no Jakarta Bean Validation provider could be found. Add a provider like Hibernate Validator (RI) to your classpath. 
2025-04-21 16:10:54-199 [main] INFO  o.s.b.a.e.web.EndpointLinksResolver - Exposing 2 endpoints beneath base path '/actuator' 
2025-04-21 16:10:55-344 [main] INFO  o.s.c.n.e.c.DiscoveryClientOptionalArgsConfiguration - Eureka HTTP Client uses RestTemplate. 
2025-04-21 16:10:55-524 [main] WARN  o.s.c.l.c.LoadBalancerCacheAutoConfiguration$LoadBalancerCaffeineWarnLogger - Spring Cloud LoadBalancer is currently working with the default cache. While this cache implementation is useful for development and tests, it's recommended to use Caffeine cache in production.You can switch to using Caffeine cache, by adding it and org.springframework.cache.caffeine.CaffeineCacheManager to the classpath. 
2025-04-21 16:10:55-682 [main] INFO  o.s.c.n.eureka.InstanceInfoFactory - Setting initial instance status as: STARTING 
2025-04-21 16:10:55-772 [main] INFO  c.netflix.discovery.DiscoveryClient - Initializing Eureka in region us-east-1 
2025-04-21 16:10:55-784 [main] INFO  c.n.d.s.r.aws.ConfigClusterResolver - Resolving eureka endpoints via configuration 
2025-04-21 16:10:55-813 [main] INFO  c.netflix.discovery.DiscoveryClient - Disable delta property : false 
2025-04-21 16:10:55-813 [main] INFO  c.netflix.discovery.DiscoveryClient - Single vip registry refresh property : null 
2025-04-21 16:10:55-814 [main] INFO  c.netflix.discovery.DiscoveryClient - Force full registry fetch : false 
2025-04-21 16:10:55-814 [main] INFO  c.netflix.discovery.DiscoveryClient - Application is null : false 
2025-04-21 16:10:55-814 [main] INFO  c.netflix.discovery.DiscoveryClient - Registered Applications size is zero : true 
2025-04-21 16:10:55-814 [main] INFO  c.netflix.discovery.DiscoveryClient - Application version is -1: true 
2025-04-21 16:10:55-814 [main] INFO  c.netflix.discovery.DiscoveryClient - Getting all instance registry info from the eureka server 
2025-04-21 16:10:56-309 [main] INFO  c.netflix.discovery.DiscoveryClient - The response status is 200 
2025-04-21 16:10:56-312 [main] INFO  c.netflix.discovery.DiscoveryClient - Starting heartbeat executor: renew interval is: 30 
2025-04-21 16:10:56-316 [main] INFO  c.n.discovery.InstanceInfoReplicator - InstanceInfoReplicator onDemand update allowed rate per min is 4 
2025-04-21 16:10:56-319 [main] INFO  c.netflix.discovery.DiscoveryClient - Discovery Client initialized at timestamp 1745269856319 with initial instances count: 3 
2025-04-21 16:10:56-324 [main] INFO  o.s.c.n.e.s.EurekaServiceRegistry - Registering application WALLET-SERVICE-API with eureka with status UP 
2025-04-21 16:10:56-325 [main] INFO  c.netflix.discovery.DiscoveryClient - Saw local status change event StatusChangeEvent [timestamp=1745269856325, current=UP, previous=STARTING] 
2025-04-21 16:10:56-327 [DiscoveryClient-InstanceInfoReplicator-%d] INFO  c.netflix.discovery.DiscoveryClient - DiscoveryClient_WALLET-SERVICE-API/wallet-service-api:9292: registering service... 
2025-04-21 16:10:56-372 [main] INFO  c.y.w.s.a.s.WalletServiceImplTest - Started WalletServiceImplTest in 17.794 seconds (process running for 20.578) 
2025-04-21 16:10:56-431 [DiscoveryClient-InstanceInfoReplicator-%d] INFO  c.netflix.discovery.DiscoveryClient - DiscoveryClient_WALLET-SERVICE-API/wallet-service-api:9292 - registration status: 204 
2025-04-21 16:10:57-547 [main] INFO  c.y.w.s.a.service.WalletServiceImpl - Subscribed to yanki wallet request 
2025-04-21 16:10:57-610 [main] INFO  c.y.w.s.a.service.WalletServiceImpl - Subscribed to yanki wallet respose 
2025-04-21 16:10:57-756 [main] INFO  o.s.t.c.s.AnnotationConfigContextLoaderUtils - Could not detect default configuration classes for test class [com.yanki.wallet.service.api.WalletServiceApiApplicationTests]: WalletServiceApiApplicationTests does not declare any static, non-private, non-final, nested classes annotated with @Configuration. 
2025-04-21 16:10:57-769 [main] INFO  o.s.b.t.c.SpringBootTestContextBootstrapper - Found @SpringBootConfiguration com.yanki.wallet.service.api.WalletServiceApiApplication for test class com.yanki.wallet.service.api.WalletServiceApiApplicationTests 
2025-04-21 16:10:57-832 [SpringApplicationShutdownHook] INFO  o.s.c.n.e.s.EurekaServiceRegistry - Unregistering application WALLET-SERVICE-API with eureka with status DOWN 
2025-04-21 16:10:57-833 [SpringApplicationShutdownHook] INFO  c.netflix.discovery.DiscoveryClient - Saw local status change event StatusChangeEvent [timestamp=1745269857833, current=DOWN, previous=UP] 
2025-04-21 16:10:57-833 [DiscoveryClient-InstanceInfoReplicator-%d] INFO  c.netflix.discovery.DiscoveryClient - DiscoveryClient_WALLET-SERVICE-API/wallet-service-api:9292: registering service... 
2025-04-21 16:10:57-839 [DiscoveryClient-InstanceInfoReplicator-%d] INFO  c.netflix.discovery.DiscoveryClient - DiscoveryClient_WALLET-SERVICE-API/wallet-service-api:9292 - registration status: 204 
2025-04-21 16:10:58-336 [nioEventLoopGroup-2-3] INFO  c.y.w.s.a.service.WalletServiceImpl - Created yanki wallet respose 
2025-04-21 16:11:00-465 [SpringApplicationShutdownHook] INFO  c.netflix.discovery.DiscoveryClient - Shutting down DiscoveryClient ... 
2025-04-21 16:11:03-475 [SpringApplicationShutdownHook] INFO  c.netflix.discovery.DiscoveryClient - Unregistering ... 
2025-04-21 16:11:03-494 [SpringApplicationShutdownHook] INFO  c.netflix.discovery.DiscoveryClient - DiscoveryClient_WALLET-SERVICE-API/wallet-service-api:9292 - deregister  status: 200 
2025-04-21 16:11:03-495 [SpringApplicationShutdownHook] INFO  c.netflix.discovery.DiscoveryClient - Completed shut down of DiscoveryClient 
2025-04-21 16:11:22-246 [main] INFO  o.s.t.c.s.AnnotationConfigContextLoaderUtils - Could not detect default configuration classes for test class [com.yanki.wallet.service.api.service.WalletServiceImplTest]: WalletServiceImplTest does not declare any static, non-private, non-final, nested classes annotated with @Configuration. 
2025-04-21 16:11:22-587 [main] INFO  o.s.b.t.c.SpringBootTestContextBootstrapper - Found @SpringBootConfiguration com.yanki.wallet.service.api.WalletServiceApiApplication for test class com.yanki.wallet.service.api.service.WalletServiceImplTest 
2025-04-21 16:11:29-980 [main] INFO  c.y.w.s.a.s.WalletServiceImplTest - Starting WalletServiceImplTest using Java 17.0.12 with PID 20920 (started by mgarcsar in C:\Users\mgarcsar\Documents\Bootcamp\etregables\Yanki\wallet-service-api) 
2025-04-21 16:11:29-982 [main] INFO  c.y.w.s.a.s.WalletServiceImplTest - The following 1 profile is active: "local" 
2025-04-21 16:11:30-035 [main] INFO  o.s.c.c.c.ConfigServerConfigDataLoader - Fetching config from server at : http://localhost:8888 
2025-04-21 16:11:30-036 [main] INFO  o.s.c.c.c.ConfigServerConfigDataLoader - Located environment: name=wallet-service-api, profiles=[default], label=null, version=5948961345ff92c7a8feec89a952e9773d3de713, state= 
2025-04-21 16:11:30-036 [main] INFO  o.s.c.c.c.ConfigServerConfigDataLoader - Fetching config from server at : http://localhost:8888 
2025-04-21 16:11:30-036 [main] INFO  o.s.c.c.c.ConfigServerConfigDataLoader - Located environment: name=wallet-service-api, profiles=[local], label=null, version=5948961345ff92c7a8feec89a952e9773d3de713, state= 
2025-04-21 16:11:31-883 [main] INFO  o.s.d.r.c.RepositoryConfigurationDelegate - Bootstrapping Spring Data Reactive MongoDB repositories in DEFAULT mode. 
2025-04-21 16:11:32-510 [main] INFO  o.s.d.r.c.RepositoryConfigurationDelegate - Finished Spring Data repository scanning in 613 ms. Found 1 Reactive MongoDB repository interface. 
2025-04-21 16:11:32-816 [main] INFO  o.s.cloud.context.scope.GenericScope - BeanFactory id=4defb1be-f08e-328a-8a59-702f932b085e 
2025-04-21 16:11:34-099 [main] INFO  org.mongodb.driver.client - MongoClient with metadata {"driver": {"name": "mongo-java-driver|reactive-streams|spring-boot", "version": "5.2.1"}, "os": {"type": "Windows", "name": "Windows 10", "architecture": "amd64", "version": "10.0"}, "platform": "Java/Oracle Corporation/17.0.12+8-LTS-286"} created with settings MongoClientSettings{readPreference=primary, writeConcern=WriteConcern{w=null, wTimeout=null ms, journal=null}, retryWrites=true, retryReads=true, readConcern=ReadConcern{level=null}, credential=null, transportSettings=NettyTransportSettings{eventLoopGroup=io.netty.channel.nio.NioEventLoopGroup@1f477a9d, socketChannelClass=null, allocator=null, sslContext=null}, commandListeners=[io.micrometer.core.instrument.binder.mongodb.MongoMetricsCommandListener@391852ad], codecRegistry=ProvidersCodecRegistry{codecProviders=[ValueCodecProvider{}, BsonValueCodecProvider{}, DBRefCodecProvider{}, DBObjectCodecProvider{}, DocumentCodecProvider{}, CollectionCodecProvider{}, IterableCodecProvider{}, MapCodecProvider{}, GeoJsonCodecProvider{}, GridFSFileCodecProvider{}, Jsr310CodecProvider{}, JsonObjectCodecProvider{}, BsonCodecProvider{}, EnumCodecProvider{}, com.mongodb.client.model.mql.ExpressionCodecProvider@700c4246, com.mongodb.Jep395RecordCodecProvider@15bb5d71, com.mongodb.KotlinCodecProvider@310c4ec9]}, loggerSettings=LoggerSettings{maxDocumentLength=1000}, clusterSettings={hosts=[localhost:27017], srvServiceName=mongodb, mode=SINGLE, requiredClusterType=UNKNOWN, requiredReplicaSetName='null', serverSelector='null', clusterListeners='[]', serverSelectionTimeout='30000 ms', localThreshold='15 ms'}, socketSettings=SocketSettings{connectTimeoutMS=10000, readTimeoutMS=0, receiveBufferSize=0, proxySettings=ProxySettings{host=null, port=null, username=null, password=null}}, heartbeatSocketSettings=SocketSettings{connectTimeoutMS=10000, readTimeoutMS=10000, receiveBufferSize=0, proxySettings=ProxySettings{host=null, port=null, username=null, password=null}}, connectionPoolSettings=ConnectionPoolSettings{maxSize=100, minSize=0, maxWaitTimeMS=120000, maxConnectionLifeTimeMS=0, maxConnectionIdleTimeMS=0, maintenanceInitialDelayMS=0, maintenanceFrequencyMS=60000, connectionPoolListeners=[io.micrometer.core.instrument.binder.mongodb.MongoMetricsConnectionPoolListener@4afaef7f], maxConnecting=2}, serverSettings=ServerSettings{heartbeatFrequencyMS=10000, minHeartbeatFrequencyMS=500, serverMonitoringMode=AUTO, serverListeners='[]', serverMonitorListeners='[]'}, sslSettings=SslSettings{enabled=false, invalidHostNameAllowed=false, context=null}, applicationName='null', compressorList=[], uuidRepresentation=JAVA_LEGACY, serverApi=null, autoEncryptionSettings=null, dnsClient=null, inetAddressResolver=null, contextProvider=null, timeoutMS=null} 
2025-04-21 16:11:34-401 [cluster-ClusterId{value='6806b48504834e63e564f0d7', description='null'}-localhost:27017] INFO  org.mongodb.driver.cluster - Monitor thread successfully connected to server with description ServerDescription{address=localhost:27017, type=STANDALONE, cryptd=false, state=CONNECTED, ok=true, minWireVersion=0, maxWireVersion=25, maxDocumentSize=16777216, logicalSessionTimeoutMinutes=30, roundTripTimeNanos=158166200, minRoundTripTimeNanos=0} 
2025-04-21 16:11:35-723 [main] INFO  o.s.v.b.OptionalValidatorFactoryBean - Failed to set up a Bean Validation provider: jakarta.validation.NoProviderFoundException: Unable to create a Configuration, because no Jakarta Bean Validation provider could be found. Add a provider like Hibernate Validator (RI) to your classpath. 
2025-04-21 16:11:37-584 [main] INFO  o.s.b.a.e.web.EndpointLinksResolver - Exposing 2 endpoints beneath base path '/actuator' 
2025-04-21 16:11:38-350 [main] INFO  o.s.c.n.e.c.DiscoveryClientOptionalArgsConfiguration - Eureka HTTP Client uses RestTemplate. 
2025-04-21 16:11:38-441 [main] WARN  o.s.c.l.c.LoadBalancerCacheAutoConfiguration$LoadBalancerCaffeineWarnLogger - Spring Cloud LoadBalancer is currently working with the default cache. While this cache implementation is useful for development and tests, it's recommended to use Caffeine cache in production.You can switch to using Caffeine cache, by adding it and org.springframework.cache.caffeine.CaffeineCacheManager to the classpath. 
2025-04-21 16:11:38-517 [main] INFO  o.s.c.n.eureka.InstanceInfoFactory - Setting initial instance status as: STARTING 
2025-04-21 16:11:38-563 [main] INFO  c.netflix.discovery.DiscoveryClient - Initializing Eureka in region us-east-1 
2025-04-21 16:11:38-573 [main] INFO  c.n.d.s.r.aws.ConfigClusterResolver - Resolving eureka endpoints via configuration 
2025-04-21 16:11:38-595 [main] INFO  c.netflix.discovery.DiscoveryClient - Disable delta property : false 
2025-04-21 16:11:38-595 [main] INFO  c.netflix.discovery.DiscoveryClient - Single vip registry refresh property : null 
2025-04-21 16:11:38-595 [main] INFO  c.netflix.discovery.DiscoveryClient - Force full registry fetch : false 
2025-04-21 16:11:38-595 [main] INFO  c.netflix.discovery.DiscoveryClient - Application is null : false 
2025-04-21 16:11:38-595 [main] INFO  c.netflix.discovery.DiscoveryClient - Registered Applications size is zero : true 
2025-04-21 16:11:38-595 [main] INFO  c.netflix.discovery.DiscoveryClient - Application version is -1: true 
2025-04-21 16:11:38-595 [main] INFO  c.netflix.discovery.DiscoveryClient - Getting all instance registry info from the eureka server 
2025-04-21 16:11:39-073 [main] INFO  c.netflix.discovery.DiscoveryClient - The response status is 200 
2025-04-21 16:11:39-076 [main] INFO  c.netflix.discovery.DiscoveryClient - Starting heartbeat executor: renew interval is: 30 
2025-04-21 16:11:39-081 [main] INFO  c.n.discovery.InstanceInfoReplicator - InstanceInfoReplicator onDemand update allowed rate per min is 4 
2025-04-21 16:11:39-083 [main] INFO  c.netflix.discovery.DiscoveryClient - Discovery Client initialized at timestamp 1745269899083 with initial instances count: 3 
2025-04-21 16:11:39-089 [main] INFO  o.s.c.n.e.s.EurekaServiceRegistry - Registering application WALLET-SERVICE-API with eureka with status UP 
2025-04-21 16:11:39-091 [main] INFO  c.netflix.discovery.DiscoveryClient - Saw local status change event StatusChangeEvent [timestamp=1745269899091, current=UP, previous=STARTING] 
2025-04-21 16:11:39-095 [DiscoveryClient-InstanceInfoReplicator-%d] INFO  c.netflix.discovery.DiscoveryClient - DiscoveryClient_WALLET-SERVICE-API/wallet-service-api:9292: registering service... 
2025-04-21 16:11:39-118 [main] INFO  c.y.w.s.a.s.WalletServiceImplTest - Started WalletServiceImplTest in 15.636 seconds (process running for 20.405) 
2025-04-21 16:11:39-173 [DiscoveryClient-InstanceInfoReplicator-%d] INFO  c.netflix.discovery.DiscoveryClient - DiscoveryClient_WALLET-SERVICE-API/wallet-service-api:9292 - registration status: 204 
2025-04-21 16:11:40-637 [main] INFO  c.y.w.s.a.service.WalletServiceImpl - Subscribed to yanki wallet request 
2025-04-21 16:11:40-745 [main] INFO  c.y.w.s.a.service.WalletServiceImpl - Subscribed to yanki wallet respose 
2025-04-21 16:11:41-001 [main] INFO  o.s.t.c.s.AnnotationConfigContextLoaderUtils - Could not detect default configuration classes for test class [com.yanki.wallet.service.api.WalletServiceApiApplicationTests]: WalletServiceApiApplicationTests does not declare any static, non-private, non-final, nested classes annotated with @Configuration. 
2025-04-21 16:11:41-014 [main] INFO  o.s.b.t.c.SpringBootTestContextBootstrapper - Found @SpringBootConfiguration com.yanki.wallet.service.api.WalletServiceApiApplication for test class com.yanki.wallet.service.api.WalletServiceApiApplicationTests 
2025-04-21 16:11:41-042 [SpringApplicationShutdownHook] INFO  o.s.c.n.e.s.EurekaServiceRegistry - Unregistering application WALLET-SERVICE-API with eureka with status DOWN 
2025-04-21 16:11:41-042 [SpringApplicationShutdownHook] INFO  c.netflix.discovery.DiscoveryClient - Saw local status change event StatusChangeEvent [timestamp=1745269901042, current=DOWN, previous=UP] 
2025-04-21 16:11:41-045 [DiscoveryClient-InstanceInfoReplicator-%d] INFO  c.netflix.discovery.DiscoveryClient - DiscoveryClient_WALLET-SERVICE-API/wallet-service-api:9292: registering service... 
2025-04-21 16:11:41-063 [DiscoveryClient-InstanceInfoReplicator-%d] INFO  c.netflix.discovery.DiscoveryClient - DiscoveryClient_WALLET-SERVICE-API/wallet-service-api:9292 - registration status: 204 
2025-04-21 16:11:43-212 [SpringApplicationShutdownHook] INFO  c.netflix.discovery.DiscoveryClient - Shutting down DiscoveryClient ... 
2025-04-21 16:11:46-227 [SpringApplicationShutdownHook] INFO  c.netflix.discovery.DiscoveryClient - Unregistering ... 
2025-04-21 16:11:46-246 [SpringApplicationShutdownHook] INFO  c.netflix.discovery.DiscoveryClient - DiscoveryClient_WALLET-SERVICE-API/wallet-service-api:9292 - deregister  status: 200 
2025-04-21 16:11:46-247 [SpringApplicationShutdownHook] INFO  c.netflix.discovery.DiscoveryClient - Completed shut down of DiscoveryClient 
