2025-04-23 18:10:50-153 [main] INFO  o.s.t.c.s.AnnotationConfigContextLoaderUtils - Could not detect default configuration classes for test class [com.yanki.movements.service.api.service.MovementServiceImplTest]: MovementServiceImplTest does not declare any static, non-private, non-final, nested classes annotated with @Configuration. 
2025-04-23 18:10:50-535 [main] INFO  o.s.b.t.c.SpringBootTestContextBootstrapper - Found @SpringBootConfiguration com.yanki.movements.service.api.MovementsServiceApiApplication for test class com.yanki.movements.service.api.service.MovementServiceImplTest 
2025-04-23 18:10:54-589 [main] INFO  c.y.m.s.a.s.MovementServiceImplTest - Starting MovementServiceImplTest using Java 17.0.12 with PID 26584 (started by mgarcsar in C:\Users\mgarcsar\Documents\Bootcamp\etregables\Yanki\movements-service-api) 
2025-04-23 18:10:54-590 [main] INFO  c.y.m.s.a.s.MovementServiceImplTest - The following 1 profile is active: "local" 
2025-04-23 18:10:54-693 [main] INFO  o.s.c.c.c.ConfigServerConfigDataLoader - Fetching config from server at : http://config-server-bc:8888 
2025-04-23 18:10:54-693 [main] INFO  o.s.c.c.c.ConfigServerConfigDataLoader - Exception on Url - http://config-server-bc:8888:org.springframework.web.client.ResourceAccessException: I/O error on GET request for "http://config-server-bc:8888/movements-service-api/default": config-server-bc. Will be trying the next url if available 
2025-04-23 18:10:54-693 [main] WARN  o.s.c.c.c.ConfigServerConfigDataLoader - Could not locate PropertySource ([ConfigServerConfigDataResource@4d9d9f2b uris = array<String>['http://config-server-bc:8888'], optional = true, profiles = 'default']): I/O error on GET request for "http://config-server-bc:8888/movements-service-api/default": config-server-bc 
2025-04-23 18:10:54-693 [main] INFO  o.s.c.c.c.ConfigServerConfigDataLoader - Fetching config from server at : http://config-server-bc:8888 
2025-04-23 18:10:54-693 [main] INFO  o.s.c.c.c.ConfigServerConfigDataLoader - Exception on Url - http://config-server-bc:8888:org.springframework.web.client.ResourceAccessException: I/O error on GET request for "http://config-server-bc:8888/movements-service-api/local": config-server-bc. Will be trying the next url if available 
2025-04-23 18:10:54-693 [main] WARN  o.s.c.c.c.ConfigServerConfigDataLoader - Could not locate PropertySource ([ConfigServerConfigDataResource@2aa6cc4c uris = array<String>['http://config-server-bc:8888'], optional = true, profiles = 'local']): I/O error on GET request for "http://config-server-bc:8888/movements-service-api/local": config-server-bc 
2025-04-23 18:10:54-693 [main] INFO  o.s.c.c.c.ConfigServerConfigDataLoader - Fetching config from server at : http://config-server-bc:8888 
2025-04-23 18:10:54-693 [main] INFO  o.s.c.c.c.ConfigServerConfigDataLoader - Exception on Url - http://config-server-bc:8888:org.springframework.web.client.ResourceAccessException: I/O error on GET request for "http://config-server-bc:8888/movements-service-api/default": config-server-bc. Will be trying the next url if available 
2025-04-23 18:10:54-694 [main] WARN  o.s.c.c.c.ConfigServerConfigDataLoader - Could not locate PropertySource ([ConfigServerConfigDataResource@4871eeef uris = array<String>['http://config-server-bc:8888'], optional = true, profiles = 'default']): I/O error on GET request for "http://config-server-bc:8888/movements-service-api/default": config-server-bc 
2025-04-23 18:10:56-886 [main] INFO  o.s.d.r.c.RepositoryConfigurationDelegate - Bootstrapping Spring Data Reactive MongoDB repositories in DEFAULT mode. 
2025-04-23 18:10:57-586 [main] INFO  o.s.d.r.c.RepositoryConfigurationDelegate - Finished Spring Data repository scanning in 685 ms. Found 1 Reactive MongoDB repository interface. 
2025-04-23 18:10:58-244 [main] INFO  o.s.cloud.context.scope.GenericScope - BeanFactory id=cf05d611-8c78-375b-8e79-30fffc210ee9 
2025-04-23 18:11:00-133 [main] INFO  org.mongodb.driver.client - MongoClient with metadata {"driver": {"name": "mongo-java-driver|reactive-streams|spring-boot", "version": "5.2.1"}, "os": {"type": "Windows", "name": "Windows 10", "architecture": "amd64", "version": "10.0"}, "platform": "Java/Oracle Corporation/17.0.12+8-LTS-286"} created with settings MongoClientSettings{readPreference=primary, writeConcern=WriteConcern{w=null, wTimeout=null ms, journal=null}, retryWrites=true, retryReads=true, readConcern=ReadConcern{level=null}, credential=null, transportSettings=NettyTransportSettings{eventLoopGroup=io.netty.channel.nio.NioEventLoopGroup@5b356f54, socketChannelClass=null, allocator=null, sslContext=null}, commandListeners=[io.micrometer.core.instrument.binder.mongodb.MongoMetricsCommandListener@9f23af6], codecRegistry=ProvidersCodecRegistry{codecProviders=[ValueCodecProvider{}, BsonValueCodecProvider{}, DBRefCodecProvider{}, DBObjectCodecProvider{}, DocumentCodecProvider{}, CollectionCodecProvider{}, IterableCodecProvider{}, MapCodecProvider{}, GeoJsonCodecProvider{}, GridFSFileCodecProvider{}, Jsr310CodecProvider{}, JsonObjectCodecProvider{}, BsonCodecProvider{}, EnumCodecProvider{}, com.mongodb.client.model.mql.ExpressionCodecProvider@423a6630, com.mongodb.Jep395RecordCodecProvider@5391b8f8, com.mongodb.KotlinCodecProvider@23ae3211]}, loggerSettings=LoggerSettings{maxDocumentLength=1000}, clusterSettings={hosts=[localhost:27017], srvServiceName=mongodb, mode=SINGLE, requiredClusterType=UNKNOWN, requiredReplicaSetName='null', serverSelector='null', clusterListeners='[]', serverSelectionTimeout='30000 ms', localThreshold='15 ms'}, socketSettings=SocketSettings{connectTimeoutMS=10000, readTimeoutMS=0, receiveBufferSize=0, proxySettings=ProxySettings{host=null, port=null, username=null, password=null}}, heartbeatSocketSettings=SocketSettings{connectTimeoutMS=10000, readTimeoutMS=10000, receiveBufferSize=0, proxySettings=ProxySettings{host=null, port=null, username=null, password=null}}, connectionPoolSettings=ConnectionPoolSettings{maxSize=100, minSize=0, maxWaitTimeMS=120000, maxConnectionLifeTimeMS=0, maxConnectionIdleTimeMS=0, maintenanceInitialDelayMS=0, maintenanceFrequencyMS=60000, connectionPoolListeners=[io.micrometer.core.instrument.binder.mongodb.MongoMetricsConnectionPoolListener@3b939918], maxConnecting=2}, serverSettings=ServerSettings{heartbeatFrequencyMS=10000, minHeartbeatFrequencyMS=500, serverMonitoringMode=AUTO, serverListeners='[]', serverMonitorListeners='[]'}, sslSettings=SslSettings{enabled=false, invalidHostNameAllowed=false, context=null}, applicationName='null', compressorList=[], uuidRepresentation=JAVA_LEGACY, serverApi=null, autoEncryptionSettings=null, dnsClient=null, inetAddressResolver=null, contextProvider=null, timeoutMS=null} 
2025-04-23 18:11:00-428 [cluster-ClusterId{value='68097383546b142d8e89682e', description='null'}-localhost:27017] INFO  org.mongodb.driver.cluster - Monitor thread successfully connected to server with description ServerDescription{address=localhost:27017, type=STANDALONE, cryptd=false, state=CONNECTED, ok=true, minWireVersion=0, maxWireVersion=25, maxDocumentSize=16777216, logicalSessionTimeoutMinutes=30, roundTripTimeNanos=166717400, minRoundTripTimeNanos=0} 
2025-04-23 18:11:02-318 [main] INFO  o.s.v.b.OptionalValidatorFactoryBean - Failed to set up a Bean Validation provider: jakarta.validation.NoProviderFoundException: Unable to create a Configuration, because no Jakarta Bean Validation provider could be found. Add a provider like Hibernate Validator (RI) to your classpath. 
2025-04-23 18:11:04-571 [main] INFO  o.s.b.a.e.web.EndpointLinksResolver - Exposing 2 endpoints beneath base path '/actuator' 
2025-04-23 18:11:05-929 [main] INFO  o.s.c.n.e.c.DiscoveryClientOptionalArgsConfiguration - Eureka HTTP Client uses RestTemplate. 
2025-04-23 18:11:06-028 [main] WARN  o.s.c.l.c.LoadBalancerCacheAutoConfiguration$LoadBalancerCaffeineWarnLogger - Spring Cloud LoadBalancer is currently working with the default cache. While this cache implementation is useful for development and tests, it's recommended to use Caffeine cache in production.You can switch to using Caffeine cache, by adding it and org.springframework.cache.caffeine.CaffeineCacheManager to the classpath. 
2025-04-23 18:11:06-311 [main] INFO  o.s.c.n.eureka.InstanceInfoFactory - Setting initial instance status as: STARTING 
2025-04-23 18:11:06-508 [main] INFO  c.netflix.discovery.DiscoveryClient - Initializing Eureka in region us-east-1 
2025-04-23 18:11:06-528 [main] INFO  c.n.d.s.r.aws.ConfigClusterResolver - Resolving eureka endpoints via configuration 
2025-04-23 18:11:06-562 [main] INFO  c.netflix.discovery.DiscoveryClient - Disable delta property : false 
2025-04-23 18:11:06-562 [main] INFO  c.netflix.discovery.DiscoveryClient - Single vip registry refresh property : null 
2025-04-23 18:11:06-562 [main] INFO  c.netflix.discovery.DiscoveryClient - Force full registry fetch : false 
2025-04-23 18:11:06-562 [main] INFO  c.netflix.discovery.DiscoveryClient - Application is null : false 
2025-04-23 18:11:06-562 [main] INFO  c.netflix.discovery.DiscoveryClient - Registered Applications size is zero : true 
2025-04-23 18:11:06-562 [main] INFO  c.netflix.discovery.DiscoveryClient - Application version is -1: true 
2025-04-23 18:11:06-562 [main] INFO  c.netflix.discovery.DiscoveryClient - Getting all instance registry info from the eureka server 
2025-04-23 18:11:07-919 [main] INFO  c.netflix.discovery.DiscoveryClient - The response status is 200 
2025-04-23 18:11:07-924 [main] INFO  c.netflix.discovery.DiscoveryClient - Starting heartbeat executor: renew interval is: 30 
2025-04-23 18:11:07-929 [main] INFO  c.n.discovery.InstanceInfoReplicator - InstanceInfoReplicator onDemand update allowed rate per min is 4 
2025-04-23 18:11:07-934 [main] INFO  c.netflix.discovery.DiscoveryClient - Discovery Client initialized at timestamp 1745449867933 with initial instances count: 8 
2025-04-23 18:11:07-939 [main] INFO  o.s.c.n.e.s.EurekaServiceRegistry - Registering application MOVEMENTS-SERVICE-API with eureka with status UP 
2025-04-23 18:11:07-940 [main] INFO  c.netflix.discovery.DiscoveryClient - Saw local status change event StatusChangeEvent [timestamp=1745449867940, current=UP, previous=STARTING] 
2025-04-23 18:11:07-944 [DiscoveryClient-InstanceInfoReplicator-%d] INFO  c.netflix.discovery.DiscoveryClient - DiscoveryClient_MOVEMENTS-SERVICE-API/movements-service-api:9393: registering service... 
2025-04-23 18:11:08-066 [DiscoveryClient-InstanceInfoReplicator-%d] INFO  c.netflix.discovery.DiscoveryClient - DiscoveryClient_MOVEMENTS-SERVICE-API/movements-service-api:9393 - registration status: 204 
2025-04-23 18:11:08-104 [main] INFO  o.a.k.c.consumer.ConsumerConfig - ConsumerConfig values: 
	allow.auto.create.topics = true
	auto.commit.interval.ms = 5000
	auto.include.jmx.reporter = true
	auto.offset.reset = latest
	bootstrap.servers = [localhost:9092]
	check.crcs = true
	client.dns.lookup = use_all_dns_ips
	client.id = consumer-user_group-1
	client.rack = 
	connections.max.idle.ms = 540000
	default.api.timeout.ms = 60000
	enable.auto.commit = false
	enable.metrics.push = true
	exclude.internal.topics = true
	fetch.max.bytes = 52428800
	fetch.max.wait.ms = 500
	fetch.min.bytes = 1
	group.id = user_group
	group.instance.id = null
	group.protocol = classic
	group.remote.assignor = null
	heartbeat.interval.ms = 3000
	interceptor.classes = []
	internal.leave.group.on.close = true
	internal.throw.on.fetch.stable.offset.unsupported = false
	isolation.level = read_uncommitted
	key.deserializer = class org.apache.kafka.common.serialization.StringDeserializer
	max.partition.fetch.bytes = 1048576
	max.poll.interval.ms = 300000
	max.poll.records = 500
	metadata.max.age.ms = 300000
	metadata.recovery.strategy = none
	metric.reporters = []
	metrics.num.samples = 2
	metrics.recording.level = INFO
	metrics.sample.window.ms = 30000
	partition.assignment.strategy = [class org.apache.kafka.clients.consumer.RangeAssignor, class org.apache.kafka.clients.consumer.CooperativeStickyAssignor]
	receive.buffer.bytes = 65536
	reconnect.backoff.max.ms = 1000
	reconnect.backoff.ms = 50
	request.timeout.ms = 30000
	retry.backoff.max.ms = 1000
	retry.backoff.ms = 100
	sasl.client.callback.handler.class = null
	sasl.jaas.config = null
	sasl.kerberos.kinit.cmd = /usr/bin/kinit
	sasl.kerberos.min.time.before.relogin = 60000
	sasl.kerberos.service.name = null
	sasl.kerberos.ticket.renew.jitter = 0.05
	sasl.kerberos.ticket.renew.window.factor = 0.8
	sasl.login.callback.handler.class = null
	sasl.login.class = null
	sasl.login.connect.timeout.ms = null
	sasl.login.read.timeout.ms = null
	sasl.login.refresh.buffer.seconds = 300
	sasl.login.refresh.min.period.seconds = 60
	sasl.login.refresh.window.factor = 0.8
	sasl.login.refresh.window.jitter = 0.05
	sasl.login.retry.backoff.max.ms = 10000
	sasl.login.retry.backoff.ms = 100
	sasl.mechanism = GSSAPI
	sasl.oauthbearer.clock.skew.seconds = 30
	sasl.oauthbearer.expected.audience = null
	sasl.oauthbearer.expected.issuer = null
	sasl.oauthbearer.jwks.endpoint.refresh.ms = 3600000
	sasl.oauthbearer.jwks.endpoint.retry.backoff.max.ms = 10000
	sasl.oauthbearer.jwks.endpoint.retry.backoff.ms = 100
	sasl.oauthbearer.jwks.endpoint.url = null
	sasl.oauthbearer.scope.claim.name = scope
	sasl.oauthbearer.sub.claim.name = sub
	sasl.oauthbearer.token.endpoint.url = null
	security.protocol = PLAINTEXT
	security.providers = null
	send.buffer.bytes = 131072
	session.timeout.ms = 45000
	socket.connection.setup.timeout.max.ms = 30000
	socket.connection.setup.timeout.ms = 10000
	ssl.cipher.suites = null
	ssl.enabled.protocols = [TLSv1.2, TLSv1.3]
	ssl.endpoint.identification.algorithm = https
	ssl.engine.factory.class = null
	ssl.key.password = null
	ssl.keymanager.algorithm = SunX509
	ssl.keystore.certificate.chain = null
	ssl.keystore.key = null
	ssl.keystore.location = null
	ssl.keystore.password = null
	ssl.keystore.type = JKS
	ssl.protocol = TLSv1.3
	ssl.provider = null
	ssl.secure.random.implementation = null
	ssl.trustmanager.algorithm = PKIX
	ssl.truststore.certificates = null
	ssl.truststore.location = null
	ssl.truststore.password = null
	ssl.truststore.type = JKS
	value.deserializer = class org.apache.kafka.common.serialization.StringDeserializer
 
2025-04-23 18:11:08-329 [main] INFO  o.a.k.c.t.i.KafkaMetricsCollector - initializing Kafka metrics collector 
2025-04-23 18:11:08-660 [main] INFO  o.a.kafka.common.utils.AppInfoParser - Kafka version: 3.8.1 
2025-04-23 18:11:08-660 [main] INFO  o.a.kafka.common.utils.AppInfoParser - Kafka commitId: 70d6ff42debf7e17 
2025-04-23 18:11:08-660 [main] INFO  o.a.kafka.common.utils.AppInfoParser - Kafka startTimeMs: 1745449868657 
2025-04-23 18:11:08-687 [main] INFO  o.a.k.c.c.i.LegacyKafkaConsumer - [Consumer clientId=consumer-user_group-1, groupId=user_group] Subscribed to topic(s): yanki-movement 
2025-04-23 18:11:08-730 [main] INFO  c.y.m.s.a.s.MovementServiceImplTest - Started MovementServiceImplTest in 17.523 seconds (process running for 21.555) 
2025-04-23 18:11:09-534 [org.springframework.kafka.KafkaListenerEndpointContainer#0-0-C-1] INFO  o.apache.kafka.clients.NetworkClient - [Consumer clientId=consumer-user_group-1, groupId=user_group] Node -1 disconnected. 
2025-04-23 18:11:09-536 [org.springframework.kafka.KafkaListenerEndpointContainer#0-0-C-1] WARN  o.apache.kafka.clients.NetworkClient - [Consumer clientId=consumer-user_group-1, groupId=user_group] Connection to node -1 (localhost/127.0.0.1:9092) could not be established. Node may not be available. 
2025-04-23 18:11:09-538 [org.springframework.kafka.KafkaListenerEndpointContainer#0-0-C-1] WARN  o.apache.kafka.clients.NetworkClient - [Consumer clientId=consumer-user_group-1, groupId=user_group] Bootstrap broker localhost:9092 (id: -1 rack: null) disconnected 
2025-04-23 18:11:09-648 [org.springframework.kafka.KafkaListenerEndpointContainer#0-0-C-1] INFO  o.apache.kafka.clients.NetworkClient - [Consumer clientId=consumer-user_group-1, groupId=user_group] Node -1 disconnected. 
2025-04-23 18:11:09-649 [org.springframework.kafka.KafkaListenerEndpointContainer#0-0-C-1] WARN  o.apache.kafka.clients.NetworkClient - [Consumer clientId=consumer-user_group-1, groupId=user_group] Connection to node -1 (localhost/127.0.0.1:9092) could not be established. Node may not be available. 
2025-04-23 18:11:09-649 [org.springframework.kafka.KafkaListenerEndpointContainer#0-0-C-1] WARN  o.apache.kafka.clients.NetworkClient - [Consumer clientId=consumer-user_group-1, groupId=user_group] Bootstrap broker localhost:9092 (id: -1 rack: null) disconnected 
2025-04-23 18:11:09-768 [org.springframework.kafka.KafkaListenerEndpointContainer#0-0-C-1] INFO  o.apache.kafka.clients.NetworkClient - [Consumer clientId=consumer-user_group-1, groupId=user_group] Node -1 disconnected. 
2025-04-23 18:11:09-769 [org.springframework.kafka.KafkaListenerEndpointContainer#0-0-C-1] WARN  o.apache.kafka.clients.NetworkClient - [Consumer clientId=consumer-user_group-1, groupId=user_group] Connection to node -1 (localhost/127.0.0.1:9092) could not be established. Node may not be available. 
2025-04-23 18:11:09-769 [org.springframework.kafka.KafkaListenerEndpointContainer#0-0-C-1] WARN  o.apache.kafka.clients.NetworkClient - [Consumer clientId=consumer-user_group-1, groupId=user_group] Bootstrap broker localhost:9092 (id: -1 rack: null) disconnected 
2025-04-23 18:11:09-954 [org.springframework.kafka.KafkaListenerEndpointContainer#0-0-C-1] INFO  o.apache.kafka.clients.NetworkClient - [Consumer clientId=consumer-user_group-1, groupId=user_group] Node -1 disconnected. 
2025-04-23 18:11:09-954 [org.springframework.kafka.KafkaListenerEndpointContainer#0-0-C-1] WARN  o.apache.kafka.clients.NetworkClient - [Consumer clientId=consumer-user_group-1, groupId=user_group] Connection to node -1 (localhost/127.0.0.1:9092) could not be established. Node may not be available. 
2025-04-23 18:11:09-954 [org.springframework.kafka.KafkaListenerEndpointContainer#0-0-C-1] WARN  o.apache.kafka.clients.NetworkClient - [Consumer clientId=consumer-user_group-1, groupId=user_group] Bootstrap broker localhost:9092 (id: -1 rack: null) disconnected 
2025-04-23 18:11:10-285 [main] INFO  o.s.t.c.s.AnnotationConfigContextLoaderUtils - Could not detect default configuration classes for test class [com.yanki.movements.service.api.MovementsServiceApiApplicationTests]: MovementsServiceApiApplicationTests does not declare any static, non-private, non-final, nested classes annotated with @Configuration. 
2025-04-23 18:11:10-302 [main] INFO  o.s.b.t.c.SpringBootTestContextBootstrapper - Found @SpringBootConfiguration com.yanki.movements.service.api.MovementsServiceApiApplication for test class com.yanki.movements.service.api.MovementsServiceApiApplicationTests 
2025-04-23 18:11:10-343 [main] INFO  c.y.m.s.a.s.MovementServiceImpl - Mapping movement request to movement model 
2025-04-23 18:11:10-351 [main] INFO  c.y.m.s.a.s.MovementServiceImpl - MovementModel: {"walletIdTo":"123123123123","walletIdFrom":"123123123123","amount":90.0,"movementType":"DEPOSIT","createdAt":[2025,4,23],"updatedAt":[2025,4,23]} 
2025-04-23 18:11:10-424 [org.springframework.kafka.KafkaListenerEndpointContainer#0-0-C-1] INFO  o.apache.kafka.clients.NetworkClient - [Consumer clientId=consumer-user_group-1, groupId=user_group] Node -1 disconnected. 
2025-04-23 18:11:10-425 [org.springframework.kafka.KafkaListenerEndpointContainer#0-0-C-1] WARN  o.apache.kafka.clients.NetworkClient - [Consumer clientId=consumer-user_group-1, groupId=user_group] Connection to node -1 (localhost/127.0.0.1:9092) could not be established. Node may not be available. 
2025-04-23 18:11:10-425 [org.springframework.kafka.KafkaListenerEndpointContainer#0-0-C-1] WARN  o.apache.kafka.clients.NetworkClient - [Consumer clientId=consumer-user_group-1, groupId=user_group] Bootstrap broker localhost:9092 (id: -1 rack: null) disconnected 
2025-04-23 18:11:10-451 [main] INFO  c.y.m.s.a.s.MovementServiceImpl - Subcribed to yanki movement response 
2025-04-23 18:11:10-599 [main] INFO  o.s.t.c.s.AnnotationConfigContextLoaderUtils - Could not detect default configuration classes for test class [com.yanki.movements.service.api.consumer.YankiMovementConsumerTest]: YankiMovementConsumerTest does not declare any static, non-private, non-final, nested classes annotated with @Configuration. 
2025-04-23 18:11:10-616 [main] INFO  o.s.b.t.c.SpringBootTestContextBootstrapper - Found @SpringBootConfiguration com.yanki.movements.service.api.MovementsServiceApiApplication for test class com.yanki.movements.service.api.consumer.YankiMovementConsumerTest 
2025-04-23 18:11:10-624 [main] INFO  c.y.m.s.a.c.YankiMovementConsumer - Creation movement arrived: {
    "walletIdTo": "987621116" ,
    "walletIdFrom": "987622316",
    "amount": 20.00,
    "movementType":"CREATE"
} 
2025-04-23 18:11:10-640 [main] INFO  c.y.m.s.a.s.MovementServiceImpl - Mapping movement request to movement model 
2025-04-23 18:11:10-643 [main] INFO  c.y.m.s.a.s.MovementServiceImpl - MovementModel: {"walletIdTo":"987621116","walletIdFrom":"987622316","amount":20.0,"movementType":"CREATE","createdAt":[2025,4,23],"updatedAt":[2025,4,23]} 
2025-04-23 18:11:10-643 [main] INFO  c.y.m.s.a.s.MovementServiceImpl - Subcribed to yanki movement response 
2025-04-23 18:11:10-659 [SpringApplicationShutdownHook] INFO  o.s.c.n.e.s.EurekaServiceRegistry - Unregistering application MOVEMENTS-SERVICE-API with eureka with status DOWN 
2025-04-23 18:11:10-660 [SpringApplicationShutdownHook] INFO  c.netflix.discovery.DiscoveryClient - Saw local status change event StatusChangeEvent [timestamp=1745449870660, current=DOWN, previous=UP] 
2025-04-23 18:11:10-660 [DiscoveryClient-InstanceInfoReplicator-%d] INFO  c.netflix.discovery.DiscoveryClient - DiscoveryClient_MOVEMENTS-SERVICE-API/movements-service-api:9393: registering service... 
2025-04-23 18:11:10-672 [org.springframework.kafka.KafkaListenerEndpointContainer#0-0-C-1] INFO  o.a.k.c.c.i.ConsumerCoordinator - [Consumer clientId=consumer-user_group-1, groupId=user_group] Resetting generation and member id due to: consumer pro-actively leaving the group 
2025-04-23 18:11:10-673 [org.springframework.kafka.KafkaListenerEndpointContainer#0-0-C-1] INFO  o.a.k.c.c.i.ConsumerCoordinator - [Consumer clientId=consumer-user_group-1, groupId=user_group] Request joining group due to: consumer pro-actively leaving the group 
2025-04-23 18:11:10-673 [org.springframework.kafka.KafkaListenerEndpointContainer#0-0-C-1] INFO  o.a.k.c.c.i.LegacyKafkaConsumer - [Consumer clientId=consumer-user_group-1, groupId=user_group] Unsubscribed all topics or patterns and assigned partitions 
2025-04-23 18:11:10-675 [org.springframework.kafka.KafkaListenerEndpointContainer#0-0-C-1] INFO  o.a.k.c.c.i.ConsumerCoordinator - [Consumer clientId=consumer-user_group-1, groupId=user_group] Resetting generation and member id due to: consumer pro-actively leaving the group 
2025-04-23 18:11:10-676 [org.springframework.kafka.KafkaListenerEndpointContainer#0-0-C-1] INFO  o.a.k.c.c.i.ConsumerCoordinator - [Consumer clientId=consumer-user_group-1, groupId=user_group] Request joining group due to: consumer pro-actively leaving the group 
2025-04-23 18:11:10-682 [DiscoveryClient-InstanceInfoReplicator-%d] INFO  c.netflix.discovery.DiscoveryClient - DiscoveryClient_MOVEMENTS-SERVICE-API/movements-service-api:9393 - registration status: 204 
2025-04-23 18:11:10-690 [org.springframework.kafka.KafkaListenerEndpointContainer#0-0-C-1] INFO  o.a.kafka.common.metrics.Metrics - Metrics scheduler closed 
2025-04-23 18:11:10-691 [org.springframework.kafka.KafkaListenerEndpointContainer#0-0-C-1] INFO  o.a.kafka.common.metrics.Metrics - Closing reporter org.apache.kafka.common.metrics.JmxReporter 
2025-04-23 18:11:10-691 [org.springframework.kafka.KafkaListenerEndpointContainer#0-0-C-1] INFO  o.a.kafka.common.metrics.Metrics - Closing reporter org.apache.kafka.common.telemetry.internals.ClientTelemetryReporter 
2025-04-23 18:11:10-691 [org.springframework.kafka.KafkaListenerEndpointContainer#0-0-C-1] INFO  o.a.kafka.common.metrics.Metrics - Metrics reporters closed 
2025-04-23 18:11:10-698 [org.springframework.kafka.KafkaListenerEndpointContainer#0-0-C-1] INFO  o.a.kafka.common.utils.AppInfoParser - App info kafka.consumer for consumer-user_group-1 unregistered 
2025-04-23 18:11:10-700 [org.springframework.kafka.KafkaListenerEndpointContainer#0-0-C-1] INFO  o.s.k.l.KafkaMessageListenerContainer - user_group: Consumer stopped 
2025-04-23 18:11:10-714 [nioEventLoopGroup-2-4] INFO  c.y.m.s.a.s.MovementServiceImpl - Movement created with id 6809738e546b142d8e896830 
2025-04-23 18:11:10-714 [nioEventLoopGroup-2-3] INFO  c.y.m.s.a.s.MovementServiceImpl - Movement created with id 6809738e546b142d8e89682f 
2025-04-23 18:11:10-719 [nioEventLoopGroup-2-4] INFO  c.y.m.s.a.c.YankiMovementConsumer - movement saved: {"id":"6809738e546b142d8e896830","walletIdTo":"987621116","walletIdFrom":"987622316","amount":20.0,"movementType":"CREATE","createdAt":[2025,4,23],"updatedAt":[2025,4,23,0,0]} 
2025-04-23 18:11:12-818 [SpringApplicationShutdownHook] INFO  c.netflix.discovery.DiscoveryClient - Shutting down DiscoveryClient ... 
2025-04-23 18:11:15-819 [SpringApplicationShutdownHook] INFO  c.netflix.discovery.DiscoveryClient - Unregistering ... 
2025-04-23 18:11:15-838 [SpringApplicationShutdownHook] INFO  c.netflix.discovery.DiscoveryClient - DiscoveryClient_MOVEMENTS-SERVICE-API/movements-service-api:9393 - deregister  status: 200 
2025-04-23 18:11:15-839 [SpringApplicationShutdownHook] INFO  c.netflix.discovery.DiscoveryClient - Completed shut down of DiscoveryClient 
