2025-04-21 16:12:40-470 [main] INFO  o.s.t.c.s.AnnotationConfigContextLoaderUtils - Could not detect default configuration classes for test class [com.yanki.service.YankiServiceApplicationTests]: YankiServiceApplicationTests does not declare any static, non-private, non-final, nested classes annotated with @Configuration. 
2025-04-21 16:12:40-940 [main] INFO  o.s.b.t.c.SpringBootTestContextBootstrapper - Found @SpringBootConfiguration com.yanki.service.YankiServiceApplication for test class com.yanki.service.YankiServiceApplicationTests 
2025-04-21 16:12:45-612 [main] INFO  c.y.s.YankiServiceApplicationTests - Starting YankiServiceApplicationTests using Java 17.0.12 with PID 17596 (started by mgarcsar in C:\Users\mgarcsar\Documents\Bootcamp\etregables\Yanki\yanki-service) 
2025-04-21 16:12:45-613 [main] INFO  c.y.s.YankiServiceApplicationTests - The following 1 profile is active: "local" 
2025-04-21 16:12:45-660 [main] INFO  o.s.c.c.c.ConfigServerConfigDataLoader - Fetching config from server at : http://localhost:8888 
2025-04-21 16:12:45-660 [main] INFO  o.s.c.c.c.ConfigServerConfigDataLoader - Located environment: name=yanki-service, profiles=[default], label=null, version=5948961345ff92c7a8feec89a952e9773d3de713, state= 
2025-04-21 16:12:45-660 [main] INFO  o.s.c.c.c.ConfigServerConfigDataLoader - Fetching config from server at : http://localhost:8888 
2025-04-21 16:12:45-660 [main] INFO  o.s.c.c.c.ConfigServerConfigDataLoader - Located environment: name=yanki-service, profiles=[local], label=null, version=5948961345ff92c7a8feec89a952e9773d3de713, state= 
2025-04-21 16:12:48-546 [main] INFO  o.s.cloud.context.scope.GenericScope - BeanFactory id=d60d742a-7afb-3f7b-a830-2b77f69d3a06 
2025-04-21 16:12:50-817 [main] INFO  o.s.v.b.OptionalValidatorFactoryBean - Failed to set up a Bean Validation provider: jakarta.validation.NoProviderFoundException: Unable to create a Configuration, because no Jakarta Bean Validation provider could be found. Add a provider like Hibernate Validator (RI) to your classpath. 
2025-04-21 16:12:53-130 [main] INFO  o.s.b.a.e.web.EndpointLinksResolver - Exposing 2 endpoints beneath base path '/actuator' 
2025-04-21 16:12:55-025 [main] INFO  org.mongodb.driver.client - MongoClient with metadata {"driver": {"name": "mongo-java-driver|reactive-streams|spring-boot", "version": "5.2.1"}, "os": {"type": "Windows", "name": "Windows 10", "architecture": "amd64", "version": "10.0"}, "platform": "Java/Oracle Corporation/17.0.12+8-LTS-286"} created with settings MongoClientSettings{readPreference=primary, writeConcern=WriteConcern{w=null, wTimeout=null ms, journal=null}, retryWrites=true, retryReads=true, readConcern=ReadConcern{level=null}, credential=null, transportSettings=NettyTransportSettings{eventLoopGroup=io.netty.channel.nio.NioEventLoopGroup@191fe3e3, socketChannelClass=null, allocator=null, sslContext=null}, commandListeners=[io.micrometer.core.instrument.binder.mongodb.MongoMetricsCommandListener@8ac5b1b], codecRegistry=ProvidersCodecRegistry{codecProviders=[ValueCodecProvider{}, BsonValueCodecProvider{}, DBRefCodecProvider{}, DBObjectCodecProvider{}, DocumentCodecProvider{}, CollectionCodecProvider{}, IterableCodecProvider{}, MapCodecProvider{}, GeoJsonCodecProvider{}, GridFSFileCodecProvider{}, Jsr310CodecProvider{}, JsonObjectCodecProvider{}, BsonCodecProvider{}, EnumCodecProvider{}, com.mongodb.client.model.mql.ExpressionCodecProvider@720c54c6, com.mongodb.Jep395RecordCodecProvider@534df4b, com.mongodb.KotlinCodecProvider@635234f5]}, loggerSettings=LoggerSettings{maxDocumentLength=1000}, clusterSettings={hosts=[localhost:27017], srvServiceName=mongodb, mode=SINGLE, requiredClusterType=UNKNOWN, requiredReplicaSetName='null', serverSelector='null', clusterListeners='[]', serverSelectionTimeout='30000 ms', localThreshold='15 ms'}, socketSettings=SocketSettings{connectTimeoutMS=10000, readTimeoutMS=0, receiveBufferSize=0, proxySettings=ProxySettings{host=null, port=null, username=null, password=null}}, heartbeatSocketSettings=SocketSettings{connectTimeoutMS=10000, readTimeoutMS=10000, receiveBufferSize=0, proxySettings=ProxySettings{host=null, port=null, username=null, password=null}}, connectionPoolSettings=ConnectionPoolSettings{maxSize=100, minSize=0, maxWaitTimeMS=120000, maxConnectionLifeTimeMS=0, maxConnectionIdleTimeMS=0, maintenanceInitialDelayMS=0, maintenanceFrequencyMS=60000, connectionPoolListeners=[io.micrometer.core.instrument.binder.mongodb.MongoMetricsConnectionPoolListener@94cdf07], maxConnecting=2}, serverSettings=ServerSettings{heartbeatFrequencyMS=10000, minHeartbeatFrequencyMS=500, serverMonitoringMode=AUTO, serverListeners='[]', serverMonitorListeners='[]'}, sslSettings=SslSettings{enabled=false, invalidHostNameAllowed=false, context=null}, applicationName='null', compressorList=[], uuidRepresentation=JAVA_LEGACY, serverApi=null, autoEncryptionSettings=null, dnsClient=null, inetAddressResolver=null, contextProvider=null, timeoutMS=null} 
2025-04-21 16:12:55-312 [cluster-ClusterId{value='6806b4d6a84c5752f97dea8f', description='null'}-localhost:27017] INFO  org.mongodb.driver.cluster - Monitor thread successfully connected to server with description ServerDescription{address=localhost:27017, type=STANDALONE, cryptd=false, state=CONNECTED, ok=true, minWireVersion=0, maxWireVersion=25, maxDocumentSize=16777216, logicalSessionTimeoutMinutes=30, roundTripTimeNanos=157145000, minRoundTripTimeNanos=0} 
2025-04-21 16:12:55-383 [main] INFO  o.s.c.n.e.c.DiscoveryClientOptionalArgsConfiguration - Eureka HTTP Client uses RestTemplate. 
2025-04-21 16:12:55-498 [main] WARN  o.s.c.l.c.LoadBalancerCacheAutoConfiguration$LoadBalancerCaffeineWarnLogger - Spring Cloud LoadBalancer is currently working with the default cache. While this cache implementation is useful for development and tests, it's recommended to use Caffeine cache in production.You can switch to using Caffeine cache, by adding it and org.springframework.cache.caffeine.CaffeineCacheManager to the classpath. 
2025-04-21 16:12:55-627 [main] INFO  o.s.c.n.eureka.InstanceInfoFactory - Setting initial instance status as: STARTING 
2025-04-21 16:12:55-710 [main] INFO  c.netflix.discovery.DiscoveryClient - Initializing Eureka in region us-east-1 
2025-04-21 16:12:55-725 [main] INFO  c.n.d.s.r.aws.ConfigClusterResolver - Resolving eureka endpoints via configuration 
2025-04-21 16:12:55-758 [main] INFO  c.netflix.discovery.DiscoveryClient - Disable delta property : false 
2025-04-21 16:12:55-759 [main] INFO  c.netflix.discovery.DiscoveryClient - Single vip registry refresh property : null 
2025-04-21 16:12:55-759 [main] INFO  c.netflix.discovery.DiscoveryClient - Force full registry fetch : false 
2025-04-21 16:12:55-759 [main] INFO  c.netflix.discovery.DiscoveryClient - Application is null : false 
2025-04-21 16:12:55-759 [main] INFO  c.netflix.discovery.DiscoveryClient - Registered Applications size is zero : true 
2025-04-21 16:12:55-759 [main] INFO  c.netflix.discovery.DiscoveryClient - Application version is -1: true 
2025-04-21 16:12:55-759 [main] INFO  c.netflix.discovery.DiscoveryClient - Getting all instance registry info from the eureka server 
2025-04-21 16:12:56-199 [main] INFO  c.netflix.discovery.DiscoveryClient - The response status is 200 
2025-04-21 16:12:56-202 [main] INFO  c.netflix.discovery.DiscoveryClient - Starting heartbeat executor: renew interval is: 30 
2025-04-21 16:12:56-206 [main] INFO  c.n.discovery.InstanceInfoReplicator - InstanceInfoReplicator onDemand update allowed rate per min is 4 
2025-04-21 16:12:56-209 [main] INFO  c.netflix.discovery.DiscoveryClient - Discovery Client initialized at timestamp 1745269976209 with initial instances count: 3 
2025-04-21 16:12:56-215 [main] INFO  o.s.c.n.e.s.EurekaServiceRegistry - Registering application YANKI-SERVICE with eureka with status UP 
2025-04-21 16:12:56-216 [main] INFO  c.netflix.discovery.DiscoveryClient - Saw local status change event StatusChangeEvent [timestamp=1745269976216, current=UP, previous=STARTING] 
2025-04-21 16:12:56-219 [DiscoveryClient-InstanceInfoReplicator-%d] INFO  c.netflix.discovery.DiscoveryClient - DiscoveryClient_YANKI-SERVICE/yanki-service:9494: registering service... 
2025-04-21 16:12:56-242 [main] INFO  c.y.s.YankiServiceApplicationTests - Started YankiServiceApplicationTests in 14.674 seconds (process running for 18.133) 
2025-04-21 16:12:56-308 [DiscoveryClient-InstanceInfoReplicator-%d] INFO  c.netflix.discovery.DiscoveryClient - DiscoveryClient_YANKI-SERVICE/yanki-service:9494 - registration status: 204 
2025-04-21 16:12:57-382 [SpringApplicationShutdownHook] INFO  o.s.c.n.e.s.EurekaServiceRegistry - Unregistering application YANKI-SERVICE with eureka with status DOWN 
2025-04-21 16:12:57-382 [SpringApplicationShutdownHook] INFO  c.netflix.discovery.DiscoveryClient - Saw local status change event StatusChangeEvent [timestamp=1745269977382, current=DOWN, previous=UP] 
2025-04-21 16:12:57-383 [DiscoveryClient-InstanceInfoReplicator-%d] INFO  c.netflix.discovery.DiscoveryClient - DiscoveryClient_YANKI-SERVICE/yanki-service:9494: registering service... 
2025-04-21 16:12:57-388 [DiscoveryClient-InstanceInfoReplicator-%d] INFO  c.netflix.discovery.DiscoveryClient - DiscoveryClient_YANKI-SERVICE/yanki-service:9494 - registration status: 204 
2025-04-21 16:12:59-859 [SpringApplicationShutdownHook] INFO  c.netflix.discovery.DiscoveryClient - Shutting down DiscoveryClient ... 
2025-04-21 16:13:02-875 [SpringApplicationShutdownHook] INFO  c.netflix.discovery.DiscoveryClient - Unregistering ... 
2025-04-21 16:13:02-941 [SpringApplicationShutdownHook] INFO  c.netflix.discovery.DiscoveryClient - DiscoveryClient_YANKI-SERVICE/yanki-service:9494 - deregister  status: 200 
2025-04-21 16:13:02-942 [SpringApplicationShutdownHook] INFO  c.netflix.discovery.DiscoveryClient - Completed shut down of DiscoveryClient 
