2025-04-22 12:49:19-720 [main] INFO  o.s.t.c.s.AnnotationConfigContextLoaderUtils - Could not detect default configuration classes for test class [com.yanki.service.YankiServiceApplicationTests]: YankiServiceApplicationTests does not declare any static, non-private, non-final, nested classes annotated with @Configuration. 
2025-04-22 12:49:19-973 [main] INFO  o.s.b.t.c.SpringBootTestContextBootstrapper - Found @SpringBootConfiguration com.yanki.service.YankiServiceApplication for test class com.yanki.service.YankiServiceApplicationTests 
2025-04-22 12:49:22-876 [main] INFO  c.y.s.YankiServiceApplicationTests - Starting YankiServiceApplicationTests using Java 17.0.12 with PID 19644 (started by mgarcsar in C:\Users\mgarcsar\Documents\Bootcamp\etregables\Yanki\yanki-service) 
2025-04-22 12:49:22-877 [main] INFO  c.y.s.YankiServiceApplicationTests - The following 1 profile is active: "local" 
2025-04-22 12:49:22-922 [main] INFO  o.s.c.c.c.ConfigServerConfigDataLoader - Fetching config from server at : http://config-server-bc:8888 
2025-04-22 12:49:22-922 [main] INFO  o.s.c.c.c.ConfigServerConfigDataLoader - Exception on Url - http://config-server-bc:8888:org.springframework.web.client.ResourceAccessException: I/O error on GET request for "http://config-server-bc:8888/yanki-service/default": config-server-bc. Will be trying the next url if available 
2025-04-22 12:49:22-922 [main] WARN  o.s.c.c.c.ConfigServerConfigDataLoader - Could not locate PropertySource ([ConfigServerConfigDataResource@4fb99927 uris = array<String>['http://config-server-bc:8888'], optional = true, profiles = 'default']): I/O error on GET request for "http://config-server-bc:8888/yanki-service/default": config-server-bc 
2025-04-22 12:49:22-923 [main] INFO  o.s.c.c.c.ConfigServerConfigDataLoader - Fetching config from server at : http://config-server-bc:8888 
2025-04-22 12:49:22-923 [main] INFO  o.s.c.c.c.ConfigServerConfigDataLoader - Exception on Url - http://config-server-bc:8888:org.springframework.web.client.ResourceAccessException: I/O error on GET request for "http://config-server-bc:8888/yanki-service/local": config-server-bc. Will be trying the next url if available 
2025-04-22 12:49:22-923 [main] WARN  o.s.c.c.c.ConfigServerConfigDataLoader - Could not locate PropertySource ([ConfigServerConfigDataResource@65f470f8 uris = array<String>['http://config-server-bc:8888'], optional = true, profiles = 'local']): I/O error on GET request for "http://config-server-bc:8888/yanki-service/local": config-server-bc 
2025-04-22 12:49:22-923 [main] INFO  o.s.c.c.c.ConfigServerConfigDataLoader - Fetching config from server at : http://config-server-bc:8888 
2025-04-22 12:49:22-923 [main] INFO  o.s.c.c.c.ConfigServerConfigDataLoader - Exception on Url - http://config-server-bc:8888:org.springframework.web.client.ResourceAccessException: I/O error on GET request for "http://config-server-bc:8888/yanki-service/default": config-server-bc. Will be trying the next url if available 
2025-04-22 12:49:22-923 [main] WARN  o.s.c.c.c.ConfigServerConfigDataLoader - Could not locate PropertySource ([ConfigServerConfigDataResource@531299d3 uris = array<String>['http://config-server-bc:8888'], optional = true, profiles = 'default']): I/O error on GET request for "http://config-server-bc:8888/yanki-service/default": config-server-bc 
2025-04-22 12:49:24-482 [main] INFO  o.s.cloud.context.scope.GenericScope - BeanFactory id=76c9ff18-fcf6-30d2-a65d-ffa2c4728505 
2025-04-22 12:49:25-471 [main] INFO  o.s.v.b.OptionalValidatorFactoryBean - Failed to set up a Bean Validation provider: jakarta.validation.NoProviderFoundException: Unable to create a Configuration, because no Jakarta Bean Validation provider could be found. Add a provider like Hibernate Validator (RI) to your classpath. 
2025-04-22 12:49:27-246 [main] INFO  o.s.b.a.e.web.EndpointLinksResolver - Exposing 2 endpoints beneath base path '/actuator' 
2025-04-22 12:49:28-746 [main] INFO  org.mongodb.driver.client - MongoClient with metadata {"driver": {"name": "mongo-java-driver|reactive-streams|spring-boot", "version": "5.2.1"}, "os": {"type": "Windows", "name": "Windows 10", "architecture": "amd64", "version": "10.0"}, "platform": "Java/Oracle Corporation/17.0.12+8-LTS-286"} created with settings MongoClientSettings{readPreference=primary, writeConcern=WriteConcern{w=null, wTimeout=null ms, journal=null}, retryWrites=true, retryReads=true, readConcern=ReadConcern{level=null}, credential=null, transportSettings=NettyTransportSettings{eventLoopGroup=io.netty.channel.nio.NioEventLoopGroup@119ed1c8, socketChannelClass=null, allocator=null, sslContext=null}, commandListeners=[io.micrometer.core.instrument.binder.mongodb.MongoMetricsCommandListener@29613b2c], codecRegistry=ProvidersCodecRegistry{codecProviders=[ValueCodecProvider{}, BsonValueCodecProvider{}, DBRefCodecProvider{}, DBObjectCodecProvider{}, DocumentCodecProvider{}, CollectionCodecProvider{}, IterableCodecProvider{}, MapCodecProvider{}, GeoJsonCodecProvider{}, GridFSFileCodecProvider{}, Jsr310CodecProvider{}, JsonObjectCodecProvider{}, BsonCodecProvider{}, EnumCodecProvider{}, com.mongodb.client.model.mql.ExpressionCodecProvider@5adca23c, com.mongodb.Jep395RecordCodecProvider@7d6ac487, com.mongodb.KotlinCodecProvider@1a9d5a73]}, loggerSettings=LoggerSettings{maxDocumentLength=1000}, clusterSettings={hosts=[localhost:27017], srvServiceName=mongodb, mode=SINGLE, requiredClusterType=UNKNOWN, requiredReplicaSetName='null', serverSelector='null', clusterListeners='[]', serverSelectionTimeout='30000 ms', localThreshold='15 ms'}, socketSettings=SocketSettings{connectTimeoutMS=10000, readTimeoutMS=0, receiveBufferSize=0, proxySettings=ProxySettings{host=null, port=null, username=null, password=null}}, heartbeatSocketSettings=SocketSettings{connectTimeoutMS=10000, readTimeoutMS=10000, receiveBufferSize=0, proxySettings=ProxySettings{host=null, port=null, username=null, password=null}}, connectionPoolSettings=ConnectionPoolSettings{maxSize=100, minSize=0, maxWaitTimeMS=120000, maxConnectionLifeTimeMS=0, maxConnectionIdleTimeMS=0, maintenanceInitialDelayMS=0, maintenanceFrequencyMS=60000, connectionPoolListeners=[io.micrometer.core.instrument.binder.mongodb.MongoMetricsConnectionPoolListener@3a05ba57], maxConnecting=2}, serverSettings=ServerSettings{heartbeatFrequencyMS=10000, minHeartbeatFrequencyMS=500, serverMonitoringMode=AUTO, serverListeners='[]', serverMonitorListeners='[]'}, sslSettings=SslSettings{enabled=false, invalidHostNameAllowed=false, context=null}, applicationName='null', compressorList=[], uuidRepresentation=JAVA_LEGACY, serverApi=null, autoEncryptionSettings=null, dnsClient=null, inetAddressResolver=null, contextProvider=null, timeoutMS=null} 
2025-04-22 12:49:28-951 [cluster-ClusterId{value='6807d6a82817a92ca3e8ee05', description='null'}-localhost:27017] INFO  org.mongodb.driver.cluster - Monitor thread successfully connected to server with description ServerDescription{address=localhost:27017, type=STANDALONE, cryptd=false, state=CONNECTED, ok=true, minWireVersion=0, maxWireVersion=25, maxDocumentSize=16777216, logicalSessionTimeoutMinutes=30, roundTripTimeNanos=94379300, minRoundTripTimeNanos=0} 
2025-04-22 12:49:29-001 [main] INFO  o.s.c.n.e.c.DiscoveryClientOptionalArgsConfiguration - Eureka HTTP Client uses RestTemplate. 
2025-04-22 12:49:29-074 [main] WARN  o.s.c.l.c.LoadBalancerCacheAutoConfiguration$LoadBalancerCaffeineWarnLogger - Spring Cloud LoadBalancer is currently working with the default cache. While this cache implementation is useful for development and tests, it's recommended to use Caffeine cache in production.You can switch to using Caffeine cache, by adding it and org.springframework.cache.caffeine.CaffeineCacheManager to the classpath. 
2025-04-22 12:49:29-163 [main] INFO  o.s.c.n.eureka.InstanceInfoFactory - Setting initial instance status as: STARTING 
2025-04-22 12:49:29-192 [main] INFO  c.netflix.discovery.DiscoveryClient - Initializing Eureka in region us-east-1 
2025-04-22 12:49:29-199 [main] INFO  c.n.d.s.r.aws.ConfigClusterResolver - Resolving eureka endpoints via configuration 
2025-04-22 12:49:29-220 [main] INFO  c.netflix.discovery.DiscoveryClient - Disable delta property : false 
2025-04-22 12:49:29-220 [main] INFO  c.netflix.discovery.DiscoveryClient - Single vip registry refresh property : null 
2025-04-22 12:49:29-220 [main] INFO  c.netflix.discovery.DiscoveryClient - Force full registry fetch : false 
2025-04-22 12:49:29-220 [main] INFO  c.netflix.discovery.DiscoveryClient - Application is null : false 
2025-04-22 12:49:29-220 [main] INFO  c.netflix.discovery.DiscoveryClient - Registered Applications size is zero : true 
2025-04-22 12:49:29-221 [main] INFO  c.netflix.discovery.DiscoveryClient - Application version is -1: true 
2025-04-22 12:49:29-221 [main] INFO  c.netflix.discovery.DiscoveryClient - Getting all instance registry info from the eureka server 
2025-04-22 12:49:29-547 [main] INFO  c.netflix.discovery.DiscoveryClient - The response status is 200 
2025-04-22 12:49:29-550 [main] INFO  c.netflix.discovery.DiscoveryClient - Starting heartbeat executor: renew interval is: 30 
2025-04-22 12:49:29-553 [main] INFO  c.n.discovery.InstanceInfoReplicator - InstanceInfoReplicator onDemand update allowed rate per min is 4 
2025-04-22 12:49:29-555 [main] INFO  c.netflix.discovery.DiscoveryClient - Discovery Client initialized at timestamp 1745344169554 with initial instances count: 8 
2025-04-22 12:49:29-558 [main] INFO  o.s.c.n.e.s.EurekaServiceRegistry - Registering application YANKI-SERVICE with eureka with status UP 
2025-04-22 12:49:29-558 [main] INFO  c.netflix.discovery.DiscoveryClient - Saw local status change event StatusChangeEvent [timestamp=1745344169558, current=UP, previous=STARTING] 
2025-04-22 12:49:29-560 [DiscoveryClient-InstanceInfoReplicator-%d] INFO  c.netflix.discovery.DiscoveryClient - DiscoveryClient_YANKI-SERVICE/yanki-service:9494: registering service... 
2025-04-22 12:49:29-575 [main] INFO  c.y.s.YankiServiceApplicationTests - Started YankiServiceApplicationTests in 9.076 seconds (process running for 11.53) 
2025-04-22 12:49:29-623 [DiscoveryClient-InstanceInfoReplicator-%d] INFO  c.netflix.discovery.DiscoveryClient - DiscoveryClient_YANKI-SERVICE/yanki-service:9494 - registration status: 204 
2025-04-22 12:49:30-465 [SpringApplicationShutdownHook] INFO  o.s.c.n.e.s.EurekaServiceRegistry - Unregistering application YANKI-SERVICE with eureka with status DOWN 
2025-04-22 12:49:30-466 [SpringApplicationShutdownHook] INFO  c.netflix.discovery.DiscoveryClient - Saw local status change event StatusChangeEvent [timestamp=1745344170466, current=DOWN, previous=UP] 
2025-04-22 12:49:30-466 [DiscoveryClient-InstanceInfoReplicator-%d] INFO  c.netflix.discovery.DiscoveryClient - DiscoveryClient_YANKI-SERVICE/yanki-service:9494: registering service... 
2025-04-22 12:49:30-472 [DiscoveryClient-InstanceInfoReplicator-%d] INFO  c.netflix.discovery.DiscoveryClient - DiscoveryClient_YANKI-SERVICE/yanki-service:9494 - registration status: 204 
2025-04-22 12:49:32-913 [SpringApplicationShutdownHook] INFO  c.netflix.discovery.DiscoveryClient - Shutting down DiscoveryClient ... 
2025-04-22 12:49:35-914 [SpringApplicationShutdownHook] INFO  c.netflix.discovery.DiscoveryClient - Unregistering ... 
2025-04-22 12:49:35-934 [SpringApplicationShutdownHook] INFO  c.netflix.discovery.DiscoveryClient - DiscoveryClient_YANKI-SERVICE/yanki-service:9494 - deregister  status: 200 
2025-04-22 12:49:35-934 [SpringApplicationShutdownHook] INFO  c.netflix.discovery.DiscoveryClient - Completed shut down of DiscoveryClient 
2025-04-22 12:53:57-711 [main] INFO  o.s.t.c.s.AnnotationConfigContextLoaderUtils - Could not detect default configuration classes for test class [com.yanki.service.YankiServiceApplicationTests]: YankiServiceApplicationTests does not declare any static, non-private, non-final, nested classes annotated with @Configuration. 
2025-04-22 12:53:58-032 [main] INFO  o.s.b.t.c.SpringBootTestContextBootstrapper - Found @SpringBootConfiguration com.yanki.service.YankiServiceApplication for test class com.yanki.service.YankiServiceApplicationTests 
2025-04-22 12:54:00-801 [main] INFO  c.y.s.YankiServiceApplicationTests - Starting YankiServiceApplicationTests using Java 17.0.12 with PID 6248 (started by mgarcsar in C:\Users\mgarcsar\Documents\Bootcamp\etregables\Yanki\yanki-service) 
2025-04-22 12:54:00-803 [main] INFO  c.y.s.YankiServiceApplicationTests - The following 1 profile is active: "local" 
2025-04-22 12:54:00-853 [main] INFO  o.s.c.c.c.ConfigServerConfigDataLoader - Fetching config from server at : http://config-server-bc:8888 
2025-04-22 12:54:00-854 [main] INFO  o.s.c.c.c.ConfigServerConfigDataLoader - Exception on Url - http://config-server-bc:8888:org.springframework.web.client.ResourceAccessException: I/O error on GET request for "http://config-server-bc:8888/yanki-service/default": config-server-bc. Will be trying the next url if available 
2025-04-22 12:54:00-854 [main] WARN  o.s.c.c.c.ConfigServerConfigDataLoader - Could not locate PropertySource ([ConfigServerConfigDataResource@4cddc036 uris = array<String>['http://config-server-bc:8888'], optional = true, profiles = 'default']): I/O error on GET request for "http://config-server-bc:8888/yanki-service/default": config-server-bc 
2025-04-22 12:54:00-854 [main] INFO  o.s.c.c.c.ConfigServerConfigDataLoader - Fetching config from server at : http://config-server-bc:8888 
2025-04-22 12:54:00-854 [main] INFO  o.s.c.c.c.ConfigServerConfigDataLoader - Exception on Url - http://config-server-bc:8888:org.springframework.web.client.ResourceAccessException: I/O error on GET request for "http://config-server-bc:8888/yanki-service/local": config-server-bc. Will be trying the next url if available 
2025-04-22 12:54:00-854 [main] WARN  o.s.c.c.c.ConfigServerConfigDataLoader - Could not locate PropertySource ([ConfigServerConfigDataResource@332fa1c uris = array<String>['http://config-server-bc:8888'], optional = true, profiles = 'local']): I/O error on GET request for "http://config-server-bc:8888/yanki-service/local": config-server-bc 
2025-04-22 12:54:00-854 [main] INFO  o.s.c.c.c.ConfigServerConfigDataLoader - Fetching config from server at : http://config-server-bc:8888 
2025-04-22 12:54:00-854 [main] INFO  o.s.c.c.c.ConfigServerConfigDataLoader - Exception on Url - http://config-server-bc:8888:org.springframework.web.client.ResourceAccessException: I/O error on GET request for "http://config-server-bc:8888/yanki-service/default": config-server-bc. Will be trying the next url if available 
2025-04-22 12:54:00-855 [main] WARN  o.s.c.c.c.ConfigServerConfigDataLoader - Could not locate PropertySource ([ConfigServerConfigDataResource@7c200e57 uris = array<String>['http://config-server-bc:8888'], optional = true, profiles = 'default']): I/O error on GET request for "http://config-server-bc:8888/yanki-service/default": config-server-bc 
2025-04-22 12:54:02-450 [main] INFO  o.s.cloud.context.scope.GenericScope - BeanFactory id=76c9ff18-fcf6-30d2-a65d-ffa2c4728505 
2025-04-22 12:54:03-431 [main] INFO  o.s.v.b.OptionalValidatorFactoryBean - Failed to set up a Bean Validation provider: jakarta.validation.NoProviderFoundException: Unable to create a Configuration, because no Jakarta Bean Validation provider could be found. Add a provider like Hibernate Validator (RI) to your classpath. 
2025-04-22 12:54:04-972 [main] INFO  o.s.b.a.e.web.EndpointLinksResolver - Exposing 2 endpoints beneath base path '/actuator' 
2025-04-22 12:54:06-202 [main] INFO  org.mongodb.driver.client - MongoClient with metadata {"driver": {"name": "mongo-java-driver|reactive-streams|spring-boot", "version": "5.2.1"}, "os": {"type": "Windows", "name": "Windows 10", "architecture": "amd64", "version": "10.0"}, "platform": "Java/Oracle Corporation/17.0.12+8-LTS-286"} created with settings MongoClientSettings{readPreference=primary, writeConcern=WriteConcern{w=null, wTimeout=null ms, journal=null}, retryWrites=true, retryReads=true, readConcern=ReadConcern{level=null}, credential=null, transportSettings=NettyTransportSettings{eventLoopGroup=io.netty.channel.nio.NioEventLoopGroup@5e2c19df, socketChannelClass=null, allocator=null, sslContext=null}, commandListeners=[io.micrometer.core.instrument.binder.mongodb.MongoMetricsCommandListener@49ecd74f], codecRegistry=ProvidersCodecRegistry{codecProviders=[ValueCodecProvider{}, BsonValueCodecProvider{}, DBRefCodecProvider{}, DBObjectCodecProvider{}, DocumentCodecProvider{}, CollectionCodecProvider{}, IterableCodecProvider{}, MapCodecProvider{}, GeoJsonCodecProvider{}, GridFSFileCodecProvider{}, Jsr310CodecProvider{}, JsonObjectCodecProvider{}, BsonCodecProvider{}, EnumCodecProvider{}, com.mongodb.client.model.mql.ExpressionCodecProvider@75345061, com.mongodb.Jep395RecordCodecProvider@4f99290b, com.mongodb.KotlinCodecProvider@71c523c6]}, loggerSettings=LoggerSettings{maxDocumentLength=1000}, clusterSettings={hosts=[localhost:27017], srvServiceName=mongodb, mode=SINGLE, requiredClusterType=UNKNOWN, requiredReplicaSetName='null', serverSelector='null', clusterListeners='[]', serverSelectionTimeout='30000 ms', localThreshold='15 ms'}, socketSettings=SocketSettings{connectTimeoutMS=10000, readTimeoutMS=0, receiveBufferSize=0, proxySettings=ProxySettings{host=null, port=null, username=null, password=null}}, heartbeatSocketSettings=SocketSettings{connectTimeoutMS=10000, readTimeoutMS=10000, receiveBufferSize=0, proxySettings=ProxySettings{host=null, port=null, username=null, password=null}}, connectionPoolSettings=ConnectionPoolSettings{maxSize=100, minSize=0, maxWaitTimeMS=120000, maxConnectionLifeTimeMS=0, maxConnectionIdleTimeMS=0, maintenanceInitialDelayMS=0, maintenanceFrequencyMS=60000, connectionPoolListeners=[io.micrometer.core.instrument.binder.mongodb.MongoMetricsConnectionPoolListener@5e3cc41e], maxConnecting=2}, serverSettings=ServerSettings{heartbeatFrequencyMS=10000, minHeartbeatFrequencyMS=500, serverMonitoringMode=AUTO, serverListeners='[]', serverMonitorListeners='[]'}, sslSettings=SslSettings{enabled=false, invalidHostNameAllowed=false, context=null}, applicationName='null', compressorList=[], uuidRepresentation=JAVA_LEGACY, serverApi=null, autoEncryptionSettings=null, dnsClient=null, inetAddressResolver=null, contextProvider=null, timeoutMS=null} 
2025-04-22 12:54:06-415 [cluster-ClusterId{value='6807d7be45fca17eb8911f4d', description='null'}-localhost:27017] INFO  org.mongodb.driver.cluster - Monitor thread successfully connected to server with description ServerDescription{address=localhost:27017, type=STANDALONE, cryptd=false, state=CONNECTED, ok=true, minWireVersion=0, maxWireVersion=25, maxDocumentSize=16777216, logicalSessionTimeoutMinutes=30, roundTripTimeNanos=102820400, minRoundTripTimeNanos=0} 
2025-04-22 12:54:06-458 [main] INFO  o.s.c.n.e.c.DiscoveryClientOptionalArgsConfiguration - Eureka HTTP Client uses RestTemplate. 
2025-04-22 12:54:06-552 [main] WARN  o.s.c.l.c.LoadBalancerCacheAutoConfiguration$LoadBalancerCaffeineWarnLogger - Spring Cloud LoadBalancer is currently working with the default cache. While this cache implementation is useful for development and tests, it's recommended to use Caffeine cache in production.You can switch to using Caffeine cache, by adding it and org.springframework.cache.caffeine.CaffeineCacheManager to the classpath. 
2025-04-22 12:54:06-667 [main] INFO  o.s.c.n.eureka.InstanceInfoFactory - Setting initial instance status as: STARTING 
2025-04-22 12:54:06-720 [main] INFO  c.netflix.discovery.DiscoveryClient - Initializing Eureka in region us-east-1 
2025-04-22 12:54:06-729 [main] INFO  c.n.d.s.r.aws.ConfigClusterResolver - Resolving eureka endpoints via configuration 
2025-04-22 12:54:06-744 [main] INFO  c.netflix.discovery.DiscoveryClient - Disable delta property : false 
2025-04-22 12:54:06-744 [main] INFO  c.netflix.discovery.DiscoveryClient - Single vip registry refresh property : null 
2025-04-22 12:54:06-745 [main] INFO  c.netflix.discovery.DiscoveryClient - Force full registry fetch : false 
2025-04-22 12:54:06-745 [main] INFO  c.netflix.discovery.DiscoveryClient - Application is null : false 
2025-04-22 12:54:06-745 [main] INFO  c.netflix.discovery.DiscoveryClient - Registered Applications size is zero : true 
2025-04-22 12:54:06-745 [main] INFO  c.netflix.discovery.DiscoveryClient - Application version is -1: true 
2025-04-22 12:54:06-745 [main] INFO  c.netflix.discovery.DiscoveryClient - Getting all instance registry info from the eureka server 
2025-04-22 12:54:07-169 [main] INFO  c.netflix.discovery.DiscoveryClient - The response status is 200 
2025-04-22 12:54:07-174 [main] INFO  c.netflix.discovery.DiscoveryClient - Starting heartbeat executor: renew interval is: 30 
2025-04-22 12:54:07-178 [main] INFO  c.n.discovery.InstanceInfoReplicator - InstanceInfoReplicator onDemand update allowed rate per min is 4 
2025-04-22 12:54:07-182 [main] INFO  c.netflix.discovery.DiscoveryClient - Discovery Client initialized at timestamp 1745344447181 with initial instances count: 8 
2025-04-22 12:54:07-187 [main] INFO  o.s.c.n.e.s.EurekaServiceRegistry - Registering application YANKI-SERVICE with eureka with status UP 
2025-04-22 12:54:07-189 [main] INFO  c.netflix.discovery.DiscoveryClient - Saw local status change event StatusChangeEvent [timestamp=1745344447189, current=UP, previous=STARTING] 
2025-04-22 12:54:07-192 [DiscoveryClient-InstanceInfoReplicator-%d] INFO  c.netflix.discovery.DiscoveryClient - DiscoveryClient_YANKI-SERVICE/yanki-service:9494: registering service... 
2025-04-22 12:54:07-212 [main] INFO  c.y.s.YankiServiceApplicationTests - Started YankiServiceApplicationTests in 8.735 seconds (process running for 11.988) 
2025-04-22 12:54:07-261 [DiscoveryClient-InstanceInfoReplicator-%d] INFO  c.netflix.discovery.DiscoveryClient - DiscoveryClient_YANKI-SERVICE/yanki-service:9494 - registration status: 204 
2025-04-22 12:54:08-261 [SpringApplicationShutdownHook] INFO  o.s.c.n.e.s.EurekaServiceRegistry - Unregistering application YANKI-SERVICE with eureka with status DOWN 
2025-04-22 12:54:08-262 [SpringApplicationShutdownHook] INFO  c.netflix.discovery.DiscoveryClient - Saw local status change event StatusChangeEvent [timestamp=1745344448262, current=DOWN, previous=UP] 
2025-04-22 12:54:08-262 [DiscoveryClient-InstanceInfoReplicator-%d] INFO  c.netflix.discovery.DiscoveryClient - DiscoveryClient_YANKI-SERVICE/yanki-service:9494: registering service... 
2025-04-22 12:54:08-268 [DiscoveryClient-InstanceInfoReplicator-%d] INFO  c.netflix.discovery.DiscoveryClient - DiscoveryClient_YANKI-SERVICE/yanki-service:9494 - registration status: 204 
2025-04-22 12:54:10-723 [SpringApplicationShutdownHook] INFO  c.netflix.discovery.DiscoveryClient - Shutting down DiscoveryClient ... 
2025-04-22 12:54:13-725 [SpringApplicationShutdownHook] INFO  c.netflix.discovery.DiscoveryClient - Unregistering ... 
2025-04-22 12:54:13-744 [SpringApplicationShutdownHook] INFO  c.netflix.discovery.DiscoveryClient - DiscoveryClient_YANKI-SERVICE/yanki-service:9494 - deregister  status: 200 
2025-04-22 12:54:13-745 [SpringApplicationShutdownHook] INFO  c.netflix.discovery.DiscoveryClient - Completed shut down of DiscoveryClient 
2025-04-22 14:09:40-750 [main] INFO  o.s.t.c.s.AnnotationConfigContextLoaderUtils - Could not detect default configuration classes for test class [com.yanki.service.YankiServiceApplicationTests]: YankiServiceApplicationTests does not declare any static, non-private, non-final, nested classes annotated with @Configuration. 
2025-04-22 14:09:41-139 [main] INFO  o.s.b.t.c.SpringBootTestContextBootstrapper - Found @SpringBootConfiguration com.yanki.service.YankiServiceApplication for test class com.yanki.service.YankiServiceApplicationTests 
2025-04-22 14:09:44-376 [main] INFO  c.y.s.YankiServiceApplicationTests - Starting YankiServiceApplicationTests using Java 17.0.12 with PID 19228 (started by mgarcsar in C:\Users\mgarcsar\Documents\Bootcamp\etregables\Yanki\yanki-service) 
2025-04-22 14:09:44-377 [main] INFO  c.y.s.YankiServiceApplicationTests - The following 1 profile is active: "local" 
2025-04-22 14:09:44-426 [main] INFO  o.s.c.c.c.ConfigServerConfigDataLoader - Fetching config from server at : http://config-server-bc:8888 
2025-04-22 14:09:44-426 [main] INFO  o.s.c.c.c.ConfigServerConfigDataLoader - Exception on Url - http://config-server-bc:8888:org.springframework.web.client.ResourceAccessException: I/O error on GET request for "http://config-server-bc:8888/yanki-service/default": config-server-bc. Will be trying the next url if available 
2025-04-22 14:09:44-426 [main] WARN  o.s.c.c.c.ConfigServerConfigDataLoader - Could not locate PropertySource ([ConfigServerConfigDataResource@4cddc036 uris = array<String>['http://config-server-bc:8888'], optional = true, profiles = 'default']): I/O error on GET request for "http://config-server-bc:8888/yanki-service/default": config-server-bc 
2025-04-22 14:09:44-426 [main] INFO  o.s.c.c.c.ConfigServerConfigDataLoader - Fetching config from server at : http://config-server-bc:8888 
2025-04-22 14:09:44-426 [main] INFO  o.s.c.c.c.ConfigServerConfigDataLoader - Exception on Url - http://config-server-bc:8888:org.springframework.web.client.ResourceAccessException: I/O error on GET request for "http://config-server-bc:8888/yanki-service/local": config-server-bc. Will be trying the next url if available 
2025-04-22 14:09:44-426 [main] WARN  o.s.c.c.c.ConfigServerConfigDataLoader - Could not locate PropertySource ([ConfigServerConfigDataResource@332fa1c uris = array<String>['http://config-server-bc:8888'], optional = true, profiles = 'local']): I/O error on GET request for "http://config-server-bc:8888/yanki-service/local": config-server-bc 
2025-04-22 14:09:44-427 [main] INFO  o.s.c.c.c.ConfigServerConfigDataLoader - Fetching config from server at : http://config-server-bc:8888 
2025-04-22 14:09:44-427 [main] INFO  o.s.c.c.c.ConfigServerConfigDataLoader - Exception on Url - http://config-server-bc:8888:org.springframework.web.client.ResourceAccessException: I/O error on GET request for "http://config-server-bc:8888/yanki-service/default": config-server-bc. Will be trying the next url if available 
2025-04-22 14:09:44-427 [main] WARN  o.s.c.c.c.ConfigServerConfigDataLoader - Could not locate PropertySource ([ConfigServerConfigDataResource@7c200e57 uris = array<String>['http://config-server-bc:8888'], optional = true, profiles = 'default']): I/O error on GET request for "http://config-server-bc:8888/yanki-service/default": config-server-bc 
2025-04-22 14:09:46-284 [main] INFO  o.s.cloud.context.scope.GenericScope - BeanFactory id=76c9ff18-fcf6-30d2-a65d-ffa2c4728505 
2025-04-22 14:09:47-366 [main] INFO  o.s.v.b.OptionalValidatorFactoryBean - Failed to set up a Bean Validation provider: jakarta.validation.NoProviderFoundException: Unable to create a Configuration, because no Jakarta Bean Validation provider could be found. Add a provider like Hibernate Validator (RI) to your classpath. 
2025-04-22 14:09:48-908 [main] INFO  o.s.b.a.e.web.EndpointLinksResolver - Exposing 2 endpoints beneath base path '/actuator' 
2025-04-22 14:09:50-255 [main] INFO  org.mongodb.driver.client - MongoClient with metadata {"driver": {"name": "mongo-java-driver|reactive-streams|spring-boot", "version": "5.2.1"}, "os": {"type": "Windows", "name": "Windows 10", "architecture": "amd64", "version": "10.0"}, "platform": "Java/Oracle Corporation/17.0.12+8-LTS-286"} created with settings MongoClientSettings{readPreference=primary, writeConcern=WriteConcern{w=null, wTimeout=null ms, journal=null}, retryWrites=true, retryReads=true, readConcern=ReadConcern{level=null}, credential=null, transportSettings=NettyTransportSettings{eventLoopGroup=io.netty.channel.nio.NioEventLoopGroup@5adca23c, socketChannelClass=null, allocator=null, sslContext=null}, commandListeners=[io.micrometer.core.instrument.binder.mongodb.MongoMetricsCommandListener@7d6ac487], codecRegistry=ProvidersCodecRegistry{codecProviders=[ValueCodecProvider{}, BsonValueCodecProvider{}, DBRefCodecProvider{}, DBObjectCodecProvider{}, DocumentCodecProvider{}, CollectionCodecProvider{}, IterableCodecProvider{}, MapCodecProvider{}, GeoJsonCodecProvider{}, GridFSFileCodecProvider{}, Jsr310CodecProvider{}, JsonObjectCodecProvider{}, BsonCodecProvider{}, EnumCodecProvider{}, com.mongodb.client.model.mql.ExpressionCodecProvider@1a9d5a73, com.mongodb.Jep395RecordCodecProvider@3a05ba57, com.mongodb.KotlinCodecProvider@5773269]}, loggerSettings=LoggerSettings{maxDocumentLength=1000}, clusterSettings={hosts=[localhost:27017], srvServiceName=mongodb, mode=SINGLE, requiredClusterType=UNKNOWN, requiredReplicaSetName='null', serverSelector='null', clusterListeners='[]', serverSelectionTimeout='30000 ms', localThreshold='15 ms'}, socketSettings=SocketSettings{connectTimeoutMS=10000, readTimeoutMS=0, receiveBufferSize=0, proxySettings=ProxySettings{host=null, port=null, username=null, password=null}}, heartbeatSocketSettings=SocketSettings{connectTimeoutMS=10000, readTimeoutMS=10000, receiveBufferSize=0, proxySettings=ProxySettings{host=null, port=null, username=null, password=null}}, connectionPoolSettings=ConnectionPoolSettings{maxSize=100, minSize=0, maxWaitTimeMS=120000, maxConnectionLifeTimeMS=0, maxConnectionIdleTimeMS=0, maintenanceInitialDelayMS=0, maintenanceFrequencyMS=60000, connectionPoolListeners=[io.micrometer.core.instrument.binder.mongodb.MongoMetricsConnectionPoolListener@2e9290bc], maxConnecting=2}, serverSettings=ServerSettings{heartbeatFrequencyMS=10000, minHeartbeatFrequencyMS=500, serverMonitoringMode=AUTO, serverListeners='[]', serverMonitorListeners='[]'}, sslSettings=SslSettings{enabled=false, invalidHostNameAllowed=false, context=null}, applicationName='null', compressorList=[], uuidRepresentation=JAVA_LEGACY, serverApi=null, autoEncryptionSettings=null, dnsClient=null, inetAddressResolver=null, contextProvider=null, timeoutMS=null} 
2025-04-22 14:09:50-456 [cluster-ClusterId{value='6807e97e2a12c5205f6353ef', description='null'}-localhost:27017] INFO  org.mongodb.driver.cluster - Monitor thread successfully connected to server with description ServerDescription{address=localhost:27017, type=STANDALONE, cryptd=false, state=CONNECTED, ok=true, minWireVersion=0, maxWireVersion=25, maxDocumentSize=16777216, logicalSessionTimeoutMinutes=30, roundTripTimeNanos=82821300, minRoundTripTimeNanos=0} 
2025-04-22 14:09:50-481 [main] INFO  o.s.c.n.e.c.DiscoveryClientOptionalArgsConfiguration - Eureka HTTP Client uses RestTemplate. 
2025-04-22 14:09:50-556 [main] WARN  o.s.c.l.c.LoadBalancerCacheAutoConfiguration$LoadBalancerCaffeineWarnLogger - Spring Cloud LoadBalancer is currently working with the default cache. While this cache implementation is useful for development and tests, it's recommended to use Caffeine cache in production.You can switch to using Caffeine cache, by adding it and org.springframework.cache.caffeine.CaffeineCacheManager to the classpath. 
2025-04-22 14:09:50-637 [main] INFO  o.s.c.n.eureka.InstanceInfoFactory - Setting initial instance status as: STARTING 
2025-04-22 14:09:50-684 [main] INFO  c.netflix.discovery.DiscoveryClient - Initializing Eureka in region us-east-1 
2025-04-22 14:09:50-691 [main] INFO  c.n.d.s.r.aws.ConfigClusterResolver - Resolving eureka endpoints via configuration 
2025-04-22 14:09:50-709 [main] INFO  c.netflix.discovery.DiscoveryClient - Disable delta property : false 
2025-04-22 14:09:50-710 [main] INFO  c.netflix.discovery.DiscoveryClient - Single vip registry refresh property : null 
2025-04-22 14:09:50-710 [main] INFO  c.netflix.discovery.DiscoveryClient - Force full registry fetch : false 
2025-04-22 14:09:50-711 [main] INFO  c.netflix.discovery.DiscoveryClient - Application is null : false 
2025-04-22 14:09:50-711 [main] INFO  c.netflix.discovery.DiscoveryClient - Registered Applications size is zero : true 
2025-04-22 14:09:50-711 [main] INFO  c.netflix.discovery.DiscoveryClient - Application version is -1: true 
2025-04-22 14:09:50-711 [main] INFO  c.netflix.discovery.DiscoveryClient - Getting all instance registry info from the eureka server 
2025-04-22 14:09:51-143 [main] INFO  c.netflix.discovery.DiscoveryClient - The response status is 200 
2025-04-22 14:09:51-146 [main] INFO  c.netflix.discovery.DiscoveryClient - Starting heartbeat executor: renew interval is: 30 
2025-04-22 14:09:51-150 [main] INFO  c.n.discovery.InstanceInfoReplicator - InstanceInfoReplicator onDemand update allowed rate per min is 4 
2025-04-22 14:09:51-152 [main] INFO  c.netflix.discovery.DiscoveryClient - Discovery Client initialized at timestamp 1745348991152 with initial instances count: 8 
2025-04-22 14:09:51-156 [main] INFO  o.s.c.n.e.s.EurekaServiceRegistry - Registering application YANKI-SERVICE with eureka with status UP 
2025-04-22 14:09:51-157 [main] INFO  c.netflix.discovery.DiscoveryClient - Saw local status change event StatusChangeEvent [timestamp=1745348991157, current=UP, previous=STARTING] 
2025-04-22 14:09:51-159 [DiscoveryClient-InstanceInfoReplicator-%d] INFO  c.netflix.discovery.DiscoveryClient - DiscoveryClient_YANKI-SERVICE/yanki-service:9494: registering service... 
2025-04-22 14:09:51-173 [main] INFO  c.y.s.YankiServiceApplicationTests - Started YankiServiceApplicationTests in 9.414 seconds (process running for 12.094) 
2025-04-22 14:09:51-228 [DiscoveryClient-InstanceInfoReplicator-%d] INFO  c.netflix.discovery.DiscoveryClient - DiscoveryClient_YANKI-SERVICE/yanki-service:9494 - registration status: 204 
2025-04-22 14:09:52-167 [SpringApplicationShutdownHook] INFO  o.s.c.n.e.s.EurekaServiceRegistry - Unregistering application YANKI-SERVICE with eureka with status DOWN 
2025-04-22 14:09:52-167 [SpringApplicationShutdownHook] INFO  c.netflix.discovery.DiscoveryClient - Saw local status change event StatusChangeEvent [timestamp=1745348992167, current=DOWN, previous=UP] 
2025-04-22 14:09:52-168 [DiscoveryClient-InstanceInfoReplicator-%d] INFO  c.netflix.discovery.DiscoveryClient - DiscoveryClient_YANKI-SERVICE/yanki-service:9494: registering service... 
2025-04-22 14:09:52-175 [DiscoveryClient-InstanceInfoReplicator-%d] INFO  c.netflix.discovery.DiscoveryClient - DiscoveryClient_YANKI-SERVICE/yanki-service:9494 - registration status: 204 
2025-04-22 14:09:54-602 [SpringApplicationShutdownHook] INFO  c.netflix.discovery.DiscoveryClient - Shutting down DiscoveryClient ... 
2025-04-22 14:09:57-618 [SpringApplicationShutdownHook] INFO  c.netflix.discovery.DiscoveryClient - Unregistering ... 
2025-04-22 14:09:57-642 [SpringApplicationShutdownHook] INFO  c.netflix.discovery.DiscoveryClient - DiscoveryClient_YANKI-SERVICE/yanki-service:9494 - deregister  status: 200 
2025-04-22 14:09:57-642 [SpringApplicationShutdownHook] INFO  c.netflix.discovery.DiscoveryClient - Completed shut down of DiscoveryClient 
2025-04-22 14:17:23-243 [main] INFO  o.s.t.c.s.AnnotationConfigContextLoaderUtils - Could not detect default configuration classes for test class [com.yanki.service.YankiServiceApplicationTests]: YankiServiceApplicationTests does not declare any static, non-private, non-final, nested classes annotated with @Configuration. 
2025-04-22 14:17:23-514 [main] INFO  o.s.b.t.c.SpringBootTestContextBootstrapper - Found @SpringBootConfiguration com.yanki.service.YankiServiceApplication for test class com.yanki.service.YankiServiceApplicationTests 
2025-04-22 14:17:26-473 [main] INFO  c.y.s.YankiServiceApplicationTests - Starting YankiServiceApplicationTests using Java 17.0.12 with PID 17268 (started by mgarcsar in C:\Users\mgarcsar\Documents\Bootcamp\etregables\Yanki\yanki-service) 
2025-04-22 14:17:26-474 [main] INFO  c.y.s.YankiServiceApplicationTests - The following 1 profile is active: "local" 
2025-04-22 14:17:26-532 [main] INFO  o.s.c.c.c.ConfigServerConfigDataLoader - Fetching config from server at : http://config-server-bc:8888 
2025-04-22 14:17:26-532 [main] INFO  o.s.c.c.c.ConfigServerConfigDataLoader - Exception on Url - http://config-server-bc:8888:org.springframework.web.client.ResourceAccessException: I/O error on GET request for "http://config-server-bc:8888/yanki-service/default": config-server-bc. Will be trying the next url if available 
2025-04-22 14:17:26-533 [main] WARN  o.s.c.c.c.ConfigServerConfigDataLoader - Could not locate PropertySource ([ConfigServerConfigDataResource@4cddc036 uris = array<String>['http://config-server-bc:8888'], optional = true, profiles = 'default']): I/O error on GET request for "http://config-server-bc:8888/yanki-service/default": config-server-bc 
2025-04-22 14:17:26-533 [main] INFO  o.s.c.c.c.ConfigServerConfigDataLoader - Fetching config from server at : http://config-server-bc:8888 
2025-04-22 14:17:26-533 [main] INFO  o.s.c.c.c.ConfigServerConfigDataLoader - Exception on Url - http://config-server-bc:8888:org.springframework.web.client.ResourceAccessException: I/O error on GET request for "http://config-server-bc:8888/yanki-service/local": config-server-bc. Will be trying the next url if available 
2025-04-22 14:17:26-533 [main] WARN  o.s.c.c.c.ConfigServerConfigDataLoader - Could not locate PropertySource ([ConfigServerConfigDataResource@332fa1c uris = array<String>['http://config-server-bc:8888'], optional = true, profiles = 'local']): I/O error on GET request for "http://config-server-bc:8888/yanki-service/local": config-server-bc 
2025-04-22 14:17:26-534 [main] INFO  o.s.c.c.c.ConfigServerConfigDataLoader - Fetching config from server at : http://config-server-bc:8888 
2025-04-22 14:17:26-534 [main] INFO  o.s.c.c.c.ConfigServerConfigDataLoader - Exception on Url - http://config-server-bc:8888:org.springframework.web.client.ResourceAccessException: I/O error on GET request for "http://config-server-bc:8888/yanki-service/default": config-server-bc. Will be trying the next url if available 
2025-04-22 14:17:26-534 [main] WARN  o.s.c.c.c.ConfigServerConfigDataLoader - Could not locate PropertySource ([ConfigServerConfigDataResource@7c200e57 uris = array<String>['http://config-server-bc:8888'], optional = true, profiles = 'default']): I/O error on GET request for "http://config-server-bc:8888/yanki-service/default": config-server-bc 
2025-04-22 14:17:28-188 [main] INFO  o.s.cloud.context.scope.GenericScope - BeanFactory id=76c9ff18-fcf6-30d2-a65d-ffa2c4728505 
2025-04-22 14:17:29-415 [main] INFO  o.s.v.b.OptionalValidatorFactoryBean - Failed to set up a Bean Validation provider: jakarta.validation.NoProviderFoundException: Unable to create a Configuration, because no Jakarta Bean Validation provider could be found. Add a provider like Hibernate Validator (RI) to your classpath. 
2025-04-22 14:17:31-392 [main] INFO  o.s.b.a.e.web.EndpointLinksResolver - Exposing 2 endpoints beneath base path '/actuator' 
2025-04-22 14:17:32-964 [main] INFO  org.mongodb.driver.client - MongoClient with metadata {"driver": {"name": "mongo-java-driver|reactive-streams|spring-boot", "version": "5.2.1"}, "os": {"type": "Windows", "name": "Windows 10", "architecture": "amd64", "version": "10.0"}, "platform": "Java/Oracle Corporation/17.0.12+8-LTS-286"} created with settings MongoClientSettings{readPreference=primary, writeConcern=WriteConcern{w=null, wTimeout=null ms, journal=null}, retryWrites=true, retryReads=true, readConcern=ReadConcern{level=null}, credential=null, transportSettings=NettyTransportSettings{eventLoopGroup=io.netty.channel.nio.NioEventLoopGroup@5adca23c, socketChannelClass=null, allocator=null, sslContext=null}, commandListeners=[io.micrometer.core.instrument.binder.mongodb.MongoMetricsCommandListener@7d6ac487], codecRegistry=ProvidersCodecRegistry{codecProviders=[ValueCodecProvider{}, BsonValueCodecProvider{}, DBRefCodecProvider{}, DBObjectCodecProvider{}, DocumentCodecProvider{}, CollectionCodecProvider{}, IterableCodecProvider{}, MapCodecProvider{}, GeoJsonCodecProvider{}, GridFSFileCodecProvider{}, Jsr310CodecProvider{}, JsonObjectCodecProvider{}, BsonCodecProvider{}, EnumCodecProvider{}, com.mongodb.client.model.mql.ExpressionCodecProvider@1a9d5a73, com.mongodb.Jep395RecordCodecProvider@3a05ba57, com.mongodb.KotlinCodecProvider@5773269]}, loggerSettings=LoggerSettings{maxDocumentLength=1000}, clusterSettings={hosts=[localhost:27017], srvServiceName=mongodb, mode=SINGLE, requiredClusterType=UNKNOWN, requiredReplicaSetName='null', serverSelector='null', clusterListeners='[]', serverSelectionTimeout='30000 ms', localThreshold='15 ms'}, socketSettings=SocketSettings{connectTimeoutMS=10000, readTimeoutMS=0, receiveBufferSize=0, proxySettings=ProxySettings{host=null, port=null, username=null, password=null}}, heartbeatSocketSettings=SocketSettings{connectTimeoutMS=10000, readTimeoutMS=10000, receiveBufferSize=0, proxySettings=ProxySettings{host=null, port=null, username=null, password=null}}, connectionPoolSettings=ConnectionPoolSettings{maxSize=100, minSize=0, maxWaitTimeMS=120000, maxConnectionLifeTimeMS=0, maxConnectionIdleTimeMS=0, maintenanceInitialDelayMS=0, maintenanceFrequencyMS=60000, connectionPoolListeners=[io.micrometer.core.instrument.binder.mongodb.MongoMetricsConnectionPoolListener@2e9290bc], maxConnecting=2}, serverSettings=ServerSettings{heartbeatFrequencyMS=10000, minHeartbeatFrequencyMS=500, serverMonitoringMode=AUTO, serverListeners='[]', serverMonitorListeners='[]'}, sslSettings=SslSettings{enabled=false, invalidHostNameAllowed=false, context=null}, applicationName='null', compressorList=[], uuidRepresentation=JAVA_LEGACY, serverApi=null, autoEncryptionSettings=null, dnsClient=null, inetAddressResolver=null, contextProvider=null, timeoutMS=null} 
2025-04-22 14:17:33-177 [cluster-ClusterId{value='6807eb4c482fe41057087c30', description='null'}-localhost:27017] INFO  org.mongodb.driver.cluster - Monitor thread successfully connected to server with description ServerDescription{address=localhost:27017, type=STANDALONE, cryptd=false, state=CONNECTED, ok=true, minWireVersion=0, maxWireVersion=25, maxDocumentSize=16777216, logicalSessionTimeoutMinutes=30, roundTripTimeNanos=101898200, minRoundTripTimeNanos=0} 
2025-04-22 14:17:33-199 [main] INFO  o.s.c.n.e.c.DiscoveryClientOptionalArgsConfiguration - Eureka HTTP Client uses RestTemplate. 
2025-04-22 14:17:33-281 [main] WARN  o.s.c.l.c.LoadBalancerCacheAutoConfiguration$LoadBalancerCaffeineWarnLogger - Spring Cloud LoadBalancer is currently working with the default cache. While this cache implementation is useful for development and tests, it's recommended to use Caffeine cache in production.You can switch to using Caffeine cache, by adding it and org.springframework.cache.caffeine.CaffeineCacheManager to the classpath. 
2025-04-22 14:17:33-365 [main] INFO  o.s.c.n.eureka.InstanceInfoFactory - Setting initial instance status as: STARTING 
2025-04-22 14:17:33-400 [main] INFO  c.netflix.discovery.DiscoveryClient - Initializing Eureka in region us-east-1 
2025-04-22 14:17:33-411 [main] INFO  c.n.d.s.r.aws.ConfigClusterResolver - Resolving eureka endpoints via configuration 
2025-04-22 14:17:33-424 [main] INFO  c.netflix.discovery.DiscoveryClient - Disable delta property : false 
2025-04-22 14:17:33-424 [main] INFO  c.netflix.discovery.DiscoveryClient - Single vip registry refresh property : null 
2025-04-22 14:17:33-424 [main] INFO  c.netflix.discovery.DiscoveryClient - Force full registry fetch : false 
2025-04-22 14:17:33-425 [main] INFO  c.netflix.discovery.DiscoveryClient - Application is null : false 
2025-04-22 14:17:33-425 [main] INFO  c.netflix.discovery.DiscoveryClient - Registered Applications size is zero : true 
2025-04-22 14:17:33-425 [main] INFO  c.netflix.discovery.DiscoveryClient - Application version is -1: true 
2025-04-22 14:17:33-425 [main] INFO  c.netflix.discovery.DiscoveryClient - Getting all instance registry info from the eureka server 
2025-04-22 14:17:33-793 [main] INFO  c.netflix.discovery.DiscoveryClient - The response status is 200 
2025-04-22 14:17:33-795 [main] INFO  c.netflix.discovery.DiscoveryClient - Starting heartbeat executor: renew interval is: 30 
2025-04-22 14:17:33-798 [main] INFO  c.n.discovery.InstanceInfoReplicator - InstanceInfoReplicator onDemand update allowed rate per min is 4 
2025-04-22 14:17:33-800 [main] INFO  c.netflix.discovery.DiscoveryClient - Discovery Client initialized at timestamp 1745349453799 with initial instances count: 8 
2025-04-22 14:17:33-803 [main] INFO  o.s.c.n.e.s.EurekaServiceRegistry - Registering application YANKI-SERVICE with eureka with status UP 
2025-04-22 14:17:33-804 [main] INFO  c.netflix.discovery.DiscoveryClient - Saw local status change event StatusChangeEvent [timestamp=1745349453804, current=UP, previous=STARTING] 
2025-04-22 14:17:33-807 [DiscoveryClient-InstanceInfoReplicator-%d] INFO  c.netflix.discovery.DiscoveryClient - DiscoveryClient_YANKI-SERVICE/yanki-service:9494: registering service... 
2025-04-22 14:17:33-827 [main] INFO  c.y.s.YankiServiceApplicationTests - Started YankiServiceApplicationTests in 9.816 seconds (process running for 12.313) 
2025-04-22 14:17:33-887 [DiscoveryClient-InstanceInfoReplicator-%d] INFO  c.netflix.discovery.DiscoveryClient - DiscoveryClient_YANKI-SERVICE/yanki-service:9494 - registration status: 204 
2025-04-22 14:17:34-778 [SpringApplicationShutdownHook] INFO  o.s.c.n.e.s.EurekaServiceRegistry - Unregistering application YANKI-SERVICE with eureka with status DOWN 
2025-04-22 14:17:34-779 [SpringApplicationShutdownHook] INFO  c.netflix.discovery.DiscoveryClient - Saw local status change event StatusChangeEvent [timestamp=1745349454779, current=DOWN, previous=UP] 
2025-04-22 14:17:34-779 [DiscoveryClient-InstanceInfoReplicator-%d] INFO  c.netflix.discovery.DiscoveryClient - DiscoveryClient_YANKI-SERVICE/yanki-service:9494: registering service... 
2025-04-22 14:17:34-787 [DiscoveryClient-InstanceInfoReplicator-%d] INFO  c.netflix.discovery.DiscoveryClient - DiscoveryClient_YANKI-SERVICE/yanki-service:9494 - registration status: 204 
2025-04-22 14:17:37-226 [SpringApplicationShutdownHook] INFO  c.netflix.discovery.DiscoveryClient - Shutting down DiscoveryClient ... 
2025-04-22 14:17:40-234 [SpringApplicationShutdownHook] INFO  c.netflix.discovery.DiscoveryClient - Unregistering ... 
2025-04-22 14:17:40-253 [SpringApplicationShutdownHook] INFO  c.netflix.discovery.DiscoveryClient - DiscoveryClient_YANKI-SERVICE/yanki-service:9494 - deregister  status: 200 
2025-04-22 14:17:40-254 [SpringApplicationShutdownHook] INFO  c.netflix.discovery.DiscoveryClient - Completed shut down of DiscoveryClient 
